Component: ARM Compiler 5.05 update 1 (build 106) Tool: armlink [4d0efa]

==============================================================================

Section Cross References

    main.o(i.main) refers to stm32f4xx_hal.o(i.HAL_Init) for HAL_Init
    main.o(i.main) refers to sys.o(i.Stm32_Clock_Init) for Stm32_Clock_Init
    main.o(i.main) refers to stm32f4xx_hal_rcc.o(i.HAL_RCC_GetHCLKFreq) for HAL_RCC_GetHCLKFreq
    main.o(i.main) refers to stm32f4xx_hal_cortex.o(i.HAL_SYSTICK_Config) for HAL_SYSTICK_Config
    main.o(i.main) refers to sx12xxeiger.o(i.BoardInit) for BoardInit
    main.o(i.main) refers to timer.o(i.TIM3_Init) for TIM3_Init
    main.o(i.main) refers to usart.o(i.uart_init) for uart_init
    main.o(i.main) refers to delay.o(i.delay_init) for delay_init
    main.o(i.main) refers to delay.o(i.delay_ms) for delay_ms
    main.o(i.main) refers to noretval__2printf.o(.text) for __2printf
    stm32f4xx_it.o(i.SysTick_Handler) refers to stm32f4xx_hal.o(i.HAL_IncTick) for HAL_IncTick
    system_stm32f4xx.o(i.SystemCoreClockUpdate) refers to system_stm32f4xx.o(.data) for .data
    system_stm32f4xx.o(i.SystemCoreClockUpdate) refers to system_stm32f4xx.o(.constdata) for .constdata
    startup_stm32f407xx.o(STACK) refers (Special) to heapauxi.o(.text) for __use_two_region_memory
    startup_stm32f407xx.o(HEAP) refers (Special) to heapauxi.o(.text) for __use_two_region_memory
    startup_stm32f407xx.o(RESET) refers (Special) to heapauxi.o(.text) for __use_two_region_memory
    startup_stm32f407xx.o(RESET) refers to startup_stm32f407xx.o(STACK) for __initial_sp
    startup_stm32f407xx.o(RESET) refers to startup_stm32f407xx.o(.text) for Reset_Handler
    startup_stm32f407xx.o(RESET) refers to stm32f4xx_it.o(i.NMI_Handler) for NMI_Handler
    startup_stm32f407xx.o(RESET) refers to stm32f4xx_it.o(i.HardFault_Handler) for HardFault_Handler
    startup_stm32f407xx.o(RESET) refers to stm32f4xx_it.o(i.MemManage_Handler) for MemManage_Handler
    startup_stm32f407xx.o(RESET) refers to stm32f4xx_it.o(i.BusFault_Handler) for BusFault_Handler
    startup_stm32f407xx.o(RESET) refers to stm32f4xx_it.o(i.UsageFault_Handler) for UsageFault_Handler
    startup_stm32f407xx.o(RESET) refers to stm32f4xx_it.o(i.SVC_Handler) for SVC_Handler
    startup_stm32f407xx.o(RESET) refers to stm32f4xx_it.o(i.DebugMon_Handler) for DebugMon_Handler
    startup_stm32f407xx.o(RESET) refers to stm32f4xx_it.o(i.PendSV_Handler) for PendSV_Handler
    startup_stm32f407xx.o(RESET) refers to stm32f4xx_it.o(i.SysTick_Handler) for SysTick_Handler
    startup_stm32f407xx.o(RESET) refers to timer.o(i.TIM3_IRQHandler) for TIM3_IRQHandler
    startup_stm32f407xx.o(RESET) refers to usart.o(i.USART2_IRQHandler) for USART2_IRQHandler
    startup_stm32f407xx.o(.text) refers (Special) to heapauxi.o(.text) for __use_two_region_memory
    startup_stm32f407xx.o(.text) refers to system_stm32f4xx.o(i.SystemInit) for SystemInit
    startup_stm32f407xx.o(.text) refers to __main.o(!!!main) for __main
    startup_stm32f407xx.o(.text) refers to startup_stm32f407xx.o(HEAP) for Heap_Mem
    startup_stm32f407xx.o(.text) refers to startup_stm32f407xx.o(STACK) for Stack_Mem
    stm32f4xx_hal.o(i.HAL_DeInit) refers to stm32f4xx_hal.o(i.HAL_MspDeInit) for HAL_MspDeInit
    stm32f4xx_hal.o(i.HAL_Delay) refers to stm32f4xx_hal.o(i.HAL_GetTick) for HAL_GetTick
    stm32f4xx_hal.o(i.HAL_GetTick) refers to stm32f4xx_hal.o(.data) for .data
    stm32f4xx_hal.o(i.HAL_IncTick) refers to stm32f4xx_hal.o(.data) for .data
    stm32f4xx_hal.o(i.HAL_Init) refers to stm32f4xx_hal_cortex.o(i.HAL_NVIC_SetPriorityGrouping) for HAL_NVIC_SetPriorityGrouping
    stm32f4xx_hal.o(i.HAL_Init) refers to stm32f4xx_hal.o(i.HAL_InitTick) for HAL_InitTick
    stm32f4xx_hal.o(i.HAL_Init) refers to stm32f4xx_hal.o(i.HAL_MspInit) for HAL_MspInit
    stm32f4xx_hal.o(i.HAL_InitTick) refers to stm32f4xx_hal_rcc.o(i.HAL_RCC_GetHCLKFreq) for HAL_RCC_GetHCLKFreq
    stm32f4xx_hal.o(i.HAL_InitTick) refers to stm32f4xx_hal_cortex.o(i.HAL_SYSTICK_Config) for HAL_SYSTICK_Config
    stm32f4xx_hal.o(i.HAL_InitTick) refers to stm32f4xx_hal_cortex.o(i.HAL_NVIC_SetPriority) for HAL_NVIC_SetPriority
    stm32f4xx_hal_cortex.o(i.HAL_NVIC_SetPriority) refers to stm32f4xx_hal_cortex.o(i.NVIC_SetPriority) for NVIC_SetPriority
    stm32f4xx_hal_cortex.o(i.HAL_SYSTICK_Config) refers to stm32f4xx_hal_cortex.o(i.NVIC_SetPriority) for NVIC_SetPriority
    stm32f4xx_hal_cortex.o(i.HAL_SYSTICK_IRQHandler) refers to stm32f4xx_hal_cortex.o(i.HAL_SYSTICK_Callback) for HAL_SYSTICK_Callback
    stm32f4xx_hal_gpio.o(i.HAL_GPIO_EXTI_IRQHandler) refers to stm32f4xx_hal_gpio.o(i.HAL_GPIO_EXTI_Callback) for HAL_GPIO_EXTI_Callback
    stm32f4xx_hal_pwr.o(i.HAL_PWR_PVD_IRQHandler) refers to stm32f4xx_hal_pwr.o(i.HAL_PWR_PVDCallback) for HAL_PWR_PVDCallback
    stm32f4xx_hal_pwr_ex.o(i.HAL_PWREx_ControlVoltageScaling) refers to stm32f4xx_hal.o(i.HAL_GetTick) for HAL_GetTick
[...]
    Removing fifo.o(i.FifoPush), (22 bytes).
    Removing fifo.o(i.IsFifoEmpty), (16 bytes).
    Removing fifo.o(i.IsFifoFull), (24 bytes).
    Removing sx12xxeiger.o(.rev16_text), (4 bytes).
    Removing sx12xxeiger.o(.revsh_text), (4 bytes).
    Removing sx12xxeiger.o(.rrx_text), (6 bytes).
    Removing sx12xxeiger.o(i.Delay), (20 bytes).
    Removing sx12xxeiger.o(i.LongDelay), (28 bytes).
    Removing sx1276-hal.o(.rev16_text), (4 bytes).
    Removing sx1276-hal.o(.revsh_text), (4 bytes).
    Removing sx1276-hal.o(.rrx_text), (6 bytes).
    Removing sx1276-hal.o(i.SX1276InitIo), (2 bytes).
    Removing sx1276-hal.o(i.SX1276Read), (6 bytes).
    Removing sx1276-hal.o(i.SX1276ReadBuffer), (60 bytes).
    Removing sx1276-hal.o(i.SX1276ReadDio0), (4 bytes).
    Removing sx1276-hal.o(i.SX1276ReadDio1), (4 bytes).
    Removing sx1276-hal.o(i.SX1276ReadDio2), (4 bytes).
    Removing sx1276-hal.o(i.SX1276ReadDio3), (4 bytes).
    Removing sx1276-hal.o(i.SX1276ReadDio4), (4 bytes).
    Removing sx1276-hal.o(i.SX1276ReadDio5), (4 bytes).
    Removing sx1276-hal.o(i.SX1276ReadFifo), (10 bytes).
    Removing sx1276-hal.o(i.SX1276SetReset), (24 bytes).
    Removing sx1276-hal.o(i.SX1276Write), (12 bytes).
    Removing sx1276-hal.o(i.SX1276WriteBuffer), (56 bytes).
    Removing sx1276-hal.o(i.SX1276WriteFifo), (10 bytes).
    Removing sx1276-hal.o(i.SX1276WriteRxTx), (2 bytes).
    Removing sx1276-hal.o(i.SpiInOut), (4 bytes).
    Removing radio.o(.rev16_text), (4 bytes).
    Removing radio.o(.revsh_text), (4 bytes).
    Removing radio.o(.rrx_text), (6 bytes).
    Removing radio.o(i.RadioDriverInit), (56 bytes).
    Removing radio.o(.bss), (24 bytes).
    Removing sx1276.o(.rev16_text), (4 bytes).
    Removing sx1276.o(.revsh_text), (4 bytes).
    Removing sx1276.o(.rrx_text), (6 bytes).
    Removing sx1276.o(i.SX1276GetLoRaOn), (12 bytes).
    Removing sx1276.o(i.SX1276GetOpMode), (20 bytes).
    Removing sx1276.o(i.SX1276GetPacketAfc), (16 bytes).
    Removing sx1276.o(i.SX1276GetPacketRssi), (20 bytes).
    Removing sx1276.o(i.SX1276GetPacketRxGain), (20 bytes).
    Removing sx1276.o(i.SX1276GetPacketSnr), (16 bytes).
    Removing sx1276.o(i.SX1276GetRFState), (20 bytes).
    Removing sx1276.o(i.SX1276GetRxPacket), (20 bytes).
    Removing sx1276.o(i.SX1276Init), (124 bytes).
    Removing sx1276.o(i.SX1276Process), (20 bytes).
    Removing sx1276.o(i.SX1276ReadRssi), (20 bytes).
    Removing sx1276.o(i.SX1276ReadRxGain), (20 bytes).
    Removing sx1276.o(i.SX1276Reset), (40 bytes).
    Removing sx1276.o(i.SX1276SetLoRaOn), (128 bytes).
    Removing sx1276.o(i.SX1276SetOpMode), (20 bytes).
    Removing sx1276.o(i.SX1276SetRFState), (20 bytes).
    Removing sx1276.o(i.SX1276SetTxPacket), (20 bytes).
    Removing sx1276.o(i.SX1276StartRx), (24 bytes).
    Removing sx1276.o(.bss), (112 bytes).
    Removing sx1276.o(.data), (2 bytes).
    Removing sx1276-fsk.o(.rev16_text), (4 bytes).
    Removing sx1276-fsk.o(.revsh_text), (4 bytes).
    Removing sx1276-fsk.o(.rrx_text), (6 bytes).
    Removing sx1276-fsk.o(i.SX1276FskGetOpMode), (28 bytes).
    Removing sx1276-fsk.o(i.SX1276FskGetPacketAfc), (12 bytes).
    Removing sx1276-fsk.o(i.SX1276FskGetPacketHeaderSize), (28 bytes).
    Removing sx1276-fsk.o(i.SX1276FskGetPacketPayloadSize), (56 bytes).
    Removing sx1276-fsk.o(i.SX1276FskGetPacketRssi), (12 bytes).
    Removing sx1276-fsk.o(i.SX1276FskGetPacketRxGain), (12 bytes).
    Removing sx1276-fsk.o(i.SX1276FskGetRFState), (12 bytes).
    Removing sx1276-fsk.o(i.SX1276FskGetRxPacket), (28 bytes).
    Removing sx1276-fsk.o(i.SX1276FskInit), (280 bytes).
    Removing sx1276-fsk.o(i.SX1276FskProcess), (916 bytes).
    Removing sx1276-fsk.o(i.SX1276FskReadAfc), (60 bytes).
    Removing sx1276-fsk.o(i.SX1276FskReadFei), (60 bytes).
    Removing sx1276-fsk.o(i.SX1276FskReadRssi), (52 bytes).
    Removing sx1276-fsk.o(i.SX1276FskReadRxGain), (28 bytes).
    Removing sx1276-fsk.o(i.SX1276FskSetDefaults), (16 bytes).
    Removing sx1276-fsk.o(i.SX1276FskSetOpMode), (68 bytes).
    Removing sx1276-fsk.o(i.SX1276FskSetRFState), (12 bytes).
    Removing sx1276-fsk.o(i.SX1276FskSetTxPacket), (32 bytes).
    Removing sx1276-fsk.o(i.SX1276FskStartRx), (12 bytes).
    Removing sx1276-fsk.o(.bss), (256 bytes).
    Removing sx1276-fsk.o(.data), (84 bytes).
    Removing sx1276-fskmisc.o(.rev16_text), (4 bytes).
    Removing sx1276-fskmisc.o(.revsh_text), (4 bytes).
    Removing sx1276-fskmisc.o(.rrx_text), (6 bytes).
    Removing sx1276-fskmisc.o(i.SX1276FskCalibreateTemp), (14 bytes).
    Removing sx1276-fskmisc.o(i.SX1276FskComputeRxBwMantExp), (236 bytes).
    Removing sx1276-fskmisc.o(i.SX1276FskGetAfcOn), (36 bytes).
    Removing sx1276-fskmisc.o(i.SX1276FskGetBitrate), (76 bytes).
    Removing sx1276-fskmisc.o(i.SX1276FskGetBw), (156 bytes).
    Removing sx1276-fskmisc.o(i.SX1276FskGetFdev), (68 bytes).
    Removing sx1276-fskmisc.o(i.SX1276FskGetPAOutput), (28 bytes).
    Removing sx1276-fskmisc.o(i.SX1276FskGetPa20dBm), (40 bytes).
    Removing sx1276-fskmisc.o(i.SX1276FskGetPaRamp), (28 bytes).
    Removing sx1276-fskmisc.o(i.SX1276FskGetPacketCrcOn), (40 bytes).
    Removing sx1276-fskmisc.o(i.SX1276FskGetPayloadLength), (36 bytes).
    Removing sx1276-fskmisc.o(i.SX1276FskGetRFFrequency), (76 bytes).
    Removing sx1276-fskmisc.o(i.SX1276FskGetRFPower), (76 bytes).
    Removing sx1276-fskmisc.o(i.SX1276FskGetRawTemp), (144 bytes).
    Removing sx1276-fskmisc.o(i.SX1276FskGetRssiOffset), (40 bytes).
    Removing sx1276-fskmisc.o(i.SX1276FskGetTemp), (14 bytes).
    Removing sx1276-fskmisc.o(i.SX1276FskRxCalibrate), (116 bytes).
    Removing sx1276-fskmisc.o(i.SX1276FskSetAfcOn), (52 bytes).
    Removing sx1276-fskmisc.o(i.SX1276FskSetBitrate), (76 bytes).
    Removing sx1276-fskmisc.o(i.SX1276FskSetDccBw), (148 bytes).
    Removing sx1276-fskmisc.o(i.SX1276FskSetFdev), (92 bytes).
    Removing sx1276-fskmisc.o(i.SX1276FskSetPAOutput), (44 bytes).
    Removing sx1276-fskmisc.o(i.SX1276FskSetPa20dBm), (64 bytes).
    Removing sx1276-fskmisc.o(i.SX1276FskSetPaRamp), (48 bytes).
    Removing sx1276-fskmisc.o(i.SX1276FskSetPacketCrcOn), (52 bytes).
    Removing sx1276-fskmisc.o(i.SX1276FskSetPayloadLength), (36 bytes).
    Removing sx1276-fskmisc.o(i.SX1276FskSetRFFrequency), (72 bytes).
    Removing sx1276-fskmisc.o(i.SX1276FskSetRFPower), (156 bytes).
    Removing sx1276-fskmisc.o(i.SX1276FskSetRssiOffset), (56 bytes).
    Removing sx1276-lora.o(.rev16_text), (4 bytes).
    Removing sx1276-lora.o(.revsh_text), (4 bytes).
    Removing sx1276-lora.o(.rrx_text), (6 bytes).
    Removing sx1276-lora.o(i.SX1276LoRaGetOpMode), (28 bytes).
    Removing sx1276-lora.o(i.SX1276LoRaGetPacketRssi), (12 bytes).
    Removing sx1276-lora.o(i.SX1276LoRaGetPacketRxGain), (12 bytes).
    Removing sx1276-lora.o(i.SX1276LoRaGetPacketSnr), (12 bytes).
    Removing sx1276-lora.o(i.SX1276LoRaGetRFState), (12 bytes).
    Removing sx1276-lora.o(i.SX1276LoRaGetRxPacket), (24 bytes).
    Removing sx1276-lora.o(i.SX1276LoRaInit), (164 bytes).
    Removing sx1276-lora.o(i.SX1276LoRaProcess), (1260 bytes).
    Removing sx1276-lora.o(i.SX1276LoRaReadRssi), (112 bytes).
    Removing sx1276-lora.o(i.SX1276LoRaReadRxGain), (28 bytes).
    Removing sx1276-lora.o(i.SX1276LoRaReset), (40 bytes).
    Removing sx1276-lora.o(i.SX1276LoRaSetDefaults), (16 bytes).
    Removing sx1276-lora.o(i.SX1276LoRaSetOpMode), (68 bytes).
    Removing sx1276-lora.o(i.SX1276LoRaSetRFState), (12 bytes).
    Removing sx1276-lora.o(i.SX1276LoRaSetTxPacket), (40 bytes).
    Removing sx1276-lora.o(i.SX1276LoRaStartRx), (12 bytes).
    Removing sx1276-lora.o(.bss), (256 bytes).
    Removing sx1276-lora.o(.constdata), (444 bytes).
    Removing sx1276-lora.o(.data), (60 bytes).
    Removing sx1276-loramisc.o(.rev16_text), (4 bytes).
    Removing sx1276-loramisc.o(.revsh_text), (4 bytes).
    Removing sx1276-loramisc.o(.rrx_text), (6 bytes).
    Removing sx1276-loramisc.o(i.SX1276LoRaGetErrorCoding), (36 bytes).
    Removing sx1276-loramisc.o(i.SX1276LoRaGetFreqHopOn), (12 bytes).
    Removing sx1276-loramisc.o(i.SX1276LoRaGetHopPeriod), (36 bytes).
    Removing sx1276-loramisc.o(i.SX1276LoRaGetImplicitHeaderOn), (36 bytes).
    Removing sx1276-loramisc.o(i.SX1276LoRaGetLowDatarateOptimize), (32 bytes).
    Removing sx1276-loramisc.o(i.SX1276LoRaGetNbTrigPeaks), (32 bytes).
    Removing sx1276-loramisc.o(i.SX1276LoRaGetPAOutput), (28 bytes).
    Removing sx1276-loramisc.o(i.SX1276LoRaGetPa20dBm), (40 bytes).
    Removing sx1276-loramisc.o(i.SX1276LoRaGetPaRamp), (28 bytes).
    Removing sx1276-loramisc.o(i.SX1276LoRaGetPacketCrcOn), (36 bytes).
    Removing sx1276-loramisc.o(i.SX1276LoRaGetPayloadLength), (36 bytes).
    Removing sx1276-loramisc.o(i.SX1276LoRaGetPreambleLength), (28 bytes).
    Removing sx1276-loramisc.o(i.SX1276LoRaGetRFFrequency), (76 bytes).
    Removing sx1276-loramisc.o(i.SX1276LoRaGetRFPower), (76 bytes).
    Removing sx1276-loramisc.o(i.SX1276LoRaGetRxPacketTimeout), (12 bytes).
    Removing sx1276-loramisc.o(i.SX1276LoRaGetRxSingleOn), (12 bytes).
    Removing sx1276-loramisc.o(i.SX1276LoRaGetSignalBandwidth), (36 bytes).
    Removing sx1276-loramisc.o(i.SX1276LoRaGetSpreadingFactor), (36 bytes).
    Removing sx1276-loramisc.o(i.SX1276LoRaGetSymbTimeout), (36 bytes).
    Removing sx1276-loramisc.o(i.SX1276LoRaGetTxPacketTimeout), (12 bytes).
    Removing sx1276-loramisc.o(i.SX1276LoRaSetErrorCoding), (52 bytes).
    Removing sx1276-loramisc.o(i.SX1276LoRaSetFreqHopOn), (12 bytes).
    Removing sx1276-loramisc.o(i.SX1276LoRaSetHopPeriod), (36 bytes).
    Removing sx1276-loramisc.o(i.SX1276LoRaSetImplicitHeaderOn), (48 bytes).
    Removing sx1276-loramisc.o(i.SX1276LoRaSetLowDatarateOptimize), (48 bytes).
    Removing sx1276-loramisc.o(i.SX1276LoRaSetNbTrigPeaks), (44 bytes).
    Removing sx1276-loramisc.o(i.SX1276LoRaSetPAOutput), (44 bytes).
    Removing sx1276-loramisc.o(i.SX1276LoRaSetPa20dBm), (64 bytes).
    Removing sx1276-loramisc.o(i.SX1276LoRaSetPaRamp), (48 bytes).
    Removing sx1276-loramisc.o(i.SX1276LoRaSetPacketCrcOn), (52 bytes).
    Removing sx1276-loramisc.o(i.SX1276LoRaSetPayloadLength), (36 bytes).
    Removing sx1276-loramisc.o(i.SX1276LoRaSetPreambleLength), (44 bytes).
    Removing sx1276-loramisc.o(i.SX1276LoRaSetRFFrequency), (72 bytes).
    Removing sx1276-loramisc.o(i.SX1276LoRaSetRFPower), (156 bytes).
    Removing sx1276-loramisc.o(i.SX1276LoRaSetRxPacketTimeout), (12 bytes).
    Removing sx1276-loramisc.o(i.SX1276LoRaSetRxSingleOn), (12 bytes).
    Removing sx1276-loramisc.o(i.SX1276LoRaSetSignalBandwidth), (48 bytes).
    Removing sx1276-loramisc.o(i.SX1276LoRaSetSpreadingFactor), (84 bytes).
    Removing sx1276-loramisc.o(i.SX1276LoRaSetSymbTimeout), (56 bytes).
    Removing sx1276-loramisc.o(i.SX1276LoRaSetTxPacketTimeout), (12 bytes).
    Removing sx1278.o(.rev16_text), (4 bytes).
    Removing sx1278.o(.revsh_text), (4 bytes).
    Removing sx1278.o(.rrx_text), (6 bytes).
    Removing sx1278.o(i.SX1278_Check), (52 bytes).
    Removing sx1278.o(i.SX1278_Init), (84 bytes).
    Removing sx1278.o(i.SX1278_RX_Mode), (20 bytes).
    Removing sx1278.o(i.SX1278_Read_Buf), (60 bytes).
    Removing sx1278.o(i.SX1278_Read_Reg), (36 bytes).
    Removing sx1278.o(i.SX1278_RxPacket), (12 bytes).
    Removing sx1278.o(i.SX1278_SPI_Init), (44 bytes).
    Removing sx1278.o(i.SX1278_TX_Mode), (20 bytes).
    Removing sx1278.o(i.SX1278_TxPacket), (12 bytes).
    Removing sx1278.o(i.SX1278_Write_Buf), (60 bytes).
    Removing sx1278.o(i.SX1278_Write_Reg), (44 bytes).
    Removing sx1278.o(.constdata), (5 bytes).
    Removing sx1278.o(.constdata), (5 bytes).

635 unused section(s) (total 36114 bytes) removed from the image.

==============================================================================

Image Symbol Table

    Local Symbols

    Symbol Name                              Value     Ov Type        Size  Object(Section)

    ../clib/angel/boardlib.s                 0x00000000   Number         0  boardinit1.o ABSOLUTE
    ../clib/angel/boardlib.s                 0x00000000   Number         0  boardinit2.o ABSOLUTE
    ../clib/angel/boardlib.s                 0x00000000   Number         0  boardshut.o ABSOLUTE
    ../clib/angel/boardlib.s                 0x00000000   Number         0  boardinit3.o ABSOLUTE
    ../clib/angel/handlers.s                 0x00000000   Number         0  __scatter_zi.o ABSOLUTE
    ../clib/angel/handlers.s                 0x00000000   Number         0  __scatter_copy.o ABSOLUTE
    ../clib/angel/kernel.s                   0x00000000   Number         0  rtexit.o ABSOLUTE
    ../clib/angel/kernel.s                   0x00000000   Number         0  rtexit2.o ABSOLUTE
    ../clib/angel/kernel.s                   0x00000000   Number         0  __rtentry2.o ABSOLUTE
    ../clib/angel/kernel.s                   0x00000000   Number         0  __rtentry4.o ABSOLUTE
    ../clib/angel/kernel.s                   0x00000000   Number         0  __rtentry.o ABSOLUTE
    ../clib/angel/rt.s                       0x00000000   Number         0  rt_raise.o ABSOLUTE
    ../clib/angel/rt.s                       0x00000000   Number         0  rt_errno_addr_intlibspace.o ABSOLUTE
    ../clib/angel/rt.s                       0x00000000   Number         0  rt_errno_addr.o ABSOLUTE
    ../clib/angel/scatter.s                  0x00000000   Number         0  __scatter.o ABSOLUTE
    ../clib/angel/startup.s                  0x00000000   Number         0  __main.o ABSOLUTE
    ../clib/angel/sys.s                      0x00000000   Number         0  use_no_semi_2.o ABSOLUTE
    ../clib/angel/sys.s                      0x00000000   Number         0  use_no_semi.o ABSOLUTE
    ../clib/angel/sys.s                      0x00000000   Number         0  indicate_semi.o ABSOLUTE
    ../clib/angel/sys.s                      0x00000000   Number         0  sys_stackheap_outer.o ABSOLUTE
    ../clib/angel/sys.s                      0x00000000   Number         0  libspace.o ABSOLUTE
    ../clib/angel/sysapp.c                   0x00000000   Number         0  sys_wrch.o ABSOLUTE
    ../clib/angel/sysapp.c                   0x00000000   Number         0  sys_command.o ABSOLUTE
    ../clib/armsys.c                         0x00000000   Number         0  argv_veneer.o ABSOLUTE
    ../clib/armsys.c                         0x00000000   Number         0  _get_argv_nomalloc.o ABSOLUTE
    ../clib/armsys.c                         0x00000000   Number         0  no_argv.o ABSOLUTE
    ../clib/armsys.c                         0x00000000   Number         0  argv_veneer.o ABSOLUTE
    ../clib/fenv.c                           0x00000000   Number         0  _rserrno.o ABSOLUTE
    ../clib/heapalloc.c                      0x00000000   Number         0  hrguard.o ABSOLUTE
    ../clib/heapaux.c                        0x00000000   Number         0  heapauxi.o ABSOLUTE
    ../clib/libinit.s                        0x00000000   Number         0  libshutdown2.o ABSOLUTE
    ../clib/libinit.s                        0x00000000   Number         0  libshutdown.o ABSOLUTE
    ../clib/libinit.s                        0x00000000   Number         0  libinit2.o ABSOLUTE
    ../clib/libinit.s                        0x00000000   Number         0  libinit.o ABSOLUTE
    ../clib/memcpset.s                       0x00000000   Number         0  rt_memcpy_w.o ABSOLUTE
    ../clib/memcpset.s                       0x00000000   Number         0  rt_memclr.o ABSOLUTE
    ../clib/memcpset.s                       0x00000000   Number         0  rt_memcpy_v6.o ABSOLUTE
    ../clib/memcpset.s                       0x00000000   Number         0  rt_memclr_w.o ABSOLUTE
    ../clib/printf.c                         0x00000000   Number         0  __printf.o ABSOLUTE
    ../clib/printf.c                         0x00000000   Number         0  _printf_dec.o ABSOLUTE
    ../clib/printf.c                         0x00000000   Number         0  __printf_flags.o ABSOLUTE
    ../clib/printf.c                         0x00000000   Number         0  __printf_nopercent.o ABSOLUTE
    ../clib/printf.c                         0x00000000   Number         0  __printf_ss.o ABSOLUTE
    ../clib/printf.c                         0x00000000   Number         0  __printf_flags_ss_wp.o ABSOLUTE
    ../clib/printf.c                         0x00000000   Number         0  _printf_char_common.o ABSOLUTE
    ../clib/printf.c                         0x00000000   Number         0  __printf_flags_ss.o ABSOLUTE
    ../clib/printf.c                         0x00000000   Number         0  __printf_wp.o ABSOLUTE
    ../clib/printf.c                         0x00000000   Number         0  __printf_flags_wp.o ABSOLUTE
    ../clib/printf.c                         0x00000000   Number         0  _printf_intcommon.o ABSOLUTE
    ../clib/printf.c                         0x00000000   Number         0  __printf_ss_wp.o ABSOLUTE
    ../clib/printf.c                         0x00000000   Number         0  noretval__2printf.o ABSOLUTE
    ../clib/printf.c                         0x00000000   Number         0  _printf_char_file.o ABSOLUTE
    ../clib/printf.c                         0x00000000   Number         0  __2printf.o ABSOLUTE
    ../clib/printf_percent.s                 0x00000000   Number         0  _printf_percent.o ABSOLUTE
    ../clib/printf_percent.s                 0x00000000   Number         0  _printf_percent_end.o ABSOLUTE
    ../clib/printf_percent.s                 0x00000000   Number         0  _printf_d.o ABSOLUTE
    ../clib/signal.c                         0x00000000   Number         0  defsig_rtred_inner.o ABSOLUTE
    ../clib/signal.c                         0x00000000   Number         0  defsig_fpe_inner.o ABSOLUTE
    ../clib/signal.c                         0x00000000   Number         0  defsig_stak_inner.o ABSOLUTE
    ../clib/signal.c                         0x00000000   Number         0  defsig_abrt_inner.o ABSOLUTE
    ../clib/signal.c                         0x00000000   Number         0  defsig_general.o ABSOLUTE
    ../clib/signal.c                         0x00000000   Number         0  __raise.o ABSOLUTE
    ../clib/signal.c                         0x00000000   Number         0  defsig_rtmem_inner.o ABSOLUTE
    ../clib/signal.c                         0x00000000   Number         0  defsig_exit.o ABSOLUTE
    ../clib/signal.c                         0x00000000   Number         0  defsig_rtmem_outer.o ABSOLUTE
    ../clib/signal.c                         0x00000000   Number         0  defsig_rtmem_formal.o ABSOLUTE
    ../clib/signal.c                         0x00000000   Number         0  defsig_pvfn_inner.o ABSOLUTE
    ../clib/signal.c                         0x00000000   Number         0  defsig_cppl_inner.o ABSOLUTE
    ../clib/signal.c                         0x00000000   Number         0  defsig_segv_inner.o ABSOLUTE
    ../clib/signal.c                         0x00000000   Number         0  defsig_other.o ABSOLUTE
    ../clib/signal.s                         0x00000000   Number         0  defsig.o ABSOLUTE
    ../clib/stdio.c                          0x00000000   Number         0  ferror.o ABSOLUTE
    ../clib/stdio.c                          0x00000000   Number         0  ferror_locked.o ABSOLUTE
    ../clib/stdlib.c                         0x00000000   Number         0  exit.o ABSOLUTE
    ../fplib/basic.s                         0x00000000   Number         0  basic.o ABSOLUTE
    ../fplib/daddsub.s                       0x00000000   Number         0  daddsub_clz.o ABSOLUTE
    ../fplib/dcheck1.s                       0x00000000   Number         0  dcheck1.o ABSOLUTE
    ../fplib/dcmpi.s                         0x00000000   Number         0  dcmpi.o ABSOLUTE
    ../fplib/ddiv.s                          0x00000000   Number         0  ddiv.o ABSOLUTE
    ../fplib/dfix.s                          0x00000000   Number         0  dfix.o ABSOLUTE
    ../fplib/dfixu.s                         0x00000000   Number         0  dfixu.o ABSOLUTE
    ../fplib/dflt.s                          0x00000000   Number         0  dflt_clz.o ABSOLUTE
    ../fplib/dleqf.s                         0x00000000   Number         0  dleqf.o ABSOLUTE
    ../fplib/dmul.s                          0x00000000   Number         0  dmul.o ABSOLUTE
    ../fplib/dnaninf.s                       0x00000000   Number         0  dnaninf.o ABSOLUTE
    ../fplib/dretinf.s                       0x00000000   Number         0  dretinf.o ABSOLUTE
    ../fplib/drleqf.s                        0x00000000   Number         0  drleqf.o ABSOLUTE
    ../fplib/drnd.s                          0x00000000   Number         0  drnd.o ABSOLUTE
    ../fplib/dsqrt.s                         0x00000000   Number         0  dsqrt_umaal.o ABSOLUTE
    ../fplib/fpinit.s                        0x00000000   Number         0  fpinit.o ABSOLUTE
    ../fplib/retnan.s                        0x00000000   Number         0  retnan.o ABSOLUTE
    ../fplib/scalbn.s                        0x00000000   Number         0  scalbn.o ABSOLUTE
    ../fplib/trapv.s                         0x00000000   Number         0  trapv.o ABSOLUTE
    ../fplib/usenofp.s                       0x00000000   Number         0  usenofp.o ABSOLUTE
    ../mathlib/dunder.c                      0x00000000   Number         0  dunder.o ABSOLUTE
    ../mathlib/fabs.c                        0x00000000   Number         0  fabs.o ABSOLUTE
    ../mathlib/fpclassify.c                  0x00000000   Number         0  fpclassify.o ABSOLUTE
    ../mathlib/poly.c                        0x00000000   Number         0  poly.o ABSOLUTE
    ../mathlib/pow.c                         0x00000000   Number         0  pow.o ABSOLUTE
    ../mathlib/pow.c                         0x00000000   Number         0  pow_x.o ABSOLUTE
    ../mathlib/qnan.c                        0x00000000   Number         0  qnan.o ABSOLUTE
    ../mathlib/round.c                       0x00000000   Number         0  round.o ABSOLUTE
    ../mathlib/sqrt.c                        0x00000000   Number         0  sqrt.o ABSOLUTE
    ../mathlib/sqrt.c                        0x00000000   Number         0  sqrt_x.o ABSOLUTE
    ..\CORE\startup_stm32f407xx.s            0x00000000   Number         0  startup_stm32f407xx.o ABSOLUTE
    ..\HALLIB\STM32F4xx_HAL_Driver\Src\stm32f4xx_hal.c 0x00000000   Number         0  stm32f4xx_hal.o ABSOLUTE
    ..\HALLIB\STM32F4xx_HAL_Driver\Src\stm32f4xx_hal_cortex.c 0x00000000   Number         0  stm32f4xx_hal_cortex.o ABSOLUTE
    ..\HALLIB\STM32F4xx_HAL_Driver\Src\stm32f4xx_hal_dma.c 0x00000000   Number         0  stm32f4xx_hal_dma.o ABSOLUTE
    ..\HALLIB\STM32F4xx_HAL_Driver\Src\stm32f4xx_hal_dma2d.c 0x00000000   Number         0  stm32f4xx_hal_dma2d.o ABSOLUTE
    ..\HALLIB\STM32F4xx_HAL_Driver\Src\stm32f4xx_hal_dma_ex.c 0x00000000   Number         0  stm32f4xx_hal_dma_ex.o ABSOLUTE
    ..\HALLIB\STM32F4xx_HAL_Driver\Src\stm32f4xx_hal_gpio.c 0x00000000   Number         0  stm32f4xx_hal_gpio.o ABSOLUTE
    ..\HALLIB\STM32F4xx_HAL_Driver\Src\stm32f4xx_hal_ltdc.c 0x00000000   Number         0  stm32f4xx_hal_ltdc.o ABSOLUTE
    ..\HALLIB\STM32F4xx_HAL_Driver\Src\stm32f4xx_hal_ltdc_ex.c 0x00000000   Number         0  stm32f4xx_hal_ltdc_ex.o ABSOLUTE
    ..\HALLIB\STM32F4xx_HAL_Driver\Src\stm32f4xx_hal_pwr.c 0x00000000   Number         0  stm32f4xx_hal_pwr.o ABSOLUTE
    ..\HALLIB\STM32F4xx_HAL_Driver\Src\stm32f4xx_hal_pwr_ex.c 0x00000000   Number         0  stm32f4xx_hal_pwr_ex.o ABSOLUTE
    ..\HALLIB\STM32F4xx_HAL_Driver\Src\stm32f4xx_hal_rcc.c 0x00000000   Number         0  stm32f4xx_hal_rcc.o ABSOLUTE
    ..\HALLIB\STM32F4xx_HAL_Driver\Src\stm32f4xx_hal_rcc_ex.c 0x00000000   Number         0  stm32f4xx_hal_rcc_ex.o ABSOLUTE
    ..\HALLIB\STM32F4xx_HAL_Driver\Src\stm32f4xx_hal_spi.c 0x00000000   Number         0  stm32f4xx_hal_spi.o ABSOLUTE
    ..\HALLIB\STM32F4xx_HAL_Driver\Src\stm32f4xx_hal_tim.c 0x00000000   Number         0  stm32f4xx_hal_tim.o ABSOLUTE
    ..\HALLIB\STM32F4xx_HAL_Driver\Src\stm32f4xx_hal_tim_ex.c 0x00000000   Number         0  stm32f4xx_hal_tim_ex.o ABSOLUTE
    ..\HALLIB\STM32F4xx_HAL_Driver\Src\stm32f4xx_hal_uart.c 0x00000000   Number         0  stm32f4xx_hal_uart.o ABSOLUTE
    ..\HALLIB\STM32F4xx_HAL_Driver\Src\stm32f4xx_hal_usart.c 0x00000000   Number         0  stm32f4xx_hal_usart.o ABSOLUTE
    ..\HALLIB\STM32F4xx_HAL_Driver\Src\stm32f4xx_ll_fmc.c 0x00000000   Number         0  stm32f4xx_ll_fmc.o ABSOLUTE
    ..\HARDWARE\IIC\myiic.c                  0x00000000   Number         0  myiic.o ABSOLUTE
    ..\HARDWARE\KEY\key.c                    0x00000000   Number         0  key.o ABSOLUTE
    ..\HARDWARE\LED\led.c                    0x00000000   Number         0  led.o ABSOLUTE
    ..\HARDWARE\SPI\spi.c                    0x00000000   Number         0  spi.o ABSOLUTE
    ..\HARDWARE\SX1278\bsp\SX1278.c          0x00000000   Number         0  sx1278.o ABSOLUTE
    ..\HARDWARE\SX1278\platform\sx12xxEiger\fifo.c 0x00000000   Number         0  fifo.o ABSOLUTE
    ..\HARDWARE\SX1278\platform\sx12xxEiger\sx1276-Hal.c 0x00000000   Number         0  sx1276-hal.o ABSOLUTE
    ..\HARDWARE\SX1278\platform\sx12xxEiger\sx12xxEiger.c 0x00000000   Number         0  sx12xxeiger.o ABSOLUTE
    ..\HARDWARE\SX1278\radio\radio.c         0x00000000   Number         0  radio.o ABSOLUTE
    ..\HARDWARE\SX1278\radio\sx1276-Fsk.c    0x00000000   Number         0  sx1276-fsk.o ABSOLUTE
    ..\HARDWARE\SX1278\radio\sx1276-FskMisc.c 0x00000000   Number         0  sx1276-fskmisc.o ABSOLUTE
    ..\HARDWARE\SX1278\radio\sx1276-LoRa.c   0x00000000   Number         0  sx1276-lora.o ABSOLUTE
    ..\HARDWARE\SX1278\radio\sx1276-LoRaMisc.c 0x00000000   Number         0  sx1276-loramisc.o ABSOLUTE
    ..\HARDWARE\SX1278\radio\sx1276.c        0x00000000   Number         0  sx1276.o ABSOLUTE
    ..\HARDWARE\TIMER\timer.c                0x00000000   Number         0  timer.o ABSOLUTE
    ..\SYSTEM\delay\delay.c                  0x00000000   Number         0  delay.o ABSOLUTE
    ..\SYSTEM\sys\sys.c                      0x00000000   Number         0  sys.o ABSOLUTE
    ..\SYSTEM\usart\usart.c                  0x00000000   Number         0  usart.o ABSOLUTE
    ..\\HALLIB\\STM32F4xx_HAL_Driver\\Src\\stm32f4xx_hal.c 0x00000000   Number         0  stm32f4xx_hal.o ABSOLUTE
    ..\\HALLIB\\STM32F4xx_HAL_Driver\\Src\\stm32f4xx_hal_cortex.c 0x00000000   Number         0  stm32f4xx_hal_cortex.o ABSOLUTE
    ..\\HALLIB\\STM32F4xx_HAL_Driver\\Src\\stm32f4xx_hal_dma.c 0x00000000   Number         0  stm32f4xx_hal_dma.o ABSOLUTE
    ..\\HALLIB\\STM32F4xx_HAL_Driver\\Src\\stm32f4xx_hal_dma2d.c 0x00000000   Number         0  stm32f4xx_hal_dma2d.o ABSOLUTE
    ..\\HALLIB\\STM32F4xx_HAL_Driver\\Src\\stm32f4xx_hal_dma_ex.c 0x00000000   Number         0  stm32f4xx_hal_dma_ex.o ABSOLUTE
    ..\\HALLIB\\STM32F4xx_HAL_Driver\\Src\\stm32f4xx_hal_gpio.c 0x00000000   Number         0  stm32f4xx_hal_gpio.o ABSOLUTE
    ..\\HALLIB\\STM32F4xx_HAL_Driver\\Src\\stm32f4xx_hal_ltdc.c 0x00000000   Number         0  stm32f4xx_hal_ltdc.o ABSOLUTE
    ..\\HALLIB\\STM32F4xx_HAL_Driver\\Src\\stm32f4xx_hal_ltdc_ex.c 0x00000000   Number         0  stm32f4xx_hal_ltdc_ex.o ABSOLUTE
    ..\\HALLIB\\STM32F4xx_HAL_Driver\\Src\\stm32f4xx_hal_pwr.c 0x00000000   Number         0  stm32f4xx_hal_pwr.o ABSOLUTE
    ..\\HALLIB\\STM32F4xx_HAL_Driver\\Src\\stm32f4xx_hal_pwr_ex.c 0x00000000   Number         0  stm32f4xx_hal_pwr_ex.o ABSOLUTE
    ..\\HALLIB\\STM32F4xx_HAL_Driver\\Src\\stm32f4xx_hal_rcc.c 0x00000000   Number         0  stm32f4xx_hal_rcc.o ABSOLUTE
    ..\\HALLIB\\STM32F4xx_HAL_Driver\\Src\\stm32f4xx_hal_rcc_ex.c 0x00000000   Number         0  stm32f4xx_hal_rcc_ex.o ABSOLUTE
    ..\\HALLIB\\STM32F4xx_HAL_Driver\\Src\\stm32f4xx_hal_spi.c 0x00000000   Number         0  stm32f4xx_hal_spi.o ABSOLUTE
    ..\\HALLIB\\STM32F4xx_HAL_Driver\\Src\\stm32f4xx_hal_tim.c 0x00000000   Number         0  stm32f4xx_hal_tim.o ABSOLUTE
    ..\\HALLIB\\STM32F4xx_HAL_Driver\\Src\\stm32f4xx_hal_tim_ex.c 0x00000000   Number         0  stm32f4xx_hal_tim_ex.o ABSOLUTE
    ..\\HALLIB\\STM32F4xx_HAL_Driver\\Src\\stm32f4xx_hal_uart.c 0x00000000   Number         0  stm32f4xx_hal_uart.o ABSOLUTE
    ..\\HALLIB\\STM32F4xx_HAL_Driver\\Src\\stm32f4xx_hal_usart.c 0x00000000   Number         0  stm32f4xx_hal_usart.o ABSOLUTE
    ..\\HALLIB\\STM32F4xx_HAL_Driver\\Src\\stm32f4xx_ll_fmc.c 0x00000000   Number         0  stm32f4xx_ll_fmc.o ABSOLUTE
    ..\\HARDWARE\\IIC\\myiic.c               0x00000000   Number         0  myiic.o ABSOLUTE
    ..\\HARDWARE\\KEY\\key.c                 0x00000000   Number         0  key.o ABSOLUTE
    ..\\HARDWARE\\LED\\led.c                 0x00000000   Number         0  led.o ABSOLUTE
    ..\\HARDWARE\\SPI\\spi.c                 0x00000000   Number         0  spi.o ABSOLUTE
    ..\\HARDWARE\\SX1278\\bsp\\SX1278.c      0x00000000   Number         0  sx1278.o ABSOLUTE
    ..\\HARDWARE\\SX1278\\platform\\sx12xxEiger\\fifo.c 0x00000000   Number         0  fifo.o ABSOLUTE
    ..\\HARDWARE\\SX1278\\platform\\sx12xxEiger\\sx1276-Hal.c 0x00000000   Number         0  sx1276-hal.o ABSOLUTE
    ..\\HARDWARE\\SX1278\\platform\\sx12xxEiger\\sx12xxEiger.c 0x00000000   Number         0  sx12xxeiger.o ABSOLUTE
    ..\\HARDWARE\\SX1278\\radio\\radio.c     0x00000000   Number         0  radio.o ABSOLUTE
    ..\\HARDWARE\\SX1278\\radio\\sx1276-Fsk.c 0x00000000   Number         0  sx1276-fsk.o ABSOLUTE
    ..\\HARDWARE\\SX1278\\radio\\sx1276-FskMisc.c 0x00000000   Number         0  sx1276-fskmisc.o ABSOLUTE
    ..\\HARDWARE\\SX1278\\radio\\sx1276-LoRa.c 0x00000000   Number         0  sx1276-lora.o ABSOLUTE
    ..\\HARDWARE\\SX1278\\radio\\sx1276-LoRaMisc.c 0x00000000   Number         0  sx1276-loramisc.o ABSOLUTE
    ..\\HARDWARE\\SX1278\\radio\\sx1276.c    0x00000000   Number         0  sx1276.o ABSOLUTE
    ..\\HARDWARE\\TIMER\\timer.c             0x00000000   Number         0  timer.o ABSOLUTE
    ..\\SYSTEM\\delay\\delay.c               0x00000000   Number         0  delay.o ABSOLUTE
    ..\\SYSTEM\\sys\\sys.c                   0x00000000   Number         0  sys.o ABSOLUTE
    ..\\SYSTEM\\usart\\usart.c               0x00000000   Number         0  usart.o ABSOLUTE
    dc.s                                     0x00000000   Number         0  dc.o ABSOLUTE
    main.c                                   0x00000000   Number         0  main.o ABSOLUTE
    main.c                                   0x00000000   Number         0  main.o ABSOLUTE
    stm32f4xx_it.c                           0x00000000   Number         0  stm32f4xx_it.o ABSOLUTE
    stm32f4xx_it.c                           0x00000000   Number         0  stm32f4xx_it.o ABSOLUTE
    system_stm32f4xx.c                       0x00000000   Number         0  system_stm32f4xx.o ABSOLUTE
    system_stm32f4xx.c                       0x00000000   Number         0  system_stm32f4xx.o ABSOLUTE
    RESET                                    0x08000000   Section      392  startup_stm32f407xx.o(RESET)
    !!!main                                  0x08000188   Section        8  __main.o(!!!main)
    !!!scatter                               0x08000190   Section       52  __scatter.o(!!!scatter)
    !!handler_copy                           0x080001c4   Section       26  __scatter_copy.o(!!handler_copy)
    !!handler_zi                             0x080001e0   Section       28  __scatter_zi.o(!!handler_zi)
    .ARM.Collect$$_printf_percent$$00000000  0x080001fc   Section        0  _printf_percent.o(.ARM.Collect$$_printf_percent$$00000000)
    .ARM.Collect$$_printf_percent$$00000017  0x080001fc   Section        4  _printf_percent_end.o(.ARM.Collect$$_printf_percent$$00000017)
    .ARM.Collect$$libinit$$00000000          0x08000200   Section        2  libinit.o(.ARM.Collect$$libinit$$00000000)
    .ARM.Collect$$libinit$$00000001          0x08000202   Section        4  libinit2.o(.ARM.Collect$$libinit$$00000001)
    .ARM.Collect$$libinit$$00000004          0x08000206   Section        0  libinit2.o(.ARM.Collect$$libinit$$00000004)
    .ARM.Collect$$libinit$$0000000A          0x08000206   Section        0  libinit2.o(.ARM.Collect$$libinit$$0000000A)
    .ARM.Collect$$libinit$$0000000C          0x08000206   Section        0  libinit2.o(.ARM.Collect$$libinit$$0000000C)
    .ARM.Collect$$libinit$$0000000E          0x08000206   Section        0  libinit2.o(.ARM.Collect$$libinit$$0000000E)
    .ARM.Collect$$libinit$$00000011          0x08000206   Section        0  libinit2.o(.ARM.Collect$$libinit$$00000011)
    .ARM.Collect$$libinit$$00000013          0x08000206   Section        0  libinit2.o(.ARM.Collect$$libinit$$00000013)
    .ARM.Collect$$libinit$$00000015          0x08000206   Section        0  libinit2.o(.ARM.Collect$$libinit$$00000015)
    .ARM.Collect$$libinit$$00000017          0x08000206   Section        0  libinit2.o(.ARM.Collect$$libinit$$00000017)
    .ARM.Collect$$libinit$$00000019          0x08000206   Section        0  libinit2.o(.ARM.Collect$$libinit$$00000019)
    .ARM.Collect$$libinit$$0000001B          0x08000206   Section        0  libinit2.o(.ARM.Collect$$libinit$$0000001B)
    .ARM.Collect$$libinit$$0000001D          0x08000206   Section        0  libinit2.o(.ARM.Collect$$libinit$$0000001D)
    .ARM.Collect$$libinit$$0000001F          0x08000206   Section        0  libinit2.o(.ARM.Collect$$libinit$$0000001F)
    .ARM.Collect$$libinit$$00000021          0x08000206   Section        0  libinit2.o(.ARM.Collect$$libinit$$00000021)
    .ARM.Collect$$libinit$$00000023          0x08000206   Section        0  libinit2.o(.ARM.Collect$$libinit$$00000023)
    .ARM.Collect$$libinit$$00000025          0x08000206   Section        0  libinit2.o(.ARM.Collect$$libinit$$00000025)
    .ARM.Collect$$libinit$$0000002C          0x08000206   Section        0  libinit2.o(.ARM.Collect$$libinit$$0000002C)
    .ARM.Collect$$libinit$$0000002E          0x08000206   Section        0  libinit2.o(.ARM.Collect$$libinit$$0000002E)
    .ARM.Collect$$libinit$$00000030          0x08000206   Section        0  libinit2.o(.ARM.Collect$$libinit$$00000030)
    .ARM.Collect$$libinit$$00000032          0x08000206   Section        0  libinit2.o(.ARM.Collect$$libinit$$00000032)
    .ARM.Collect$$libinit$$00000033          0x08000206   Section        2  libinit2.o(.ARM.Collect$$libinit$$00000033)
    .ARM.Collect$$libshutdown$$00000000      0x08000208   Section        2  libshutdown.o(.ARM.Collect$$libshutdown$$00000000)
    .ARM.Collect$$libshutdown$$00000003      0x0800020a   Section        0  libshutdown2.o(.ARM.Collect$$libshutdown$$00000003)
    .ARM.Collect$$libshutdown$$00000006      0x0800020a   Section        0  libshutdown2.o(.ARM.Collect$$libshutdown$$00000006)
    .ARM.Collect$$libshutdown$$00000009      0x0800020a   Section        0  libshutdown2.o(.ARM.Collect$$libshutdown$$00000009)
    .ARM.Collect$$libshutdown$$0000000B      0x0800020a   Section        0  libshutdown2.o(.ARM.Collect$$libshutdown$$0000000B)
    .ARM.Collect$$libshutdown$$0000000E      0x0800020a   Section        0  libshutdown2.o(.ARM.Collect$$libshutdown$$0000000E)
    .ARM.Collect$$libshutdown$$0000000F      0x0800020a   Section        2  libshutdown2.o(.ARM.Collect$$libshutdown$$0000000F)
    .ARM.Collect$$rtentry$$00000000          0x0800020c   Section        0  __rtentry.o(.ARM.Collect$$rtentry$$00000000)
    .ARM.Collect$$rtentry$$00000002          0x0800020c   Section        0  __rtentry2.o(.ARM.Collect$$rtentry$$00000002)
    .ARM.Collect$$rtentry$$00000004          0x0800020c   Section        6  __rtentry4.o(.ARM.Collect$$rtentry$$00000004)
    .ARM.Collect$$rtentry$$00000009          0x08000212   Section        0  __rtentry2.o(.ARM.Collect$$rtentry$$00000009)
    .ARM.Collect$$rtentry$$0000000A          0x08000212   Section        4  __rtentry2.o(.ARM.Collect$$rtentry$$0000000A)
    .ARM.Collect$$rtentry$$0000000C          0x08000216   Section        0  __rtentry2.o(.ARM.Collect$$rtentry$$0000000C)
    .ARM.Collect$$rtentry$$0000000D          0x08000216   Section        8  __rtentry2.o(.ARM.Collect$$rtentry$$0000000D)
    .ARM.Collect$$rtexit$$00000000           0x0800021e   Section        2  rtexit.o(.ARM.Collect$$rtexit$$00000000)
    .ARM.Collect$$rtexit$$00000002           0x08000220   Section        0  rtexit2.o(.ARM.Collect$$rtexit$$00000002)
    .ARM.Collect$$rtexit$$00000003           0x08000220   Section        4  rtexit2.o(.ARM.Collect$$rtexit$$00000003)
    .ARM.Collect$$rtexit$$00000004           0x08000224   Section        6  rtexit2.o(.ARM.Collect$$rtexit$$00000004)
    .text                                    0x0800022c   Section       64  startup_stm32f407xx.o(.text)
    $v0                                      0x0800022c   Number         0  startup_stm32f407xx.o(.text)
    .text                                    0x0800026c   Section        2  use_no_semi_2.o(.text)
    .text                                    0x08000270   Section        0  noretval__2printf.o(.text)
    .text                                    0x08000288   Section        0  __printf.o(.text)
    .text                                    0x080002f0   Section        0  heapauxi.o(.text)
    .text                                    0x080002f6   Section        2  use_no_semi.o(.text)
    .text                                    0x080002f8   Section        0  _printf_char_file.o(.text)
    .text                                    0x0800031c   Section        0  _printf_char_common.o(.text)
    _printf_input_char                       0x0800031d   Thumb Code    10  _printf_char_common.o(.text)
    .text                                    0x0800034c   Section        0  ferror.o(.text)
    .text                                    0x08000354   Section        8  libspace.o(.text)
    .text                                    0x0800035c   Section       74  sys_stackheap_outer.o(.text)
    .text                                    0x080003a6   Section        0  exit.o(.text)
    i.BoardInit                              0x080003b4   Section        0  sx12xxeiger.o(i.BoardInit)
    i.BusFault_Handler                       0x080003ec   Section        0  stm32f4xx_it.o(i.BusFault_Handler)
    i.DebugMon_Handler                       0x080003ee   Section        0  stm32f4xx_it.o(i.DebugMon_Handler)
    i.HAL_GPIO_Init                          0x080003f0   Section        0  stm32f4xx_hal_gpio.o(i.HAL_GPIO_Init)
    i.HAL_GetTick                            0x080005bc   Section        0  stm32f4xx_hal.o(i.HAL_GetTick)
    i.HAL_IncTick                            0x080005c8   Section        0  stm32f4xx_hal.o(i.HAL_IncTick)
    i.HAL_Init                               0x080005d8   Section        0  stm32f4xx_hal.o(i.HAL_Init)
    i.HAL_InitTick                           0x0800060c   Section        0  stm32f4xx_hal.o(i.HAL_InitTick)
    i.HAL_MspInit                            0x0800062e   Section        0  stm32f4xx_hal.o(i.HAL_MspInit)
    i.HAL_NVIC_EnableIRQ                     0x08000636   Section        0  stm32f4xx_hal_cortex.o(i.HAL_NVIC_EnableIRQ)
    i.HAL_NVIC_SetPriority                   0x0800064c   Section        0  stm32f4xx_hal_cortex.o(i.HAL_NVIC_SetPriority)
    i.HAL_NVIC_SetPriorityGrouping           0x0800068c   Section        0  stm32f4xx_hal_cortex.o(i.HAL_NVIC_SetPriorityGrouping)
    i.HAL_RCC_ClockConfig                    0x080006b0   Section        0  stm32f4xx_hal_rcc.o(i.HAL_RCC_ClockConfig)
    i.HAL_RCC_GetHCLKFreq                    0x080008b8   Section        0  stm32f4xx_hal_rcc.o(i.HAL_RCC_GetHCLKFreq)
    i.HAL_RCC_GetPCLK1Freq                   0x080008ec   Section        0  stm32f4xx_hal_rcc.o(i.HAL_RCC_GetPCLK1Freq)
    i.HAL_RCC_GetPCLK2Freq                   0x08000918   Section        0  stm32f4xx_hal_rcc.o(i.HAL_RCC_GetPCLK2Freq)
    i.HAL_RCC_GetSysClockFreq                0x08000944   Section        0  stm32f4xx_hal_rcc.o(i.HAL_RCC_GetSysClockFreq)
    i.HAL_RCC_OscConfig                      0x080009b4   Section        0  stm32f4xx_hal_rcc.o(i.HAL_RCC_OscConfig)
    i.HAL_SYSTICK_CLKSourceConfig            0x08000cd0   Section        0  stm32f4xx_hal_cortex.o(i.HAL_SYSTICK_CLKSourceConfig)
    i.HAL_SYSTICK_Config                     0x08000ce8   Section        0  stm32f4xx_hal_cortex.o(i.HAL_SYSTICK_Config)
    i.HAL_TIMEx_BreakCallback                0x08000d10   Section        0  stm32f4xx_hal_tim_ex.o(i.HAL_TIMEx_BreakCallback)
    i.HAL_TIMEx_CommutationCallback          0x08000d12   Section        0  stm32f4xx_hal_tim_ex.o(i.HAL_TIMEx_CommutationCallback)
    i.HAL_TIM_Base_Init                      0x08000d14   Section        0  stm32f4xx_hal_tim.o(i.HAL_TIM_Base_Init)
    i.HAL_TIM_Base_MspInit                   0x08000d4c   Section        0  timer.o(i.HAL_TIM_Base_MspInit)
    i.HAL_TIM_Base_Start_IT                  0x08000d88   Section        0  stm32f4xx_hal_tim.o(i.HAL_TIM_Base_Start_IT)
    i.HAL_TIM_IC_CaptureCallback             0x08000da0   Section        0  stm32f4xx_hal_tim.o(i.HAL_TIM_IC_CaptureCallback)
    i.HAL_TIM_IRQHandler                     0x08000da2   Section        0  stm32f4xx_hal_tim.o(i.HAL_TIM_IRQHandler)
    i.HAL_TIM_OC_DelayElapsedCallback        0x08000f08   Section        0  stm32f4xx_hal_tim.o(i.HAL_TIM_OC_DelayElapsedCallback)
    i.HAL_TIM_PWM_PulseFinishedCallback      0x08000f0a   Section        0  stm32f4xx_hal_tim.o(i.HAL_TIM_PWM_PulseFinishedCallback)
    i.HAL_TIM_PeriodElapsedCallback          0x08000f0c   Section        0  timer.o(i.HAL_TIM_PeriodElapsedCallback)
    i.HAL_TIM_TriggerCallback                0x08000f3c   Section        0  stm32f4xx_hal_tim.o(i.HAL_TIM_TriggerCallback)
    i.HAL_UART_ErrorCallback                 0x08000f3e   Section        0  stm32f4xx_hal_uart.o(i.HAL_UART_ErrorCallback)
    i.HAL_UART_IRQHandler                    0x08000f40   Section        0  stm32f4xx_hal_uart.o(i.HAL_UART_IRQHandler)
    i.HAL_UART_Init                          0x08001034   Section        0  stm32f4xx_hal_uart.o(i.HAL_UART_Init)
    i.HAL_UART_MspInit                       0x08001094   Section        0  usart.o(i.HAL_UART_MspInit)
    i.HAL_UART_Receive                       0x08001124   Section        0  stm32f4xx_hal_uart.o(i.HAL_UART_Receive)
    i.HAL_UART_RxCpltCallback                0x080011ee   Section        0  stm32f4xx_hal_uart.o(i.HAL_UART_RxCpltCallback)
    i.HAL_UART_TxCpltCallback                0x080011f0   Section        0  stm32f4xx_hal_uart.o(i.HAL_UART_TxCpltCallback)
    i.HardFault_Handler                      0x080011f2   Section        0  stm32f4xx_it.o(i.HardFault_Handler)
    i.MemManage_Handler                      0x080011f4   Section        0  stm32f4xx_it.o(i.MemManage_Handler)
    i.NMI_Handler                            0x080011f6   Section        0  stm32f4xx_it.o(i.NMI_Handler)
    i.NVIC_SetPriority                       0x080011f8   Section        0  stm32f4xx_hal_cortex.o(i.NVIC_SetPriority)
    NVIC_SetPriority                         0x080011f9   Thumb Code    32  stm32f4xx_hal_cortex.o(i.NVIC_SetPriority)
    i.PendSV_Handler                         0x08001218   Section        0  stm32f4xx_it.o(i.PendSV_Handler)
    i.SVC_Handler                            0x0800121a   Section        0  stm32f4xx_it.o(i.SVC_Handler)
    i.Stm32_Clock_Init                       0x0800121c   Section        0  sys.o(i.Stm32_Clock_Init)
    i.SysTick_Handler                        0x08001280   Section        0  stm32f4xx_it.o(i.SysTick_Handler)
    i.SystemInit                             0x08001284   Section        0  system_stm32f4xx.o(i.SystemInit)
    i.TIM3_IRQHandler                        0x080012d8   Section        0  timer.o(i.TIM3_IRQHandler)
    i.TIM3_Init                              0x080012e4   Section        0  timer.o(i.TIM3_Init)
    i.TIM_Base_SetConfig                     0x08001310   Section        0  stm32f4xx_hal_tim.o(i.TIM_Base_SetConfig)
    i.UART_Receive_IT                        0x080013d0   Section        0  stm32f4xx_hal_uart.o(i.UART_Receive_IT)
    UART_Receive_IT                          0x080013d1   Thumb Code   166  stm32f4xx_hal_uart.o(i.UART_Receive_IT)
    i.UART_SetConfig                         0x08001478   Section        0  stm32f4xx_hal_uart.o(i.UART_SetConfig)
    UART_SetConfig                           0x08001479   Thumb Code   364  stm32f4xx_hal_uart.o(i.UART_SetConfig)
    i.UART_Transmit_IT                       0x080015ec   Section        0  stm32f4xx_hal_uart.o(i.UART_Transmit_IT)
    UART_Transmit_IT                         0x080015ed   Thumb Code   102  stm32f4xx_hal_uart.o(i.UART_Transmit_IT)
    i.UART_WaitOnFlagUntilTimeout            0x08001652   Section        0  stm32f4xx_hal_uart.o(i.UART_WaitOnFlagUntilTimeout)
    UART_WaitOnFlagUntilTimeout              0x08001653   Thumb Code   146  stm32f4xx_hal_uart.o(i.UART_WaitOnFlagUntilTimeout)
    i.USART2_IRQHandler                      0x080016e4   Section        0  usart.o(i.USART2_IRQHandler)
    i.UsageFault_Handler                     0x08001750   Section        0  stm32f4xx_it.o(i.UsageFault_Handler)
    i._sys_exit                              0x08001752   Section        0  usart.o(i._sys_exit)
    i.delay_init                             0x08001754   Section        0  delay.o(i.delay_init)
    i.delay_ms                               0x08001768   Section        0  delay.o(i.delay_ms)
    i.delay_us                               0x08001784   Section        0  delay.o(i.delay_us)
    i.fputc                                  0x080017b8   Section        0  usart.o(i.fputc)
    i.main                                   0x080017d0   Section        0  main.o(i.main)
    i.uart_init                              0x08001834   Section        0  usart.o(i.uart_init)
    x$fpl$fpinit                             0x08001858   Section       10  fpinit.o(x$fpl$fpinit)
    $v0                                      0x08001858   Number         0  fpinit.o(x$fpl$fpinit)
    .constdata                               0x08001862   Section       16  stm32f4xx_hal_rcc.o(.constdata)
    .data                                    0x20000000   Section        4  system_stm32f4xx.o(.data)
    .data                                    0x20000004   Section        4  stm32f4xx_hal.o(.data)
    uwTick                                   0x20000004   Data           4  stm32f4xx_hal.o(.data)
    .data                                    0x20000008   Section        4  delay.o(.data)
    fac_us                                   0x20000008   Data           4  delay.o(.data)
    .data                                    0x2000000c   Section        2  usart.o(.data)
    .data                                    0x20000010   Section        4  usart.o(.data)
    .data                                    0x20000014   Section        4  sx12xxeiger.o(.data)
    .bss                                     0x20000018   Section      264  usart.o(.bss)
    .bss                                     0x20000120   Section       60  timer.o(.bss)
    .bss                                     0x2000015c   Section       96  libspace.o(.bss)
    HEAP                                     0x200001c0   Section      768  startup_stm32f407xx.o(HEAP)
    Heap_Mem                                 0x200001c0   Data         768  startup_stm32f407xx.o(HEAP)
    STACK                                    0x200004c0   Section     1024  startup_stm32f407xx.o(STACK)
    Stack_Mem                                0x200004c0   Data        1024  startup_stm32f407xx.o(STACK)
    __initial_sp                             0x200008c0   Data           0  startup_stm32f407xx.o(STACK)

    Global Symbols

    Symbol Name                              Value     Ov Type        Size  Object(Section)

    BuildAttributes$$THM_ISAv4$E$P$D$K$B$S$7EM$VFPi3$EXTD16$VFPS$VFMA$PE$A:L22UL41UL21$X:L11$S22US41US21$IEEE1$IW$USESV6$~STKCKD$USESV7$~SHL$OTIME$ROPI$IEEEX$EBA8$UX$STANDARDLIB$REQ8$PRES8$EABIv2 0x00000000   Number         0  anon$$obj.o ABSOLUTE
    __ARM_use_no_argv                        0x00000000   Number         0  main.o ABSOLUTE
    __ARM_exceptions_init                     - Undefined Weak Reference
    __alloca_initialize                       - Undefined Weak Reference
    __arm_preinit_                            - Undefined Weak Reference
    __cpp_initialize__aeabi_                  - Undefined Weak Reference
    __cxa_finalize                            - Undefined Weak Reference
    __rt_locale                               - Undefined Weak Reference
    __sigvec_lookup                           - Undefined Weak Reference
    _atexit_init                              - Undefined Weak Reference
    _call_atexit_fns                          - Undefined Weak Reference
    _clock_init                               - Undefined Weak Reference
    _fp_trap_init                             - Undefined Weak Reference
    _fp_trap_shutdown                         - Undefined Weak Reference
    _get_lc_collate                           - Undefined Weak Reference
    _get_lc_ctype                             - Undefined Weak Reference
    _get_lc_monetary                          - Undefined Weak Reference
    _get_lc_numeric                           - Undefined Weak Reference
    _get_lc_time                              - Undefined Weak Reference
    _getenv_init                              - Undefined Weak Reference
    _handle_redirection                       - Undefined Weak Reference
    _init_alloc                               - Undefined Weak Reference
    _init_user_alloc                          - Undefined Weak Reference
    _initio                                   - Undefined Weak Reference
    _mutex_acquire                            - Undefined Weak Reference
    _mutex_release                            - Undefined Weak Reference
    _printf_post_padding                      - Undefined Weak Reference
    _printf_pre_padding                       - Undefined Weak Reference
    _printf_truncate_signed                   - Undefined Weak Reference
    _printf_truncate_unsigned                 - Undefined Weak Reference
    _rand_init                                - Undefined Weak Reference
    _signal_finish                            - Undefined Weak Reference
    _signal_init                              - Undefined Weak Reference
    _terminate_alloc                          - Undefined Weak Reference
    _terminate_user_alloc                     - Undefined Weak Reference
    _terminateio                              - Undefined Weak Reference
    __Vectors_Size                           0x00000188   Number         0  startup_stm32f407xx.o ABSOLUTE
    __Vectors                                0x08000000   Data           4  startup_stm32f407xx.o(RESET)
    __Vectors_End                            0x08000188   Data           0  startup_stm32f407xx.o(RESET)
    __main                                   0x08000189   Thumb Code     8  __main.o(!!!main)
    __scatterload                            0x08000191   Thumb Code     0  __scatter.o(!!!scatter)
    __scatterload_rt2                        0x08000191   Thumb Code    44  __scatter.o(!!!scatter)
    __scatterload_rt2_thumb_only             0x08000191   Thumb Code     0  __scatter.o(!!!scatter)
    __scatterload_null                       0x0800019f   Thumb Code     0  __scatter.o(!!!scatter)
    __scatterload_copy                       0x080001c5   Thumb Code    26  __scatter_copy.o(!!handler_copy)
    __scatterload_zeroinit                   0x080001e1   Thumb Code    28  __scatter_zi.o(!!handler_zi)
    _printf_percent                          0x080001fd   Thumb Code     0  _printf_percent.o(.ARM.Collect$$_printf_percent$$00000000)
    _printf_percent_end                      0x080001fd   Thumb Code     0  _printf_percent_end.o(.ARM.Collect$$_printf_percent$$00000017)
    __rt_lib_init                            0x08000201   Thumb Code     0  libinit.o(.ARM.Collect$$libinit$$00000000)
    __rt_lib_init_fp_1                       0x08000203   Thumb Code     0  libinit2.o(.ARM.Collect$$libinit$$00000001)
    __rt_lib_init_alloca_1                   0x08000207   Thumb Code     0  libinit2.o(.ARM.Collect$$libinit$$0000002E)
    __rt_lib_init_argv_1                     0x08000207   Thumb Code     0  libinit2.o(.ARM.Collect$$libinit$$0000002C)
    __rt_lib_init_atexit_1                   0x08000207   Thumb Code     0  libinit2.o(.ARM.Collect$$libinit$$0000001B)
    __rt_lib_init_clock_1                    0x08000207   Thumb Code     0  libinit2.o(.ARM.Collect$$libinit$$00000021)
    __rt_lib_init_cpp_1                      0x08000207   Thumb Code     0  libinit2.o(.ARM.Collect$$libinit$$00000032)
    __rt_lib_init_exceptions_1               0x08000207   Thumb Code     0  libinit2.o(.ARM.Collect$$libinit$$00000030)
    __rt_lib_init_fp_trap_1                  0x08000207   Thumb Code     0  libinit2.o(.ARM.Collect$$libinit$$0000001F)
    __rt_lib_init_getenv_1                   0x08000207   Thumb Code     0  libinit2.o(.ARM.Collect$$libinit$$00000023)
    __rt_lib_init_heap_1                     0x08000207   Thumb Code     0  libinit2.o(.ARM.Collect$$libinit$$0000000A)
    __rt_lib_init_lc_collate_1               0x08000207   Thumb Code     0  libinit2.o(.ARM.Collect$$libinit$$00000011)
    __rt_lib_init_lc_ctype_1                 0x08000207   Thumb Code     0  libinit2.o(.ARM.Collect$$libinit$$00000013)
    __rt_lib_init_lc_monetary_1              0x08000207   Thumb Code     0  libinit2.o(.ARM.Collect$$libinit$$00000015)
    __rt_lib_init_lc_numeric_1               0x08000207   Thumb Code     0  libinit2.o(.ARM.Collect$$libinit$$00000017)
    __rt_lib_init_lc_time_1                  0x08000207   Thumb Code     0  libinit2.o(.ARM.Collect$$libinit$$00000019)
    __rt_lib_init_preinit_1                  0x08000207   Thumb Code     0  libinit2.o(.ARM.Collect$$libinit$$00000004)
    __rt_lib_init_rand_1                     0x08000207   Thumb Code     0  libinit2.o(.ARM.Collect$$libinit$$0000000E)
    __rt_lib_init_return                     0x08000207   Thumb Code     0  libinit2.o(.ARM.Collect$$libinit$$00000033)
    __rt_lib_init_signal_1                   0x08000207   Thumb Code     0  libinit2.o(.ARM.Collect$$libinit$$0000001D)
    __rt_lib_init_stdio_1                    0x08000207   Thumb Code     0  libinit2.o(.ARM.Collect$$libinit$$00000025)
    __rt_lib_init_user_alloc_1               0x08000207   Thumb Code     0  libinit2.o(.ARM.Collect$$libinit$$0000000C)
    __rt_lib_shutdown                        0x08000209   Thumb Code     0  libshutdown.o(.ARM.Collect$$libshutdown$$00000000)
    __rt_lib_shutdown_fp_trap_1              0x0800020b   Thumb Code     0  libshutdown2.o(.ARM.Collect$$libshutdown$$00000006)
    __rt_lib_shutdown_heap_1                 0x0800020b   Thumb Code     0  libshutdown2.o(.ARM.Collect$$libshutdown$$0000000E)
    __rt_lib_shutdown_return                 0x0800020b   Thumb Code     0  libshutdown2.o(.ARM.Collect$$libshutdown$$0000000F)
    __rt_lib_shutdown_signal_1               0x0800020b   Thumb Code     0  libshutdown2.o(.ARM.Collect$$libshutdown$$00000009)
    __rt_lib_shutdown_stdio_1                0x0800020b   Thumb Code     0  libshutdown2.o(.ARM.Collect$$libshutdown$$00000003)
    __rt_lib_shutdown_user_alloc_1           0x0800020b   Thumb Code     0  libshutdown2.o(.ARM.Collect$$libshutdown$$0000000B)
    __rt_entry                               0x0800020d   Thumb Code     0  __rtentry.o(.ARM.Collect$$rtentry$$00000000)
    __rt_entry_presh_1                       0x0800020d   Thumb Code     0  __rtentry2.o(.ARM.Collect$$rtentry$$00000002)
    __rt_entry_sh                            0x0800020d   Thumb Code     0  __rtentry4.o(.ARM.Collect$$rtentry$$00000004)
    __rt_entry_li                            0x08000213   Thumb Code     0  __rtentry2.o(.ARM.Collect$$rtentry$$0000000A)
    __rt_entry_postsh_1                      0x08000213   Thumb Code     0  __rtentry2.o(.ARM.Collect$$rtentry$$00000009)
    __rt_entry_main                          0x08000217   Thumb Code     0  __rtentry2.o(.ARM.Collect$$rtentry$$0000000D)
    __rt_entry_postli_1                      0x08000217   Thumb Code     0  __rtentry2.o(.ARM.Collect$$rtentry$$0000000C)
    __rt_exit                                0x0800021f   Thumb Code     0  rtexit.o(.ARM.Collect$$rtexit$$00000000)
    __rt_exit_ls                             0x08000221   Thumb Code     0  rtexit2.o(.ARM.Collect$$rtexit$$00000003)
    __rt_exit_prels_1                        0x08000221   Thumb Code     0  rtexit2.o(.ARM.Collect$$rtexit$$00000002)
    __rt_exit_exit                           0x08000225   Thumb Code     0  rtexit2.o(.ARM.Collect$$rtexit$$00000004)
    Reset_Handler                            0x0800022d   Thumb Code     8  startup_stm32f407xx.o(.text)
    ADC_IRQHandler                           0x08000247   Thumb Code     0  startup_stm32f407xx.o(.text)
    CAN1_RX0_IRQHandler                      0x08000247   Thumb Code     0  startup_stm32f407xx.o(.text)
    CAN1_RX1_IRQHandler                      0x08000247   Thumb Code     0  startup_stm32f407xx.o(.text)
    CAN1_SCE_IRQHandler                      0x08000247   Thumb Code     0  startup_stm32f407xx.o(.text)
    CAN1_TX_IRQHandler                       0x08000247   Thumb Code     0  startup_stm32f407xx.o(.text)
    CAN2_RX0_IRQHandler                      0x08000247   Thumb Code     0  startup_stm32f407xx.o(.text)
    CAN2_RX1_IRQHandler                      0x08000247   Thumb Code     0  startup_stm32f407xx.o(.text)
    CAN2_SCE_IRQHandler                      0x08000247   Thumb Code     0  startup_stm32f407xx.o(.text)
    CAN2_TX_IRQHandler                       0x08000247   Thumb Code     0  startup_stm32f407xx.o(.text)
    DCMI_IRQHandler                          0x08000247   Thumb Code     0  startup_stm32f407xx.o(.text)
    DMA1_Stream0_IRQHandler                  0x08000247   Thumb Code     0  startup_stm32f407xx.o(.text)
    DMA1_Stream1_IRQHandler                  0x08000247   Thumb Code     0  startup_stm32f407xx.o(.text)
    DMA1_Stream2_IRQHandler                  0x08000247   Thumb Code     0  startup_stm32f407xx.o(.text)
    DMA1_Stream3_IRQHandler                  0x08000247   Thumb Code     0  startup_stm32f407xx.o(.text)
    DMA1_Stream4_IRQHandler                  0x08000247   Thumb Code     0  startup_stm32f407xx.o(.text)
    DMA1_Stream5_IRQHandler                  0x08000247   Thumb Code     0  startup_stm32f407xx.o(.text)
    DMA1_Stream6_IRQHandler                  0x08000247   Thumb Code     0  startup_stm32f407xx.o(.text)
    DMA1_Stream7_IRQHandler                  0x08000247   Thumb Code     0  startup_stm32f407xx.o(.text)
    DMA2_Stream0_IRQHandler                  0x08000247   Thumb Code     0  startup_stm32f407xx.o(.text)
    DMA2_Stream1_IRQHandler                  0x08000247   Thumb Code     0  startup_stm32f407xx.o(.text)
    DMA2_Stream2_IRQHandler                  0x08000247   Thumb Code     0  startup_stm32f407xx.o(.text)
    DMA2_Stream3_IRQHandler                  0x08000247   Thumb Code     0  startup_stm32f407xx.o(.text)
    DMA2_Stream4_IRQHandler                  0x08000247   Thumb Code     0  startup_stm32f407xx.o(.text)
    DMA2_Stream5_IRQHandler                  0x08000247   Thumb Code     0  startup_stm32f407xx.o(.text)
    DMA2_Stream6_IRQHandler                  0x08000247   Thumb Code     0  startup_stm32f407xx.o(.text)
    DMA2_Stream7_IRQHandler                  0x08000247   Thumb Code     0  startup_stm32f407xx.o(.text)
    ETH_IRQHandler                           0x08000247   Thumb Code     0  startup_stm32f407xx.o(.text)
    ETH_WKUP_IRQHandler                      0x08000247   Thumb Code     0  startup_stm32f407xx.o(.text)
    EXTI0_IRQHandler                         0x08000247   Thumb Code     0  startup_stm32f407xx.o(.text)
    EXTI15_10_IRQHandler                     0x08000247   Thumb Code     0  startup_stm32f407xx.o(.text)
    EXTI1_IRQHandler                         0x08000247   Thumb Code     0  startup_stm32f407xx.o(.text)
    EXTI2_IRQHandler                         0x08000247   Thumb Code     0  startup_stm32f407xx.o(.text)
    EXTI3_IRQHandler                         0x08000247   Thumb Code     0  startup_stm32f407xx.o(.text)
    EXTI4_IRQHandler                         0x08000247   Thumb Code     0  startup_stm32f407xx.o(.text)
    EXTI9_5_IRQHandler                       0x08000247   Thumb Code     0  startup_stm32f407xx.o(.text)
    FLASH_IRQHandler                         0x08000247   Thumb Code     0  startup_stm32f407xx.o(.text)
    FMC_IRQHandler                           0x08000247   Thumb Code     0  startup_stm32f407xx.o(.text)
    FPU_IRQHandler                           0x08000247   Thumb Code     0  startup_stm32f407xx.o(.text)
    HASH_RNG_IRQHandler                      0x08000247   Thumb Code     0  startup_stm32f407xx.o(.text)
    I2C1_ER_IRQHandler                       0x08000247   Thumb Code     0  startup_stm32f407xx.o(.text)
    I2C1_EV_IRQHandler                       0x08000247   Thumb Code     0  startup_stm32f407xx.o(.text)
    I2C2_ER_IRQHandler                       0x08000247   Thumb Code     0  startup_stm32f407xx.o(.text)
    I2C2_EV_IRQHandler                       0x08000247   Thumb Code     0  startup_stm32f407xx.o(.text)
    I2C3_ER_IRQHandler                       0x08000247   Thumb Code     0  startup_stm32f407xx.o(.text)
    I2C3_EV_IRQHandler                       0x08000247   Thumb Code     0  startup_stm32f407xx.o(.text)
    OTG_FS_IRQHandler                        0x08000247   Thumb Code     0  startup_stm32f407xx.o(.text)
    OTG_FS_WKUP_IRQHandler                   0x08000247   Thumb Code     0  startup_stm32f407xx.o(.text)
    OTG_HS_EP1_IN_IRQHandler                 0x08000247   Thumb Code     0  startup_stm32f407xx.o(.text)
    OTG_HS_EP1_OUT_IRQHandler                0x08000247   Thumb Code     0  startup_stm32f407xx.o(.text)
    OTG_HS_IRQHandler                        0x08000247   Thumb Code     0  startup_stm32f407xx.o(.text)
    OTG_HS_WKUP_IRQHandler                   0x08000247   Thumb Code     0  startup_stm32f407xx.o(.text)
    PVD_IRQHandler                           0x08000247   Thumb Code     0  startup_stm32f407xx.o(.text)
    RCC_IRQHandler                           0x08000247   Thumb Code     0  startup_stm32f407xx.o(.text)
    RTC_Alarm_IRQHandler                     0x08000247   Thumb Code     0  startup_stm32f407xx.o(.text)
    RTC_WKUP_IRQHandler                      0x08000247   Thumb Code     0  startup_stm32f407xx.o(.text)
    SDIO_IRQHandler                          0x08000247   Thumb Code     0  startup_stm32f407xx.o(.text)
    SPI1_IRQHandler                          0x08000247   Thumb Code     0  startup_stm32f407xx.o(.text)
    SPI2_IRQHandler                          0x08000247   Thumb Code     0  startup_stm32f407xx.o(.text)
    SPI3_IRQHandler                          0x08000247   Thumb Code     0  startup_stm32f407xx.o(.text)
    TAMP_STAMP_IRQHandler                    0x08000247   Thumb Code     0  startup_stm32f407xx.o(.text)
    TIM1_BRK_TIM9_IRQHandler                 0x08000247   Thumb Code     0  startup_stm32f407xx.o(.text)
    TIM1_CC_IRQHandler                       0x08000247   Thumb Code     0  startup_stm32f407xx.o(.text)
    TIM1_TRG_COM_TIM11_IRQHandler            0x08000247   Thumb Code     0  startup_stm32f407xx.o(.text)
    TIM1_UP_TIM10_IRQHandler                 0x08000247   Thumb Code     0  startup_stm32f407xx.o(.text)
    TIM2_IRQHandler                          0x08000247   Thumb Code     0  startup_stm32f407xx.o(.text)
    TIM4_IRQHandler                          0x08000247   Thumb Code     0  startup_stm32f407xx.o(.text)
    TIM5_IRQHandler                          0x08000247   Thumb Code     0  startup_stm32f407xx.o(.text)
    TIM6_DAC_IRQHandler                      0x08000247   Thumb Code     0  startup_stm32f407xx.o(.text)
    TIM7_IRQHandler                          0x08000247   Thumb Code     0  startup_stm32f407xx.o(.text)
    TIM8_BRK_TIM12_IRQHandler                0x08000247   Thumb Code     0  startup_stm32f407xx.o(.text)
    TIM8_CC_IRQHandler                       0x08000247   Thumb Code     0  startup_stm32f407xx.o(.text)
    TIM8_TRG_COM_TIM14_IRQHandler            0x08000247   Thumb Code     0  startup_stm32f407xx.o(.text)
    TIM8_UP_TIM13_IRQHandler                 0x08000247   Thumb Code     0  startup_stm32f407xx.o(.text)
    UART4_IRQHandler                         0x08000247   Thumb Code     0  startup_stm32f407xx.o(.text)
    UART5_IRQHandler                         0x08000247   Thumb Code     0  startup_stm32f407xx.o(.text)
    USART1_IRQHandler                        0x08000247   Thumb Code     0  startup_stm32f407xx.o(.text)
    USART3_IRQHandler                        0x08000247   Thumb Code     0  startup_stm32f407xx.o(.text)
    USART6_IRQHandler                        0x08000247   Thumb Code     0  startup_stm32f407xx.o(.text)
    WWDG_IRQHandler                          0x08000247   Thumb Code     0  startup_stm32f407xx.o(.text)
    __user_initial_stackheap                 0x08000249   Thumb Code     0  startup_stm32f407xx.o(.text)
    __use_no_semihosting                     0x0800026d   Thumb Code     2  use_no_semi_2.o(.text)
    __2printf                                0x08000271   Thumb Code    20  noretval__2printf.o(.text)
    __printf                                 0x08000289   Thumb Code   104  __printf.o(.text)
    __use_two_region_memory                  0x080002f1   Thumb Code     2  heapauxi.o(.text)
    __rt_heap_escrow$2region                 0x080002f3   Thumb Code     2  heapauxi.o(.text)
    __rt_heap_expand$2region                 0x080002f5   Thumb Code     2  heapauxi.o(.text)
    __I$use$semihosting                      0x080002f7   Thumb Code     0  use_no_semi.o(.text)
    __use_no_semihosting_swi                 0x080002f7   Thumb Code     2  use_no_semi.o(.text)
    _printf_char_file                        0x080002f9   Thumb Code    32  _printf_char_file.o(.text)
    _printf_char_common                      0x08000327   Thumb Code    32  _printf_char_common.o(.text)
    ferror                                   0x0800034d   Thumb Code     8  ferror.o(.text)
    __user_libspace                          0x08000355   Thumb Code     8  libspace.o(.text)
    __user_perproc_libspace                  0x08000355   Thumb Code     0  libspace.o(.text)
    __user_perthread_libspace                0x08000355   Thumb Code     0  libspace.o(.text)
    __user_setup_stackheap                   0x0800035d   Thumb Code    74  sys_stackheap_outer.o(.text)
    exit                                     0x080003a7   Thumb Code    12  exit.o(.text)
    BoardInit                                0x080003b5   Thumb Code    46  sx12xxeiger.o(i.BoardInit)
    BusFault_Handler                         0x080003ed   Thumb Code     2  stm32f4xx_it.o(i.BusFault_Handler)
    DebugMon_Handler                         0x080003ef   Thumb Code     2  stm32f4xx_it.o(i.DebugMon_Handler)
    HAL_GPIO_Init                            0x080003f1   Thumb Code   412  stm32f4xx_hal_gpio.o(i.HAL_GPIO_Init)
    HAL_GetTick                              0x080005bd   Thumb Code     6  stm32f4xx_hal.o(i.HAL_GetTick)
    HAL_IncTick                              0x080005c9   Thumb Code    10  stm32f4xx_hal.o(i.HAL_IncTick)
    HAL_Init                                 0x080005d9   Thumb Code    48  stm32f4xx_hal.o(i.HAL_Init)
    HAL_InitTick                             0x0800060d   Thumb Code    34  stm32f4xx_hal.o(i.HAL_InitTick)
    HAL_MspInit                              0x0800062f   Thumb Code     8  stm32f4xx_hal.o(i.HAL_MspInit)
    HAL_NVIC_EnableIRQ                       0x08000637   Thumb Code    22  stm32f4xx_hal_cortex.o(i.HAL_NVIC_EnableIRQ)
    HAL_NVIC_SetPriority                     0x0800064d   Thumb Code    60  stm32f4xx_hal_cortex.o(i.HAL_NVIC_SetPriority)
    HAL_NVIC_SetPriorityGrouping             0x0800068d   Thumb Code    26  stm32f4xx_hal_cortex.o(i.HAL_NVIC_SetPriorityGrouping)
    HAL_RCC_ClockConfig                      0x080006b1   Thumb Code   512  stm32f4xx_hal_rcc.o(i.HAL_RCC_ClockConfig)
    HAL_RCC_GetHCLKFreq                      0x080008b9   Thumb Code    38  stm32f4xx_hal_rcc.o(i.HAL_RCC_GetHCLKFreq)
    HAL_RCC_GetPCLK1Freq                     0x080008ed   Thumb Code    36  stm32f4xx_hal_rcc.o(i.HAL_RCC_GetPCLK1Freq)
    HAL_RCC_GetPCLK2Freq                     0x08000919   Thumb Code    36  stm32f4xx_hal_rcc.o(i.HAL_RCC_GetPCLK2Freq)
    HAL_RCC_GetSysClockFreq                  0x08000945   Thumb Code   104  stm32f4xx_hal_rcc.o(i.HAL_RCC_GetSysClockFreq)
    HAL_RCC_OscConfig                        0x080009b5   Thumb Code   774  stm32f4xx_hal_rcc.o(i.HAL_RCC_OscConfig)
    HAL_SYSTICK_CLKSourceConfig              0x08000cd1   Thumb Code    24  stm32f4xx_hal_cortex.o(i.HAL_SYSTICK_CLKSourceConfig)
    HAL_SYSTICK_Config                       0x08000ce9   Thumb Code    40  stm32f4xx_hal_cortex.o(i.HAL_SYSTICK_Config)
    HAL_TIMEx_BreakCallback                  0x08000d11   Thumb Code     2  stm32f4xx_hal_tim_ex.o(i.HAL_TIMEx_BreakCallback)
    HAL_TIMEx_CommutationCallback            0x08000d13   Thumb Code     2  stm32f4xx_hal_tim_ex.o(i.HAL_TIMEx_CommutationCallback)
    HAL_TIM_Base_Init                        0x08000d15   Thumb Code    54  stm32f4xx_hal_tim.o(i.HAL_TIM_Base_Init)
    HAL_TIM_Base_MspInit                     0x08000d4d   Thumb Code    50  timer.o(i.HAL_TIM_Base_MspInit)
    HAL_TIM_Base_Start_IT                    0x08000d89   Thumb Code    24  stm32f4xx_hal_tim.o(i.HAL_TIM_Base_Start_IT)
    HAL_TIM_IC_CaptureCallback               0x08000da1   Thumb Code     2  stm32f4xx_hal_tim.o(i.HAL_TIM_IC_CaptureCallback)
    HAL_TIM_IRQHandler                       0x08000da3   Thumb Code   358  stm32f4xx_hal_tim.o(i.HAL_TIM_IRQHandler)
    HAL_TIM_OC_DelayElapsedCallback          0x08000f09   Thumb Code     2  stm32f4xx_hal_tim.o(i.HAL_TIM_OC_DelayElapsedCallback)
    HAL_TIM_PWM_PulseFinishedCallback        0x08000f0b   Thumb Code     2  stm32f4xx_hal_tim.o(i.HAL_TIM_PWM_PulseFinishedCallback)
    HAL_TIM_PeriodElapsedCallback            0x08000f0d   Thumb Code    34  timer.o(i.HAL_TIM_PeriodElapsedCallback)
    HAL_TIM_TriggerCallback                  0x08000f3d   Thumb Code     2  stm32f4xx_hal_tim.o(i.HAL_TIM_TriggerCallback)
    HAL_UART_ErrorCallback                   0x08000f3f   Thumb Code     2  stm32f4xx_hal_uart.o(i.HAL_UART_ErrorCallback)
    HAL_UART_IRQHandler                      0x08000f41   Thumb Code   244  stm32f4xx_hal_uart.o(i.HAL_UART_IRQHandler)
    HAL_UART_Init                            0x08001035   Thumb Code    94  stm32f4xx_hal_uart.o(i.HAL_UART_Init)
    HAL_UART_MspInit                         0x08001095   Thumb Code   132  usart.o(i.HAL_UART_MspInit)
    HAL_UART_Receive                         0x08001125   Thumb Code   202  stm32f4xx_hal_uart.o(i.HAL_UART_Receive)
    HAL_UART_RxCpltCallback                  0x080011ef   Thumb Code     2  stm32f4xx_hal_uart.o(i.HAL_UART_RxCpltCallback)
    HAL_UART_TxCpltCallback                  0x080011f1   Thumb Code     2  stm32f4xx_hal_uart.o(i.HAL_UART_TxCpltCallback)
    HardFault_Handler                        0x080011f3   Thumb Code     2  stm32f4xx_it.o(i.HardFault_Handler)
    MemManage_Handler                        0x080011f5   Thumb Code     2  stm32f4xx_it.o(i.MemManage_Handler)
    NMI_Handler                              0x080011f7   Thumb Code     2  stm32f4xx_it.o(i.NMI_Handler)
    PendSV_Handler                           0x08001219   Thumb Code     2  stm32f4xx_it.o(i.PendSV_Handler)
    SVC_Handler                              0x0800121b   Thumb Code     2  stm32f4xx_it.o(i.SVC_Handler)
    Stm32_Clock_Init                         0x0800121d   Thumb Code    96  sys.o(i.Stm32_Clock_Init)
    SysTick_Handler                          0x08001281   Thumb Code     4  stm32f4xx_it.o(i.SysTick_Handler)
    SystemInit                               0x08001285   Thumb Code    66  system_stm32f4xx.o(i.SystemInit)
    TIM3_IRQHandler                          0x080012d9   Thumb Code     6  timer.o(i.TIM3_IRQHandler)
    TIM3_Init                                0x080012e5   Thumb Code    34  timer.o(i.TIM3_Init)
    TIM_Base_SetConfig                       0x08001311   Thumb Code   148  stm32f4xx_hal_tim.o(i.TIM_Base_SetConfig)
    USART2_IRQHandler                        0x080016e5   Thumb Code   100  usart.o(i.USART2_IRQHandler)
    UsageFault_Handler                       0x08001751   Thumb Code     2  stm32f4xx_it.o(i.UsageFault_Handler)
    _sys_exit                                0x08001753   Thumb Code     2  usart.o(i._sys_exit)
    delay_init                               0x08001755   Thumb Code    16  delay.o(i.delay_init)
    delay_ms                                 0x08001769   Thumb Code    26  delay.o(i.delay_ms)
    delay_us                                 0x08001785   Thumb Code    48  delay.o(i.delay_us)
    fputc                                    0x080017b9   Thumb Code    18  usart.o(i.fputc)
    main                                     0x080017d1   Thumb Code    82  main.o(i.main)
    uart_init                                0x08001835   Thumb Code    28  usart.o(i.uart_init)
    _fp_init                                 0x08001859   Thumb Code    10  fpinit.o(x$fpl$fpinit)
    __fplib_config_fpu_vfp                   0x08001861   Thumb Code     0  fpinit.o(x$fpl$fpinit)
    __fplib_config_pureend_doubles           0x08001861   Thumb Code     0  fpinit.o(x$fpl$fpinit)
    APBAHBPrescTable                         0x08001862   Data          16  stm32f4xx_hal_rcc.o(.constdata)
    Region$$Table$$Base                      0x08001874   Number         0  anon$$obj.o(Region$$Table)
    Region$$Table$$Limit                     0x08001894   Number         0  anon$$obj.o(Region$$Table)
    SystemCoreClock                          0x20000000   Data           4  system_stm32f4xx.o(.data)
    USART_RX_STA                             0x2000000c   Data           2  usart.o(.data)
    __stdout                                 0x20000010   Data           4  usart.o(.data)
    TickCounter                              0x20000014   Data           4  sx12xxeiger.o(.data)
    USART_RX_BUF                             0x20000018   Data         200  usart.o(.bss)
    UART1_Handler                            0x200000e0   Data          64  usart.o(.bss)
    TIM3_Handler                             0x20000120   Data          60  timer.o(.bss)
    __libspace_start                         0x2000015c   Data          96  libspace.o(.bss)
    __temporary_stack_top$libspace           0x200001bc   Data           0  libspace.o(.bss)



==============================================================================

Memory Map of the image

  Image Entry point : 0x08000189

  Load Region LR_IROM1 (Base: 0x08000000, Size: 0x000018ac, Max: 0x00100000, ABSOLUTE)

    Execution Region ER_IROM1 (Base: 0x08000000, Size: 0x00001894, Max: 0x00100000, ABSOLUTE)

    Base Addr    Size         Type   Attr      Idx    E Section Name        Object

    0x08000000   0x00000188   Data   RO          489    RESET               startup_stm32f407xx.o
    0x08000188   0x00000008   Code   RO         4747  * !!!main             c_w.l(__main.o)
    0x08000190   0x00000034   Code   RO         5031    !!!scatter          c_w.l(__scatter.o)
    0x080001c4   0x0000001a   Code   RO         5033    !!handler_copy      c_w.l(__scatter_copy.o)
    0x080001de   0x00000002   PAD
    0x080001e0   0x0000001c   Code   RO         5035    !!handler_zi        c_w.l(__scatter_zi.o)
    0x080001fc   0x00000000   Code   RO         4740    .ARM.Collect$$_printf_percent$$00000000  c_w.l(_printf_percent.o)
    0x080001fc   0x00000004   Code   RO         4810    .ARM.Collect$$_printf_percent$$00000017  c_w.l(_printf_percent_end.o)
    0x08000200   0x00000002   Code   RO         4905    .ARM.Collect$$libinit$$00000000  c_w.l(libinit.o)
    0x08000202   0x00000004   Code   RO         4910    .ARM.Collect$$libinit$$00000001  c_w.l(libinit2.o)
    0x08000206   0x00000000   Code   RO         4913    .ARM.Collect$$libinit$$00000004  c_w.l(libinit2.o)
    0x08000206   0x00000000   Code   RO         4916    .ARM.Collect$$libinit$$0000000A  c_w.l(libinit2.o)
    0x08000206   0x00000000   Code   RO         4918    .ARM.Collect$$libinit$$0000000C  c_w.l(libinit2.o)
    0x08000206   0x00000000   Code   RO         4920    .ARM.Collect$$libinit$$0000000E  c_w.l(libinit2.o)
    0x08000206   0x00000000   Code   RO         4923    .ARM.Collect$$libinit$$00000011  c_w.l(libinit2.o)
    0x08000206   0x00000000   Code   RO         4925    .ARM.Collect$$libinit$$00000013  c_w.l(libinit2.o)
    0x08000206   0x00000000   Code   RO         4927    .ARM.Collect$$libinit$$00000015  c_w.l(libinit2.o)
    0x08000206   0x00000000   Code   RO         4929    .ARM.Collect$$libinit$$00000017  c_w.l(libinit2.o)
    0x08000206   0x00000000   Code   RO         4931    .ARM.Collect$$libinit$$00000019  c_w.l(libinit2.o)
    0x08000206   0x00000000   Code   RO         4933    .ARM.Collect$$libinit$$0000001B  c_w.l(libinit2.o)
    0x08000206   0x00000000   Code   RO         4935    .ARM.Collect$$libinit$$0000001D  c_w.l(libinit2.o)
    0x08000206   0x00000000   Code   RO         4937    .ARM.Collect$$libinit$$0000001F  c_w.l(libinit2.o)
    0x08000206   0x00000000   Code   RO         4939    .ARM.Collect$$libinit$$00000021  c_w.l(libinit2.o)
    0x08000206   0x00000000   Code   RO         4941    .ARM.Collect$$libinit$$00000023  c_w.l(libinit2.o)
    0x08000206   0x00000000   Code   RO         4943    .ARM.Collect$$libinit$$00000025  c_w.l(libinit2.o)
    0x08000206   0x00000000   Code   RO         4947    .ARM.Collect$$libinit$$0000002C  c_w.l(libinit2.o)
    0x08000206   0x00000000   Code   RO         4949    .ARM.Collect$$libinit$$0000002E  c_w.l(libinit2.o)
    0x08000206   0x00000000   Code   RO         4951    .ARM.Collect$$libinit$$00000030  c_w.l(libinit2.o)
    0x08000206   0x00000000   Code   RO         4953    .ARM.Collect$$libinit$$00000032  c_w.l(libinit2.o)
    0x08000206   0x00000002   Code   RO         4954    .ARM.Collect$$libinit$$00000033  c_w.l(libinit2.o)
    0x08000208   0x00000002   Code   RO         4974    .ARM.Collect$$libshutdown$$00000000  c_w.l(libshutdown.o)
    0x0800020a   0x00000000   Code   RO         4985    .ARM.Collect$$libshutdown$$00000003  c_w.l(libshutdown2.o)
    0x0800020a   0x00000000   Code   RO         4988    .ARM.Collect$$libshutdown$$00000006  c_w.l(libshutdown2.o)
    0x0800020a   0x00000000   Code   RO         4991    .ARM.Collect$$libshutdown$$00000009  c_w.l(libshutdown2.o)
    0x0800020a   0x00000000   Code   RO         4993    .ARM.Collect$$libshutdown$$0000000B  c_w.l(libshutdown2.o)
    0x0800020a   0x00000000   Code   RO         4996    .ARM.Collect$$libshutdown$$0000000E  c_w.l(libshutdown2.o)
    0x0800020a   0x00000002   Code   RO         4997    .ARM.Collect$$libshutdown$$0000000F  c_w.l(libshutdown2.o)
    0x0800020c   0x00000000   Code   RO         4803    .ARM.Collect$$rtentry$$00000000  c_w.l(__rtentry.o)
    0x0800020c   0x00000000   Code   RO         4862    .ARM.Collect$$rtentry$$00000002  c_w.l(__rtentry2.o)
    0x0800020c   0x00000006   Code   RO         4874    .ARM.Collect$$rtentry$$00000004  c_w.l(__rtentry4.o)
    0x08000212   0x00000000   Code   RO         4864    .ARM.Collect$$rtentry$$00000009  c_w.l(__rtentry2.o)
    0x08000212   0x00000004   Code   RO         4865    .ARM.Collect$$rtentry$$0000000A  c_w.l(__rtentry2.o)
    0x08000216   0x00000000   Code   RO         4867    .ARM.Collect$$rtentry$$0000000C  c_w.l(__rtentry2.o)
    0x08000216   0x00000008   Code   RO         4868    .ARM.Collect$$rtentry$$0000000D  c_w.l(__rtentry2.o)
    0x0800021e   0x00000002   Code   RO         4908    .ARM.Collect$$rtexit$$00000000  c_w.l(rtexit.o)
    0x08000220   0x00000000   Code   RO         4958    .ARM.Collect$$rtexit$$00000002  c_w.l(rtexit2.o)
    0x08000220   0x00000004   Code   RO         4959    .ARM.Collect$$rtexit$$00000003  c_w.l(rtexit2.o)
    0x08000224   0x00000006   Code   RO         4960    .ARM.Collect$$rtexit$$00000004  c_w.l(rtexit2.o)
    0x0800022a   0x00000002   PAD
    0x0800022c   0x00000040   Code   RO          490    .text               startup_stm32f407xx.o
    0x0800026c   0x00000002   Code   RO         4709    .text               c_w.l(use_no_semi_2.o)
    0x0800026e   0x00000002   PAD
    0x08000270   0x00000018   Code   RO         4713    .text               c_w.l(noretval__2printf.o)
    0x08000288   0x00000068   Code   RO         4715    .text               c_w.l(__printf.o)
    0x080002f0   0x00000006   Code   RO         4745    .text               c_w.l(heapauxi.o)
    0x080002f6   0x00000002   Code   RO         4801    .text               c_w.l(use_no_semi.o)
    0x080002f8   0x00000024   Code   RO         4808    .text               c_w.l(_printf_char_file.o)
    0x0800031c   0x00000030   Code   RO         4881    .text               c_w.l(_printf_char_common.o)
    0x0800034c   0x00000008   Code   RO         4883    .text               c_w.l(ferror.o)
    0x08000354   0x00000008   Code   RO         4891    .text               c_w.l(libspace.o)
    0x0800035c   0x0000004a   Code   RO         4894    .text               c_w.l(sys_stackheap_outer.o)
    0x080003a6   0x0000000c   Code   RO         4898    .text               c_w.l(exit.o)
    0x080003b2   0x00000002   PAD
    0x080003b4   0x00000038   Code   RO         3342    i.BoardInit         sx12xxeiger.o
    0x080003ec   0x00000002   Code   RO          287    i.BusFault_Handler  stm32f4xx_it.o
    0x080003ee   0x00000002   Code   RO          288    i.DebugMon_Handler  stm32f4xx_it.o
    0x080003f0   0x000001cc   Code   RO          769    i.HAL_GPIO_Init     stm32f4xx_hal_gpio.o
    0x080005bc   0x0000000c   Code   RO          510    i.HAL_GetTick       stm32f4xx_hal.o
    0x080005c8   0x00000010   Code   RO          511    i.HAL_IncTick       stm32f4xx_hal.o
    0x080005d8   0x00000034   Code   RO          512    i.HAL_Init          stm32f4xx_hal.o
    0x0800060c   0x00000022   Code   RO          513    i.HAL_InitTick      stm32f4xx_hal.o
    0x0800062e   0x00000008   Code   RO          515    i.HAL_MspInit       stm32f4xx_hal.o
    0x08000636   0x00000016   Code   RO          646    i.HAL_NVIC_EnableIRQ  stm32f4xx_hal_cortex.o
    0x0800064c   0x00000040   Code   RO          652    i.HAL_NVIC_SetPriority  stm32f4xx_hal_cortex.o
    0x0800068c   0x00000024   Code   RO          653    i.HAL_NVIC_SetPriorityGrouping  stm32f4xx_hal_cortex.o
    0x080006b0   0x00000208   Code   RO         1007    i.HAL_RCC_ClockConfig  stm32f4xx_hal_rcc.o
    0x080008b8   0x00000034   Code   RO         1012    i.HAL_RCC_GetHCLKFreq  stm32f4xx_hal_rcc.o
    0x080008ec   0x0000002c   Code   RO         1014    i.HAL_RCC_GetPCLK1Freq  stm32f4xx_hal_rcc.o
    0x08000918   0x0000002c   Code   RO         1015    i.HAL_RCC_GetPCLK2Freq  stm32f4xx_hal_rcc.o
    0x08000944   0x00000070   Code   RO         1016    i.HAL_RCC_GetSysClockFreq  stm32f4xx_hal_rcc.o
    0x080009b4   0x0000031c   Code   RO         1019    i.HAL_RCC_OscConfig  stm32f4xx_hal_rcc.o
    0x08000cd0   0x00000018   Code   RO          655    i.HAL_SYSTICK_CLKSourceConfig  stm32f4xx_hal_cortex.o
    0x08000ce8   0x00000028   Code   RO          657    i.HAL_SYSTICK_Config  stm32f4xx_hal_cortex.o
    0x08000d10   0x00000002   Code   RO         2357    i.HAL_TIMEx_BreakCallback  stm32f4xx_hal_tim_ex.o
    0x08000d12   0x00000002   Code   RO         2358    i.HAL_TIMEx_CommutationCallback  stm32f4xx_hal_tim_ex.o
    0x08000d14   0x00000036   Code   RO         1728    i.HAL_TIM_Base_Init  stm32f4xx_hal_tim.o
    0x08000d4a   0x00000002   PAD
    0x08000d4c   0x0000003c   Code   RO         3228    i.HAL_TIM_Base_MspInit  timer.o
    0x08000d88   0x00000018   Code   RO         1733    i.HAL_TIM_Base_Start_IT  stm32f4xx_hal_tim.o
    0x08000da0   0x00000002   Code   RO         1757    i.HAL_TIM_IC_CaptureCallback  stm32f4xx_hal_tim.o
    0x08000da2   0x00000166   Code   RO         1770    i.HAL_TIM_IRQHandler  stm32f4xx_hal_tim.o
    0x08000f08   0x00000002   Code   RO         1773    i.HAL_TIM_OC_DelayElapsedCallback  stm32f4xx_hal_tim.o
    0x08000f0a   0x00000002   Code   RO         1800    i.HAL_TIM_PWM_PulseFinishedCallback  stm32f4xx_hal_tim.o
    0x08000f0c   0x00000030   Code   RO         3229    i.HAL_TIM_PeriodElapsedCallback  timer.o
    0x08000f3c   0x00000002   Code   RO         1811    i.HAL_TIM_TriggerCallback  stm32f4xx_hal_tim.o
    0x08000f3e   0x00000002   Code   RO         1159    i.HAL_UART_ErrorCallback  stm32f4xx_hal_uart.o
    0x08000f40   0x000000f4   Code   RO         1162    i.HAL_UART_IRQHandler  stm32f4xx_hal_uart.o
    0x08001034   0x0000005e   Code   RO         1163    i.HAL_UART_Init     stm32f4xx_hal_uart.o
    0x08001092   0x00000002   PAD
    0x08001094   0x00000090   Code   RO         2978    i.HAL_UART_MspInit  usart.o
    0x08001124   0x000000ca   Code   RO         1166    i.HAL_UART_Receive  stm32f4xx_hal_uart.o
    0x080011ee   0x00000002   Code   RO         1169    i.HAL_UART_RxCpltCallback  stm32f4xx_hal_uart.o
    0x080011f0   0x00000002   Code   RO         1174    i.HAL_UART_TxCpltCallback  stm32f4xx_hal_uart.o
    0x080011f2   0x00000002   Code   RO          289    i.HardFault_Handler  stm32f4xx_it.o
    0x080011f4   0x00000002   Code   RO          290    i.MemManage_Handler  stm32f4xx_it.o
    0x080011f6   0x00000002   Code   RO          291    i.NMI_Handler       stm32f4xx_it.o
    0x080011f8   0x00000020   Code   RO          659    i.NVIC_SetPriority  stm32f4xx_hal_cortex.o
    0x08001218   0x00000002   Code   RO          292    i.PendSV_Handler    stm32f4xx_it.o
    0x0800121a   0x00000002   Code   RO          293    i.SVC_Handler       stm32f4xx_it.o
    0x0800121c   0x00000064   Code   RO         2951    i.Stm32_Clock_Init  sys.o
    0x08001280   0x00000004   Code   RO          294    i.SysTick_Handler   stm32f4xx_it.o
    0x08001284   0x00000054   Code   RO          366    i.SystemInit        system_stm32f4xx.o
    0x080012d8   0x0000000c   Code   RO         3230    i.TIM3_IRQHandler   timer.o
    0x080012e4   0x0000002c   Code   RO         3231    i.TIM3_Init         timer.o
    0x08001310   0x000000c0   Code   RO         1812    i.TIM_Base_SetConfig  stm32f4xx_hal_tim.o
    0x080013d0   0x000000a6   Code   RO         1181    i.UART_Receive_IT   stm32f4xx_hal_uart.o
    0x08001476   0x00000002   PAD
    0x08001478   0x00000174   Code   RO         1182    i.UART_SetConfig    stm32f4xx_hal_uart.o
    0x080015ec   0x00000066   Code   RO         1183    i.UART_Transmit_IT  stm32f4xx_hal_uart.o
    0x08001652   0x00000092   Code   RO         1184    i.UART_WaitOnFlagUntilTimeout  stm32f4xx_hal_uart.o
    0x080016e4   0x0000006c   Code   RO         2979    i.USART2_IRQHandler  usart.o
    0x08001750   0x00000002   Code   RO          295    i.UsageFault_Handler  stm32f4xx_it.o
    0x08001752   0x00000002   Code   RO         2980    i._sys_exit         usart.o
    0x08001754   0x00000014   Code   RO         2912    i.delay_init        delay.o
    0x08001768   0x0000001a   Code   RO         2913    i.delay_ms          delay.o
    0x08001782   0x00000002   PAD
    0x08001784   0x00000034   Code   RO         2914    i.delay_us          delay.o
    0x080017b8   0x00000018   Code   RO         2981    i.fputc             usart.o
    0x080017d0   0x00000064   Code   RO            4    i.main              main.o
    0x08001834   0x00000024   Code   RO         2982    i.uart_init         usart.o
    0x08001858   0x0000000a   Code   RO         4966    x$fpl$fpinit        fz_wm.l(fpinit.o)
    0x08001862   0x00000010   Data   RO         1020    .constdata          stm32f4xx_hal_rcc.o
    0x08001872   0x00000002   PAD
    0x08001874   0x00000020   Data   RO         5029    Region$$Table       anon$$obj.o


    Execution Region RW_IRAM1 (Base: 0x20000000, Size: 0x000008c0, Max: 0x00020000, ABSOLUTE)

    Base Addr    Size         Type   Attr      Idx    E Section Name        Object

    0x20000000   0x00000004   Data   RW          368    .data               system_stm32f4xx.o
    0x20000004   0x00000004   Data   RW          518    .data               stm32f4xx_hal.o
    0x20000008   0x00000004   Data   RW         2915    .data               delay.o
    0x2000000c   0x00000002   Data   RW         2984    .data               usart.o
    0x2000000e   0x00000002   PAD
    0x20000010   0x00000004   Data   RW         2985    .data               usart.o
    0x20000014   0x00000004   Data   RW         3345    .data               sx12xxeiger.o
    0x20000018   0x00000108   Zero   RW         2983    .bss                usart.o
    0x20000120   0x0000003c   Zero   RW         3232    .bss                timer.o
    0x2000015c   0x00000060   Zero   RW         4892    .bss                c_w.l(libspace.o)
    0x200001bc   0x00000004   PAD
    0x200001c0   0x00000300   Zero   RW          488    HEAP                startup_stm32f407xx.o
    0x200004c0   0x00000400   Zero   RW          487    STACK               startup_stm32f407xx.o


==============================================================================

Image component sizes


      Code (inc. data)   RO Data    RW Data    ZI Data      Debug   Object Name

        98          8          0          4          0       1799   delay.o
       100         18          0          0          0     682199   main.o
        64         26        392          0       1792        828   startup_stm32f407xx.o
       122         16          0          4          0       4088   stm32f4xx_hal.o
       218         14          0          0          0      30525   stm32f4xx_hal_cortex.o
       460         48          0          0          0       1720   stm32f4xx_hal_gpio.o
      1568         68         16          0          0       5967   stm32f4xx_hal_rcc.o
       636         44          0          0          0       6359   stm32f4xx_hal_tim.o
         4          0          0          0          0       1606   stm32f4xx_hal_tim_ex.o
      1332          8          0          0          0       7754   stm32f4xx_hal_uart.o
        20          0          0          0          0       3970   stm32f4xx_it.o
        56         10          0          4          0      27929   sx12xxeiger.o
       100          4          0          0          0       1003   sys.o
        84         18          0          4          0       1029   system_stm32f4xx.o
       164         40          0          0         60       2716   timer.o
       314         34          0          6        264       4731   usart.o

    ----------------------------------------------------------------------
      5348        356        442         24       2116     784223   Object Totals
         0          0         32          0          0          0   (incl. Generated)
         8          0          2          2          0          0   (incl. Padding)

    ----------------------------------------------------------------------

      Code (inc. data)   RO Data    RW Data    ZI Data      Debug   Library Member Name

         8          0          0          0          0         68   __main.o
       104          0          0          0          0         84   __printf.o
         0          0          0          0          0          0   __rtentry.o
        12          0          0          0          0          0   __rtentry2.o
         6          0          0          0          0          0   __rtentry4.o
        52          8          0          0          0          0   __scatter.o
        26          0          0          0          0          0   __scatter_copy.o
        28          0          0          0          0          0   __scatter_zi.o
        48          6          0          0          0         96   _printf_char_common.o
        36          4          0          0          0         80   _printf_char_file.o
         0          0          0          0          0          0   _printf_percent.o
         4          0          0          0          0          0   _printf_percent_end.o
        12          0          0          0          0         72   exit.o
         8          0          0          0          0         68   ferror.o
         6          0          0          0          0        152   heapauxi.o
         2          0          0          0          0          0   libinit.o
         6          0          0          0          0          0   libinit2.o
         2          0          0          0          0          0   libshutdown.o
         2          0          0          0          0          0   libshutdown2.o
         8          4          0          0         96         68   libspace.o
        24          4          0          0          0         84   noretval__2printf.o
         2          0          0          0          0          0   rtexit.o
        10          0          0          0          0          0   rtexit2.o
        74          0          0          0          0         80   sys_stackheap_outer.o
         2          0          0          0          0         68   use_no_semi.o
         2          0          0          0          0         68   use_no_semi_2.o
        10          0          0          0          0        116   fpinit.o

    ----------------------------------------------------------------------
       502         26          0          0        100       1104   Library Totals
         8          0          0          0          4          0   (incl. Padding)

    ----------------------------------------------------------------------

      Code (inc. data)   RO Data    RW Data    ZI Data      Debug   Library Name

       484         26          0          0         96        988   c_w.l
        10          0          0          0          0        116   fz_wm.l

    ----------------------------------------------------------------------
       502         26          0          0        100       1104   Library Totals

    ----------------------------------------------------------------------

==============================================================================


      Code (inc. data)   RO Data    RW Data    ZI Data      Debug   

      5850        382        442         24       2216     779311   Grand Totals
      5850        382        442         24       2216     779311   ELF Image Totals
      5850        382        442         24          0          0   ROM Totals

==============================================================================

    Total RO  Size (Code + RO Data)                 6292 (   6.14kB)
    Total RW  Size (RW Data + ZI Data)              2240 (   2.19kB)
    Total ROM Size (Code + RO Data + RW Data)       6316 (   6.17kB)

==============================================================================

