<html>
<body>
<pre>
<h1>µVision Build Log</h1>
<h2>Tool Versions:</h2>
IDE-Version: ¦ÌVision V5.14.0.0
Copyright (C) 2015 ARM Ltd and ARM Germany GmbH. All rights reserved.
License Information: ³¬¹ý echo, CVBS, LIC=UJWDY-IM9P0-4SAY4-F7972-EBBKC-67EJU
 
Tool Versions:
Toolchain:       MDK-ARM Standard  Version: 5.14.0.0
Toolchain Path:  C:\Keil_v5\ARM\ARMCC\Bin
C Compiler:      Armcc.exe V5.05 update 1 (build 106)
Assembler:       Armasm.exe V5.05 update 1 (build 106)
Linker/Locator:  ArmLink.exe V5.05 update 1 (build 106)
Library Manager: ArmAr.exe V5.05 update 1 (build 106)
Hex Converter:   FromElf.exe V5.05 update 1 (build 106)
CPU DLL:         SARMCM3.DLL V5.14.0.0
Dialog DLL:      DCM.DLL V1.13.1.0
Target DLL:      STLink\ST-LINKIII-KEIL_SWO.dll V2.0.14.0_KEIL
Dialog DLL:      TCM.DLL V1.14.4.0
 
<h2>Project:</h2>
D:\stm32\software\NRF24L01lora\stm32-lora\USER\NRF24L01.uvprojx
Project File Date:  02/26/2020

<h2>Output:</h2>
Build target 'NRF24L01'
compiling main.c...
..\HARDWARE\SX1278\radio\sx1276-LoRaMisc.h(301): warning:  #1295-D: Deprecated declaration SX1276GetFeiValue - give arg types
  long SX1276GetFeiValue();
main.c(101): warning:  #223-D: function "SX1276Write" declared implicitly
                SX1276Write( REG_LR_IRQFLAGS, 0xFF );
main.c(110): warning:  #223-D: function "strlen" declared implicitly
                                if( strlen(Buffer) != 0 )
main.c(142): warning:  #223-D: function "strlen" declared implicitly
                                Radio->SetTxPacket( sendBuf, strlen(sendBuf) );   //RFLR_STATE_TX_INIT
main.c: 4 warnings, 0 errors
linking...
Program Size: Code=20822 RO-data=1062 RW-data=188 ZI-data=3068  
FromELF: creating hex file...
"..\OBJ\NRF24L01.axf" - 0 Error(s), 4 Warning(s).

<h2>Collection of Component include folders:</h2>
  D:\stm32\software\NRF24L01lora\stm32-lora\USER\RTE
  C:\Keil_v5\ARM\PACK\Keil\STM32F4xx_DFP\1.0.8\Device\Include

<h2>Collection of Component Files used:</h2>
</pre>
</body>
</html>
