Component: ARM Compiler 5.05 update 1 (build 106) Tool: armlink [4d0efa]

==============================================================================

Section Cross References

    main.o(i.EXTI0_IRQHandler) refers to stm32f4xx_hal_gpio.o(i.HAL_GPIO_EXTI_IRQHandler) for HAL_GPIO_EXTI_IRQHandler
    main.o(i.EXTI3_IRQHandler) refers to stm32f4xx_hal_gpio.o(i.HAL_GPIO_EXTI_IRQHandler) for HAL_GPIO_EXTI_IRQHandler
    main.o(i.EXTI_Init) refers to stm32f4xx_hal_gpio.o(i.HAL_GPIO_Init) for HAL_GPIO_Init
    main.o(i.EXTI_Init) refers to stm32f4xx_hal_cortex.o(i.HAL_NVIC_SetPriority) for HAL_NVIC_SetPriority
    main.o(i.EXTI_Init) refers to stm32f4xx_hal_cortex.o(i.HAL_NVIC_EnableIRQ) for HAL_NVIC_EnableIRQ
    main.o(i.HAL_GPIO_EXTI_Callback) refers to noretval__2printf.o(.text) for __2printf
    main.o(i.HAL_GPIO_EXTI_Callback) refers to main.o(.data) for .data
    main.o(i.main) refers to stm32f4xx_hal.o(i.HAL_Init) for HAL_Init
    main.o(i.main) refers to sys.o(i.Stm32_Clock_Init) for Stm32_Clock_Init
    main.o(i.main) refers to stm32f4xx_hal_rcc.o(i.HAL_RCC_GetHCLKFreq) for HAL_RCC_GetHCLKFreq
    main.o(i.main) refers to stm32f4xx_hal_cortex.o(i.HAL_SYSTICK_Config) for HAL_SYSTICK_Config
    main.o(i.main) refers to sx12xxeiger.o(i.BoardInit) for BoardInit
    main.o(i.main) refers to usart.o(i.uart_init) for uart_init
    main.o(i.main) refers to delay.o(i.delay_init) for delay_init
    main.o(i.main) refers to delay.o(i.delay_ms) for delay_ms
    main.o(i.main) refers to led.o(i.LED_Init) for LED_Init
    main.o(i.main) refers to timer.o(i.TIM3_Init) for TIM3_Init
    main.o(i.main) refers to key.o(i.KEY_Init) for KEY_Init
    main.o(i.main) refers to sx1278.o(i.SX1278_Init) for SX1278_Init
    main.o(i.main) refers to main.o(i.EXTI_Init) for EXTI_Init
    main.o(i.main) refers to sx1276.o(i.SX1276Reset) for SX1276Reset
    main.o(i.main) refers to noretval__2printf.o(.text) for __2printf
    main.o(i.main) refers to sx1278.o(i.SX1278_Check) for SX1278_Check
    main.o(i.main) refers to radio.o(i.RadioDriverInit) for RadioDriverInit
    main.o(i.main) refers to sx1276-lora.o(i.Rxinit) for Rxinit
    main.o(i.main) refers to sx1276-lora.o(i.TxInit) for TxInit
    main.o(i.main) refers to sx1276-hal.o(i.SX1276Read) for SX1276Read
    main.o(i.main) refers to timer.o(i.TIM4_Deinit) for TIM4_Deinit
    main.o(i.main) refers to timer.o(i.TIM4_Init) for TIM4_Init
    main.o(i.main) refers to stm32f4xx_hal_cortex.o(i.HAL_NVIC_EnableIRQ) for HAL_NVIC_EnableIRQ
    main.o(i.main) refers to sx1276-lora.o(i.Rxdoneprocess) for Rxdoneprocess
    main.o(i.main) refers to sx1276-lora.o(i.Txdonepro) for Txdonepro
    main.o(i.main) refers to stm32f4xx_hal_cortex.o(i.HAL_NVIC_DisableIRQ) for HAL_NVIC_DisableIRQ
    main.o(i.main) refers to main.o(.data) for .data
    main.o(i.main) refers to main.o(.constdata) for .constdata
    stm32f4xx_it.o(i.EXTI1_IRQHandler) refers to stm32f4xx_hal_gpio.o(i.HAL_GPIO_EXTI_IRQHandler) for HAL_GPIO_EXTI_IRQHandler
    stm32f4xx_it.o(i.SysTick_Handler) refers to stm32f4xx_hal.o(i.HAL_IncTick) for HAL_IncTick
    system_stm32f4xx.o(i.SystemCoreClockUpdate) refers to system_stm32f4xx.o(.data) for .data
    system_stm32f4xx.o(i.SystemCoreClockUpdate) refers to system_stm32f4xx.o(.constdata) for .constdata
    startup_stm32f407xx.o(STACK) refers (Special) to heapauxi.o(.text) for __use_two_region_memory
    startup_stm32f407xx.o(HEAP) refers (Special) to heapauxi.o(.text) for __use_two_region_memory
    startup_stm32f407xx.o(RESET) refers (Special) to heapauxi.o(.text) for __use_two_region_memory
    startup_stm32f407xx.o(RESET) refers to startup_stm32f407xx.o(STACK) for __initial_sp
    startup_stm32f407xx.o(RESET) refers to startup_stm32f407xx.o(.text) for Reset_Handler
    startup_stm32f407xx.o(RESET) refers to stm32f4xx_it.o(i.NMI_Handler) for NMI_Handler
    startup_stm32f407xx.o(RESET) refers to stm32f4xx_it.o(i.HardFault_Handler) for HardFault_Handler
    startup_stm32f407xx.o(RESET) refers to stm32f4xx_it.o(i.MemManage_Handler) for MemManage_Handler
    startup_stm32f407xx.o(RESET) refers to stm32f4xx_it.o(i.BusFault_Handler) for BusFault_Handler
    startup_stm32f407xx.o(RESET) refers to stm32f4xx_it.o(i.UsageFault_Handler) for UsageFault_Handler
    startup_stm32f407xx.o(RESET) refers to stm32f4xx_it.o(i.SVC_Handler) for SVC_Handler
    startup_stm32f407xx.o(RESET) refers to stm32f4xx_it.o(i.DebugMon_Handler) for DebugMon_Handler
    startup_stm32f407xx.o(RESET) refers to stm32f4xx_it.o(i.PendSV_Handler) for PendSV_Handler
    startup_stm32f407xx.o(RESET) refers to stm32f4xx_it.o(i.SysTick_Handler) for SysTick_Handler
    startup_stm32f407xx.o(RESET) refers to main.o(i.EXTI0_IRQHandler) for EXTI0_IRQHandler
    startup_stm32f407xx.o(RESET) refers to stm32f4xx_it.o(i.EXTI1_IRQHandler) for EXTI1_IRQHandler
    startup_stm32f407xx.o(RESET) refers to main.o(i.EXTI3_IRQHandler) for EXTI3_IRQHandler
[...]
    i.SX1276LoRaSetErrorCoding               0x0800281c   Section        0  sx1276-loramisc.o(i.SX1276LoRaSetErrorCoding)
    i.SX1276LoRaSetImplicitHeaderOn          0x08002850   Section        0  sx1276-loramisc.o(i.SX1276LoRaSetImplicitHeaderOn)
    i.SX1276LoRaSetLowDatarateOptimize       0x08002880   Section        0  sx1276-loramisc.o(i.SX1276LoRaSetLowDatarateOptimize)
    i.SX1276LoRaSetNbTrigPeaks               0x080028b0   Section        0  sx1276-loramisc.o(i.SX1276LoRaSetNbTrigPeaks)
    i.SX1276LoRaSetOpMode                    0x080028dc   Section        0  sx1276-lora.o(i.SX1276LoRaSetOpMode)
    i.SX1276LoRaSetPAOutput                  0x08002920   Section        0  sx1276-loramisc.o(i.SX1276LoRaSetPAOutput)
    i.SX1276LoRaSetPa20dBm                   0x0800294c   Section        0  sx1276-loramisc.o(i.SX1276LoRaSetPa20dBm)
    i.SX1276LoRaSetPacketCrcOn               0x0800298c   Section        0  sx1276-loramisc.o(i.SX1276LoRaSetPacketCrcOn)
    i.SX1276LoRaSetPayloadLength             0x080029c0   Section        0  sx1276-loramisc.o(i.SX1276LoRaSetPayloadLength)
    i.SX1276LoRaSetPreambleLength            0x080029e4   Section        0  sx1276-loramisc.o(i.SX1276LoRaSetPreambleLength)
    i.SX1276LoRaSetRFFrequency               0x08002a10   Section        0  sx1276-loramisc.o(i.SX1276LoRaSetRFFrequency)
    i.SX1276LoRaSetRFPower                   0x08002a58   Section        0  sx1276-loramisc.o(i.SX1276LoRaSetRFPower)
    i.SX1276LoRaSetRFState                   0x08002af4   Section        0  sx1276-lora.o(i.SX1276LoRaSetRFState)
    i.SX1276LoRaSetSignalBandwidth           0x08002b00   Section        0  sx1276-loramisc.o(i.SX1276LoRaSetSignalBandwidth)
    i.SX1276LoRaSetSpreadingFactor           0x08002b30   Section        0  sx1276-loramisc.o(i.SX1276LoRaSetSpreadingFactor)
    i.SX1276LoRaSetSymbTimeout               0x08002b84   Section        0  sx1276-loramisc.o(i.SX1276LoRaSetSymbTimeout)
    i.SX1276LoRaSetTxPacket                  0x08002bbc   Section        0  sx1276-lora.o(i.SX1276LoRaSetTxPacket)
    i.SX1276Process                          0x08002be4   Section        0  sx1276.o(i.SX1276Process)
    i.SX1276Read                             0x08002bf8   Section        0  sx1276-hal.o(i.SX1276Read)
    i.SX1276ReadBuffer                       0x08002c00   Section        0  sx1276-hal.o(i.SX1276ReadBuffer)
    i.SX1276ReadDio0                         0x08002c3c   Section        0  sx1276-hal.o(i.SX1276ReadDio0)
    i.SX1276ReadDio1                         0x08002c40   Section        0  sx1276-hal.o(i.SX1276ReadDio1)
    i.SX1276ReadDio2                         0x08002c44   Section        0  sx1276-hal.o(i.SX1276ReadDio2)
    i.SX1276ReadDio3                         0x08002c48   Section        0  sx1276-hal.o(i.SX1276ReadDio3)
    i.SX1276ReadDio4                         0x08002c54   Section        0  sx1276-hal.o(i.SX1276ReadDio4)
    i.SX1276ReadFifo                         0x08002c60   Section        0  sx1276-hal.o(i.SX1276ReadFifo)
    i.SX1276ReadRssi                         0x08002c6c   Section        0  sx1276.o(i.SX1276ReadRssi)
    i.SX1276Reset                            0x08002c80   Section        0  sx1276.o(i.SX1276Reset)
    i.SX1276SetLoRaOn                        0x08002ca8   Section        0  sx1276.o(i.SX1276SetLoRaOn)
    i.SX1276SetReset                         0x08002d28   Section        0  sx1276-hal.o(i.SX1276SetReset)
    i.SX1276SetTxPacket                      0x08002d40   Section        0  sx1276.o(i.SX1276SetTxPacket)
    i.SX1276StartRx                          0x08002d54   Section        0  sx1276.o(i.SX1276StartRx)
    i.SX1276Write                            0x08002d6c   Section        0  sx1276-hal.o(i.SX1276Write)
    i.SX1276WriteBuffer                      0x08002d78   Section        0  sx1276-hal.o(i.SX1276WriteBuffer)
    i.SX1276WriteFifo                        0x08002db0   Section        0  sx1276-hal.o(i.SX1276WriteFifo)
    i.SX1276WriteRxTx                        0x08002dba   Section        0  sx1276-hal.o(i.SX1276WriteRxTx)
    i.SX1278_Check                           0x08002dbc   Section        0  sx1278.o(i.SX1278_Check)
    i.SX1278_Init                            0x08002dd0   Section        0  sx1278.o(i.SX1278_Init)
    i.SX1278_Read_Reg                        0x08002e4c   Section        0  sx1278.o(i.SX1278_Read_Reg)
    i.SX1278_SPI_Init                        0x08002e70   Section        0  sx1278.o(i.SX1278_SPI_Init)
    i.SpiInOut                               0x08002e9c   Section        0  sx1276-hal.o(i.SpiInOut)
    i.Stm32_Clock_Init                       0x08002ea0   Section        0  sys.o(i.Stm32_Clock_Init)
    i.SysTick_Handler                        0x08002f04   Section        0  stm32f4xx_it.o(i.SysTick_Handler)
    i.SystemInit                             0x08002f08   Section        0  system_stm32f4xx.o(i.SystemInit)
    i.TIM3_IRQHandler                        0x08002f5c   Section        0  timer.o(i.TIM3_IRQHandler)
    i.TIM3_Init                              0x08002f68   Section        0  timer.o(i.TIM3_Init)
    i.TIM4_Deinit                            0x08002f94   Section        0  timer.o(i.TIM4_Deinit)
    i.TIM4_IRQHandler                        0x08002fac   Section        0  timer.o(i.TIM4_IRQHandler)
    i.TIM4_Init                              0x08002fb8   Section        0  timer.o(i.TIM4_Init)
    i.TIM_Base_SetConfig                     0x08002fec   Section        0  stm32f4xx_hal_tim.o(i.TIM_Base_SetConfig)
    i.TxInit                                 0x080030ac   Section        0  sx1276-lora.o(i.TxInit)
    i.Txdonepro                              0x0800318c   Section        0  sx1276-lora.o(i.Txdonepro)
    i.UART_Receive_IT                        0x08003200   Section        0  stm32f4xx_hal_uart.o(i.UART_Receive_IT)
    UART_Receive_IT                          0x08003201   Thumb Code   166  stm32f4xx_hal_uart.o(i.UART_Receive_IT)
    i.UART_SetConfig                         0x080032a8   Section        0  stm32f4xx_hal_uart.o(i.UART_SetConfig)
    UART_SetConfig                           0x080032a9   Thumb Code   364  stm32f4xx_hal_uart.o(i.UART_SetConfig)
    i.UART_Transmit_IT                       0x0800341c   Section        0  stm32f4xx_hal_uart.o(i.UART_Transmit_IT)
    UART_Transmit_IT                         0x0800341d   Thumb Code   102  stm32f4xx_hal_uart.o(i.UART_Transmit_IT)
    i.UART_WaitOnFlagUntilTimeout            0x08003482   Section        0  stm32f4xx_hal_uart.o(i.UART_WaitOnFlagUntilTimeout)
    UART_WaitOnFlagUntilTimeout              0x08003483   Thumb Code   146  stm32f4xx_hal_uart.o(i.UART_WaitOnFlagUntilTimeout)
    i.USART2_IRQHandler                      0x08003514   Section        0  usart.o(i.USART2_IRQHandler)
    i.UsageFault_Handler                     0x08003580   Section        0  stm32f4xx_it.o(i.UsageFault_Handler)
    i._sys_exit                              0x08003582   Section        0  usart.o(i._sys_exit)
    i.delay_init                             0x08003584   Section        0  delay.o(i.delay_init)
    i.delay_ms                               0x08003598   Section        0  delay.o(i.delay_ms)
    i.delay_us                               0x080035b4   Section        0  delay.o(i.delay_us)
    i.fputc                                  0x080035e8   Section        0  usart.o(i.fputc)
    i.main                                   0x08003600   Section        0  main.o(i.main)
    i.round                                  0x080037a0   Section        0  round.o(i.round)
    i.uart_init                              0x08003878   Section        0  usart.o(i.uart_init)
    x$fpl$dadd                               0x0800389c   Section      336  daddsub_clz.o(x$fpl$dadd)
    $v0                                      0x0800389c   Number         0  daddsub_clz.o(x$fpl$dadd)
    _dadd1                                   0x080038ad   Thumb Code     0  daddsub_clz.o(x$fpl$dadd)
    x$fpl$dcmpinf                            0x080039ec   Section       24  dcmpi.o(x$fpl$dcmpinf)
    $v0                                      0x080039ec   Number         0  dcmpi.o(x$fpl$dcmpinf)
    x$fpl$ddiv                               0x08003a04   Section      688  ddiv.o(x$fpl$ddiv)
    $v0                                      0x08003a04   Number         0  ddiv.o(x$fpl$ddiv)
    ddiv_entry                               0x08003a0b   Thumb Code     0  ddiv.o(x$fpl$ddiv)
    x$fpl$dfix                               0x08003cb4   Section       94  dfix.o(x$fpl$dfix)
    $v0                                      0x08003cb4   Number         0  dfix.o(x$fpl$dfix)
    x$fpl$dfixu                              0x08003d14   Section       90  dfixu.o(x$fpl$dfixu)
    $v0                                      0x08003d14   Number         0  dfixu.o(x$fpl$dfixu)
    x$fpl$dflt                               0x08003d6e   Section       46  dflt_clz.o(x$fpl$dflt)
    $v0                                      0x08003d6e   Number         0  dflt_clz.o(x$fpl$dflt)
    x$fpl$dfltu                              0x08003d9c   Section       38  dflt_clz.o(x$fpl$dfltu)
    $v0                                      0x08003d9c   Number         0  dflt_clz.o(x$fpl$dfltu)
    x$fpl$dleqf                              0x08003dc4   Section      120  dleqf.o(x$fpl$dleqf)
    $v0                                      0x08003dc4   Number         0  dleqf.o(x$fpl$dleqf)
    x$fpl$dmul                               0x08003e3c   Section      340  dmul.o(x$fpl$dmul)
    $v0                                      0x08003e3c   Number         0  dmul.o(x$fpl$dmul)
    x$fpl$dnaninf                            0x08003f90   Section      156  dnaninf.o(x$fpl$dnaninf)
    $v0                                      0x08003f90   Number         0  dnaninf.o(x$fpl$dnaninf)
    x$fpl$dretinf                            0x0800402c   Section       12  dretinf.o(x$fpl$dretinf)
    $v0                                      0x0800402c   Number         0  dretinf.o(x$fpl$dretinf)
    x$fpl$drleqf                             0x08004038   Section      108  drleqf.o(x$fpl$drleqf)
    $v0                                      0x08004038   Number         0  drleqf.o(x$fpl$drleqf)
    x$fpl$drnd                               0x080040a4   Section      180  drnd.o(x$fpl$drnd)
    $v0                                      0x080040a4   Number         0  drnd.o(x$fpl$drnd)
    x$fpl$dsub                               0x08004158   Section      468  daddsub_clz.o(x$fpl$dsub)
    $v0                                      0x08004158   Number         0  daddsub_clz.o(x$fpl$dsub)
    _dsub1                                   0x08004169   Thumb Code     0  daddsub_clz.o(x$fpl$dsub)
    x$fpl$fpinit                             0x0800432c   Section       10  fpinit.o(x$fpl$fpinit)
    $v0                                      0x0800432c   Number         0  fpinit.o(x$fpl$fpinit)
    .constdata                               0x08004336   Section       40  main.o(.constdata)
    x$fpl$usenofp                            0x08004336   Section        0  usenofp.o(x$fpl$usenofp)
    .constdata                               0x0800435e   Section       16  stm32f4xx_hal_rcc.o(.constdata)
    .constdata                               0x08004370   Section      444  sx1276-lora.o(.constdata)
    .data                                    0x20000000   Section        8  main.o(.data)
    .data                                    0x20000008   Section        4  system_stm32f4xx.o(.data)
    .data                                    0x2000000c   Section        4  stm32f4xx_hal.o(.data)
    uwTick                                   0x2000000c   Data           4  stm32f4xx_hal.o(.data)
    .data                                    0x20000010   Section        4  delay.o(.data)
    fac_us                                   0x20000010   Data           4  delay.o(.data)
    .data                                    0x20000014   Section        2  usart.o(.data)
    .data                                    0x20000018   Section        4  usart.o(.data)
    .data                                    0x2000001c   Section        4  sx12xxeiger.o(.data)
    .data                                    0x20000020   Section        2  sx1276.o(.data)
    LoRaOn                                   0x20000020   Data           1  sx1276.o(.data)
    LoRaOnState                              0x20000021   Data           1  sx1276.o(.data)
    .data                                    0x20000028   Section       60  sx1276-lora.o(.data)
    RxGain                                   0x20000029   Data           1  sx1276-lora.o(.data)
    opModePrev                               0x2000002a   Data           1  sx1276-lora.o(.data)
    antennaSwitchTxOnPrev                    0x2000002b   Data           1  sx1276-lora.o(.data)
    RxPacketSnrEstimate                      0x2000002c   Data           1  sx1276-lora.o(.data)
    RxPacketSize                             0x2000002e   Data           2  sx1276-lora.o(.data)
    BufferSize1                              0x20000030   Data           2  sx1276-lora.o(.data)
    TxPacketSize                             0x20000032   Data           2  sx1276-lora.o(.data)
    RxTimeoutTimer                           0x20000034   Data           4  sx1276-lora.o(.data)
    PacketTimeout                            0x2000003c   Data           4  sx1276-lora.o(.data)
    RxPacketRssiValue                        0x20000040   Data           8  sx1276-lora.o(.data)
    .data                                    0x20000068   Section       84  sx1276-fsk.o(.data)
    DataChunkSize                            0x20000068   Data           1  sx1276-fsk.o(.data)
    RFState                                  0x20000069   Data           1  sx1276-fsk.o(.data)
    PreambleDetected                         0x2000006a   Data           1  sx1276-fsk.o(.data)
    SyncWordDetected                         0x2000006b   Data           1  sx1276-fsk.o(.data)
    PacketDetected                           0x2000006c   Data           1  sx1276-fsk.o(.data)
    RxBytesRead                              0x2000006d   Data           1  sx1276-fsk.o(.data)
    TxBytesSent                              0x2000006e   Data           1  sx1276-fsk.o(.data)
    RxGain                                   0x2000006f   Data           1  sx1276-fsk.o(.data)
    opModePrev                               0x20000070   Data           1  sx1276-fsk.o(.data)
    antennaSwitchTxOnPrev                    0x20000071   Data           1  sx1276-fsk.o(.data)
    RxPacketSize                             0x20000072   Data           2  sx1276-fsk.o(.data)
    TxPacketSize                             0x20000074   Data           2  sx1276-fsk.o(.data)
    RxTimeoutTimer                           0x20000078   Data           4  sx1276-fsk.o(.data)
    Preamble2SyncTimer                       0x2000007c   Data           4  sx1276-fsk.o(.data)
    TxTimeoutTimer                           0x20000080   Data           4  sx1276-fsk.o(.data)
    PacketTimeout                            0x20000088   Data           4  sx1276-fsk.o(.data)
    Preamble2SyncTimeout                     0x2000008c   Data           4  sx1276-fsk.o(.data)
    RxPacketAfcValue                         0x20000090   Data           4  sx1276-fsk.o(.data)
    RxPacketRssiValue                        0x20000098   Data           8  sx1276-fsk.o(.data)
    .bss                                     0x200000bc   Section      264  usart.o(.bss)
    .bss                                     0x200001c4   Section      176  spi.o(.bss)
    .bss                                     0x20000274   Section      120  timer.o(.bss)
    .bss                                     0x200002ec   Section       24  radio.o(.bss)
    .bss                                     0x20000304   Section      112  sx1276.o(.bss)
    .bss                                     0x20000374   Section      384  sx1276-lora.o(.bss)
    Buffer1                                  0x20000474   Data         128  sx1276-lora.o(.bss)
    .bss                                     0x200004f4   Section      256  sx1276-fsk.o(.bss)
    RFBuffer                                 0x200004f4   Data         256  sx1276-fsk.o(.bss)
    .bss                                     0x200005f4   Section       96  libspace.o(.bss)
    HEAP                                     0x20000658   Section      768  startup_stm32f407xx.o(HEAP)
    Heap_Mem                                 0x20000658   Data         768  startup_stm32f407xx.o(HEAP)
    STACK                                    0x20000958   Section     1024  startup_stm32f407xx.o(STACK)
    Stack_Mem                                0x20000958   Data        1024  startup_stm32f407xx.o(STACK)
    __initial_sp                             0x20000d58   Data           0  startup_stm32f407xx.o(STACK)

    Global Symbols

    Symbol Name                              Value     Ov Type        Size  Object(Section)

    BuildAttributes$$THM_ISAv4$E$P$D$K$B$S$7EM$VFPi3$EXTD16$VFPS$VFMA$PE$A:L22UL41UL21$X:L11$S22US41US21$IEEE1$IW$USESV6$~STKCKD$USESV7$~SHL$OTIME$ROPI$IEEEX$EBA8$UX$STANDARDLIB$REQ8$PRES8$EABIv2 0x00000000   Number         0  anon$$obj.o ABSOLUTE
    __ARM_use_no_argv                        0x00000000   Number         0  main.o ABSOLUTE
    __ARM_exceptions_init                     - Undefined Weak Reference
    __alloca_initialize                       - Undefined Weak Reference
    __arm_preinit_                            - Undefined Weak Reference
    __cpp_initialize__aeabi_                  - Undefined Weak Reference
    __cxa_finalize                            - Undefined Weak Reference
    __rt_locale                               - Undefined Weak Reference
    __sigvec_lookup                           - Undefined Weak Reference
    _atexit_init                              - Undefined Weak Reference
    _call_atexit_fns                          - Undefined Weak Reference
    _clock_init                               - Undefined Weak Reference
    _fp_trap_init                             - Undefined Weak Reference
    _fp_trap_shutdown                         - Undefined Weak Reference
    _get_lc_collate                           - Undefined Weak Reference
    _get_lc_ctype                             - Undefined Weak Reference
    _get_lc_monetary                          - Undefined Weak Reference
    _get_lc_numeric                           - Undefined Weak Reference
    _get_lc_time                              - Undefined Weak Reference
    _getenv_init                              - Undefined Weak Reference
    _handle_redirection                       - Undefined Weak Reference
    _init_alloc                               - Undefined Weak Reference
    _init_user_alloc                          - Undefined Weak Reference
    _initio                                   - Undefined Weak Reference
    _mutex_acquire                            - Undefined Weak Reference
    _mutex_release                            - Undefined Weak Reference
    _printf_mbtowc                            - Undefined Weak Reference
    _printf_post_padding                      - Undefined Weak Reference
    _printf_pre_padding                       - Undefined Weak Reference
    _printf_truncate_signed                   - Undefined Weak Reference
    _printf_truncate_unsigned                 - Undefined Weak Reference
    _rand_init                                - Undefined Weak Reference
    _signal_finish                            - Undefined Weak Reference
    _signal_init                              - Undefined Weak Reference
    _terminate_alloc                          - Undefined Weak Reference
    _terminate_user_alloc                     - Undefined Weak Reference
    _terminateio                              - Undefined Weak Reference
    __Vectors_Size                           0x00000188   Number         0  startup_stm32f407xx.o ABSOLUTE
    __Vectors                                0x08000000   Data           4  startup_stm32f407xx.o(RESET)
    __Vectors_End                            0x08000188   Data           0  startup_stm32f407xx.o(RESET)
    __main                                   0x08000189   Thumb Code     8  __main.o(!!!main)
    __scatterload                            0x08000191   Thumb Code     0  __scatter.o(!!!scatter)
    __scatterload_rt2                        0x08000191   Thumb Code    44  __scatter.o(!!!scatter)
    __scatterload_rt2_thumb_only             0x08000191   Thumb Code     0  __scatter.o(!!!scatter)
    __scatterload_null                       0x0800019f   Thumb Code     0  __scatter.o(!!!scatter)
    __scatterload_copy                       0x080001c5   Thumb Code    26  __scatter_copy.o(!!handler_copy)
    __scatterload_zeroinit                   0x080001e1   Thumb Code    28  __scatter_zi.o(!!handler_zi)
    _printf_d                                0x080001fd   Thumb Code     0  _printf_d.o(.ARM.Collect$$_printf_percent$$00000009)
    _printf_percent                          0x080001fd   Thumb Code     0  _printf_percent.o(.ARM.Collect$$_printf_percent$$00000000)
    _printf_s                                0x08000203   Thumb Code     0  _printf_s.o(.ARM.Collect$$_printf_percent$$00000014)
    _printf_percent_end                      0x08000209   Thumb Code     0  _printf_percent_end.o(.ARM.Collect$$_printf_percent$$00000017)
    __rt_lib_init                            0x0800020d   Thumb Code     0  libinit.o(.ARM.Collect$$libinit$$00000000)
    __rt_lib_init_fp_1                       0x0800020f   Thumb Code     0  libinit2.o(.ARM.Collect$$libinit$$00000001)
    __rt_lib_init_alloca_1                   0x08000213   Thumb Code     0  libinit2.o(.ARM.Collect$$libinit$$0000002E)
    __rt_lib_init_argv_1                     0x08000213   Thumb Code     0  libinit2.o(.ARM.Collect$$libinit$$0000002C)
    __rt_lib_init_atexit_1                   0x08000213   Thumb Code     0  libinit2.o(.ARM.Collect$$libinit$$0000001B)
    __rt_lib_init_clock_1                    0x08000213   Thumb Code     0  libinit2.o(.ARM.Collect$$libinit$$00000021)
    __rt_lib_init_cpp_1                      0x08000213   Thumb Code     0  libinit2.o(.ARM.Collect$$libinit$$00000032)
    __rt_lib_init_exceptions_1               0x08000213   Thumb Code     0  libinit2.o(.ARM.Collect$$libinit$$00000030)
    __rt_lib_init_fp_trap_1                  0x08000213   Thumb Code     0  libinit2.o(.ARM.Collect$$libinit$$0000001F)
    __rt_lib_init_getenv_1                   0x08000213   Thumb Code     0  libinit2.o(.ARM.Collect$$libinit$$00000023)
    __rt_lib_init_heap_1                     0x08000213   Thumb Code     0  libinit2.o(.ARM.Collect$$libinit$$0000000A)
    __rt_lib_init_lc_collate_1               0x08000213   Thumb Code     0  libinit2.o(.ARM.Collect$$libinit$$00000011)
    __rt_lib_init_lc_ctype_1                 0x08000213   Thumb Code     0  libinit2.o(.ARM.Collect$$libinit$$00000013)
    __rt_lib_init_lc_monetary_1              0x08000213   Thumb Code     0  libinit2.o(.ARM.Collect$$libinit$$00000015)
    __rt_lib_init_lc_numeric_1               0x08000213   Thumb Code     0  libinit2.o(.ARM.Collect$$libinit$$00000017)
    __rt_lib_init_lc_time_1                  0x08000213   Thumb Code     0  libinit2.o(.ARM.Collect$$libinit$$00000019)
    __rt_lib_init_preinit_1                  0x08000213   Thumb Code     0  libinit2.o(.ARM.Collect$$libinit$$00000004)
    __rt_lib_init_rand_1                     0x08000213   Thumb Code     0  libinit2.o(.ARM.Collect$$libinit$$0000000E)
    __rt_lib_init_return                     0x08000213   Thumb Code     0  libinit2.o(.ARM.Collect$$libinit$$00000033)
    __rt_lib_init_signal_1                   0x08000213   Thumb Code     0  libinit2.o(.ARM.Collect$$libinit$$0000001D)
    __rt_lib_init_stdio_1                    0x08000213   Thumb Code     0  libinit2.o(.ARM.Collect$$libinit$$00000025)
    __rt_lib_init_user_alloc_1               0x08000213   Thumb Code     0  libinit2.o(.ARM.Collect$$libinit$$0000000C)
    __rt_lib_shutdown                        0x08000215   Thumb Code     0  libshutdown.o(.ARM.Collect$$libshutdown$$00000000)
    __rt_lib_shutdown_fp_trap_1              0x08000217   Thumb Code     0  libshutdown2.o(.ARM.Collect$$libshutdown$$00000006)
    __rt_lib_shutdown_heap_1                 0x08000217   Thumb Code     0  libshutdown2.o(.ARM.Collect$$libshutdown$$0000000E)
    __rt_lib_shutdown_return                 0x08000217   Thumb Code     0  libshutdown2.o(.ARM.Collect$$libshutdown$$0000000F)
    __rt_lib_shutdown_signal_1               0x08000217   Thumb Code     0  libshutdown2.o(.ARM.Collect$$libshutdown$$00000009)
    __rt_lib_shutdown_stdio_1                0x08000217   Thumb Code     0  libshutdown2.o(.ARM.Collect$$libshutdown$$00000003)
    __rt_lib_shutdown_user_alloc_1           0x08000217   Thumb Code     0  libshutdown2.o(.ARM.Collect$$libshutdown$$0000000B)
    __rt_entry                               0x08000219   Thumb Code     0  __rtentry.o(.ARM.Collect$$rtentry$$00000000)
    __rt_entry_presh_1                       0x08000219   Thumb Code     0  __rtentry2.o(.ARM.Collect$$rtentry$$00000002)
    __rt_entry_sh                            0x08000219   Thumb Code     0  __rtentry4.o(.ARM.Collect$$rtentry$$00000004)
    __rt_entry_li                            0x0800021f   Thumb Code     0  __rtentry2.o(.ARM.Collect$$rtentry$$0000000A)
    __rt_entry_postsh_1                      0x0800021f   Thumb Code     0  __rtentry2.o(.ARM.Collect$$rtentry$$00000009)
    __rt_entry_main                          0x08000223   Thumb Code     0  __rtentry2.o(.ARM.Collect$$rtentry$$0000000D)
    __rt_entry_postli_1                      0x08000223   Thumb Code     0  __rtentry2.o(.ARM.Collect$$rtentry$$0000000C)
    __rt_exit                                0x0800022b   Thumb Code     0  rtexit.o(.ARM.Collect$$rtexit$$00000000)
    __rt_exit_ls                             0x0800022d   Thumb Code     0  rtexit2.o(.ARM.Collect$$rtexit$$00000003)
    __rt_exit_prels_1                        0x0800022d   Thumb Code     0  rtexit2.o(.ARM.Collect$$rtexit$$00000002)
    __rt_exit_exit                           0x08000231   Thumb Code     0  rtexit2.o(.ARM.Collect$$rtexit$$00000004)
    Reset_Handler                            0x08000239   Thumb Code     8  startup_stm32f407xx.o(.text)
    ADC_IRQHandler                           0x08000253   Thumb Code     0  startup_stm32f407xx.o(.text)
    CAN1_RX0_IRQHandler                      0x08000253   Thumb Code     0  startup_stm32f407xx.o(.text)
    CAN1_RX1_IRQHandler                      0x08000253   Thumb Code     0  startup_stm32f407xx.o(.text)
    CAN1_SCE_IRQHandler                      0x08000253   Thumb Code     0  startup_stm32f407xx.o(.text)
    CAN1_TX_IRQHandler                       0x08000253   Thumb Code     0  startup_stm32f407xx.o(.text)
    CAN2_RX0_IRQHandler                      0x08000253   Thumb Code     0  startup_stm32f407xx.o(.text)
    CAN2_RX1_IRQHandler                      0x08000253   Thumb Code     0  startup_stm32f407xx.o(.text)
    CAN2_SCE_IRQHandler                      0x08000253   Thumb Code     0  startup_stm32f407xx.o(.text)
    CAN2_TX_IRQHandler                       0x08000253   Thumb Code     0  startup_stm32f407xx.o(.text)
    DCMI_IRQHandler                          0x08000253   Thumb Code     0  startup_stm32f407xx.o(.text)
    DMA1_Stream0_IRQHandler                  0x08000253   Thumb Code     0  startup_stm32f407xx.o(.text)
    DMA1_Stream1_IRQHandler                  0x08000253   Thumb Code     0  startup_stm32f407xx.o(.text)
    DMA1_Stream2_IRQHandler                  0x08000253   Thumb Code     0  startup_stm32f407xx.o(.text)
    DMA1_Stream3_IRQHandler                  0x08000253   Thumb Code     0  startup_stm32f407xx.o(.text)
    DMA1_Stream4_IRQHandler                  0x08000253   Thumb Code     0  startup_stm32f407xx.o(.text)
    DMA1_Stream5_IRQHandler                  0x08000253   Thumb Code     0  startup_stm32f407xx.o(.text)
    DMA1_Stream6_IRQHandler                  0x08000253   Thumb Code     0  startup_stm32f407xx.o(.text)
    DMA1_Stream7_IRQHandler                  0x08000253   Thumb Code     0  startup_stm32f407xx.o(.text)
    DMA2_Stream0_IRQHandler                  0x08000253   Thumb Code     0  startup_stm32f407xx.o(.text)
    DMA2_Stream1_IRQHandler                  0x08000253   Thumb Code     0  startup_stm32f407xx.o(.text)
    DMA2_Stream2_IRQHandler                  0x08000253   Thumb Code     0  startup_stm32f407xx.o(.text)
    DMA2_Stream3_IRQHandler                  0x08000253   Thumb Code     0  startup_stm32f407xx.o(.text)
    DMA2_Stream4_IRQHandler                  0x08000253   Thumb Code     0  startup_stm32f407xx.o(.text)
    DMA2_Stream5_IRQHandler                  0x08000253   Thumb Code     0  startup_stm32f407xx.o(.text)
    DMA2_Stream6_IRQHandler                  0x08000253   Thumb Code     0  startup_stm32f407xx.o(.text)
    DMA2_Stream7_IRQHandler                  0x08000253   Thumb Code     0  startup_stm32f407xx.o(.text)
    ETH_IRQHandler                           0x08000253   Thumb Code     0  startup_stm32f407xx.o(.text)
    ETH_WKUP_IRQHandler                      0x08000253   Thumb Code     0  startup_stm32f407xx.o(.text)
    EXTI15_10_IRQHandler                     0x08000253   Thumb Code     0  startup_stm32f407xx.o(.text)
    EXTI2_IRQHandler                         0x08000253   Thumb Code     0  startup_stm32f407xx.o(.text)
    EXTI4_IRQHandler                         0x08000253   Thumb Code     0  startup_stm32f407xx.o(.text)
    EXTI9_5_IRQHandler                       0x08000253   Thumb Code     0  startup_stm32f407xx.o(.text)
    FLASH_IRQHandler                         0x08000253   Thumb Code     0  startup_stm32f407xx.o(.text)
    FMC_IRQHandler                           0x08000253   Thumb Code     0  startup_stm32f407xx.o(.text)
    FPU_IRQHandler                           0x08000253   Thumb Code     0  startup_stm32f407xx.o(.text)
    HASH_RNG_IRQHandler                      0x08000253   Thumb Code     0  startup_stm32f407xx.o(.text)
    I2C1_ER_IRQHandler                       0x08000253   Thumb Code     0  startup_stm32f407xx.o(.text)
    I2C1_EV_IRQHandler                       0x08000253   Thumb Code     0  startup_stm32f407xx.o(.text)
    I2C2_ER_IRQHandler                       0x08000253   Thumb Code     0  startup_stm32f407xx.o(.text)
    I2C2_EV_IRQHandler                       0x08000253   Thumb Code     0  startup_stm32f407xx.o(.text)
    I2C3_ER_IRQHandler                       0x08000253   Thumb Code     0  startup_stm32f407xx.o(.text)
    I2C3_EV_IRQHandler                       0x08000253   Thumb Code     0  startup_stm32f407xx.o(.text)
    OTG_FS_IRQHandler                        0x08000253   Thumb Code     0  startup_stm32f407xx.o(.text)
    OTG_FS_WKUP_IRQHandler                   0x08000253   Thumb Code     0  startup_stm32f407xx.o(.text)
    OTG_HS_EP1_IN_IRQHandler                 0x08000253   Thumb Code     0  startup_stm32f407xx.o(.text)
    OTG_HS_EP1_OUT_IRQHandler                0x08000253   Thumb Code     0  startup_stm32f407xx.o(.text)
    OTG_HS_IRQHandler                        0x08000253   Thumb Code     0  startup_stm32f407xx.o(.text)
    OTG_HS_WKUP_IRQHandler                   0x08000253   Thumb Code     0  startup_stm32f407xx.o(.text)
    PVD_IRQHandler                           0x08000253   Thumb Code     0  startup_stm32f407xx.o(.text)
    RCC_IRQHandler                           0x08000253   Thumb Code     0  startup_stm32f407xx.o(.text)
    RTC_Alarm_IRQHandler                     0x08000253   Thumb Code     0  startup_stm32f407xx.o(.text)
    RTC_WKUP_IRQHandler                      0x08000253   Thumb Code     0  startup_stm32f407xx.o(.text)
    SDIO_IRQHandler                          0x08000253   Thumb Code     0  startup_stm32f407xx.o(.text)
    SPI1_IRQHandler                          0x08000253   Thumb Code     0  startup_stm32f407xx.o(.text)
    SPI2_IRQHandler                          0x08000253   Thumb Code     0  startup_stm32f407xx.o(.text)
    SPI3_IRQHandler                          0x08000253   Thumb Code     0  startup_stm32f407xx.o(.text)
    TAMP_STAMP_IRQHandler                    0x08000253   Thumb Code     0  startup_stm32f407xx.o(.text)
    TIM1_BRK_TIM9_IRQHandler                 0x08000253   Thumb Code     0  startup_stm32f407xx.o(.text)
    TIM1_CC_IRQHandler                       0x08000253   Thumb Code     0  startup_stm32f407xx.o(.text)
    TIM1_TRG_COM_TIM11_IRQHandler            0x08000253   Thumb Code     0  startup_stm32f407xx.o(.text)
    TIM1_UP_TIM10_IRQHandler                 0x08000253   Thumb Code     0  startup_stm32f407xx.o(.text)
    TIM2_IRQHandler                          0x08000253   Thumb Code     0  startup_stm32f407xx.o(.text)
    TIM5_IRQHandler                          0x08000253   Thumb Code     0  startup_stm32f407xx.o(.text)
    TIM6_DAC_IRQHandler                      0x08000253   Thumb Code     0  startup_stm32f407xx.o(.text)
    TIM7_IRQHandler                          0x08000253   Thumb Code     0  startup_stm32f407xx.o(.text)
    TIM8_BRK_TIM12_IRQHandler                0x08000253   Thumb Code     0  startup_stm32f407xx.o(.text)
    TIM8_CC_IRQHandler                       0x08000253   Thumb Code     0  startup_stm32f407xx.o(.text)
    TIM8_TRG_COM_TIM14_IRQHandler            0x08000253   Thumb Code     0  startup_stm32f407xx.o(.text)
    TIM8_UP_TIM13_IRQHandler                 0x08000253   Thumb Code     0  startup_stm32f407xx.o(.text)
    UART4_IRQHandler                         0x08000253   Thumb Code     0  startup_stm32f407xx.o(.text)
    UART5_IRQHandler                         0x08000253   Thumb Code     0  startup_stm32f407xx.o(.text)
    USART1_IRQHandler                        0x08000253   Thumb Code     0  startup_stm32f407xx.o(.text)
    USART3_IRQHandler                        0x08000253   Thumb Code     0  startup_stm32f407xx.o(.text)
    USART6_IRQHandler                        0x08000253   Thumb Code     0  startup_stm32f407xx.o(.text)
    WWDG_IRQHandler                          0x08000253   Thumb Code     0  startup_stm32f407xx.o(.text)
    __user_initial_stackheap                 0x08000255   Thumb Code     0  startup_stm32f407xx.o(.text)
    __use_no_semihosting                     0x08000279   Thumb Code     2  use_no_semi_2.o(.text)
    __2printf                                0x0800027d   Thumb Code    20  noretval__2printf.o(.text)
    __printf                                 0x08000295   Thumb Code   104  __printf.o(.text)
    _printf_str                              0x080002fd   Thumb Code    82  _printf_str.o(.text)
    _printf_int_dec                          0x08000351   Thumb Code   104  _printf_dec.o(.text)
    strlen                                   0x080003c9   Thumb Code    62  strlen.o(.text)
    __aeabi_memcpy                           0x08000407   Thumb Code     0  rt_memcpy_v6.o(.text)
    __rt_memcpy                              0x08000407   Thumb Code   138  rt_memcpy_v6.o(.text)
    _memcpy_lastbytes                        0x0800046d   Thumb Code     0  rt_memcpy_v6.o(.text)
    __aeabi_memclr                           0x08000491   Thumb Code     0  rt_memclr.o(.text)
    __rt_memclr                              0x08000491   Thumb Code    68  rt_memclr.o(.text)
    _memset                                  0x08000495   Thumb Code     0  rt_memclr.o(.text)
    __use_two_region_memory                  0x080004d5   Thumb Code     2  heapauxi.o(.text)
    __rt_heap_escrow$2region                 0x080004d7   Thumb Code     2  heapauxi.o(.text)
    __rt_heap_expand$2region                 0x080004d9   Thumb Code     2  heapauxi.o(.text)
    __I$use$semihosting                      0x080004db   Thumb Code     0  use_no_semi.o(.text)
    __use_no_semihosting_swi                 0x080004db   Thumb Code     2  use_no_semi.o(.text)
    _printf_int_common                       0x080004dd   Thumb Code   178  _printf_intcommon.o(.text)
    _printf_cs_common                        0x0800058f   Thumb Code    20  _printf_char.o(.text)
    _printf_char                             0x080005a3   Thumb Code    16  _printf_char.o(.text)
    _printf_string                           0x080005b3   Thumb Code     8  _printf_char.o(.text)
    _printf_char_file                        0x080005bd   Thumb Code    32  _printf_char_file.o(.text)
    __aeabi_memcpy4                          0x080005e1   Thumb Code     0  rt_memcpy_w.o(.text)
    __aeabi_memcpy8                          0x080005e1   Thumb Code     0  rt_memcpy_w.o(.text)
    __rt_memcpy_w                            0x080005e1   Thumb Code   100  rt_memcpy_w.o(.text)
    _memcpy_lastbytes_aligned                0x08000629   Thumb Code     0  rt_memcpy_w.o(.text)
    __aeabi_memclr4                          0x08000645   Thumb Code     0  rt_memclr_w.o(.text)
    __aeabi_memclr8                          0x08000645   Thumb Code     0  rt_memclr_w.o(.text)
    __rt_memclr_w                            0x08000645   Thumb Code    78  rt_memclr_w.o(.text)
    _memset_w                                0x08000649   Thumb Code     0  rt_memclr_w.o(.text)
    _printf_char_common                      0x0800069f   Thumb Code    32  _printf_char_common.o(.text)
    ferror                                   0x080006c5   Thumb Code     8  ferror.o(.text)
    __user_libspace                          0x080006cd   Thumb Code     8  libspace.o(.text)
    __user_perproc_libspace                  0x080006cd   Thumb Code     0  libspace.o(.text)
    __user_perthread_libspace                0x080006cd   Thumb Code     0  libspace.o(.text)
    __user_setup_stackheap                   0x080006d5   Thumb Code    74  sys_stackheap_outer.o(.text)
    exit                                     0x0800071f   Thumb Code    12  exit.o(.text)
    BoardInit                                0x0800072d   Thumb Code    46  sx12xxeiger.o(i.BoardInit)
    BusFault_Handler                         0x08000765   Thumb Code     2  stm32f4xx_it.o(i.BusFault_Handler)
    DebugMon_Handler                         0x08000767   Thumb Code     2  stm32f4xx_it.o(i.DebugMon_Handler)
    EXTI0_IRQHandler                         0x08000769   Thumb Code     6  main.o(i.EXTI0_IRQHandler)
    EXTI1_IRQHandler                         0x0800076f   Thumb Code     6  stm32f4xx_it.o(i.EXTI1_IRQHandler)
    EXTI3_IRQHandler                         0x08000775   Thumb Code     6  main.o(i.EXTI3_IRQHandler)
    EXTI_Init                                0x0800077d   Thumb Code   162  main.o(i.EXTI_Init)
    HAL_GPIO_EXTI_Callback                   0x08000831   Thumb Code    60  main.o(i.HAL_GPIO_EXTI_Callback)
    HAL_GPIO_EXTI_IRQHandler                 0x0800088d   Thumb Code    18  stm32f4xx_hal_gpio.o(i.HAL_GPIO_EXTI_IRQHandler)
    HAL_GPIO_Init                            0x080008a5   Thumb Code   412  stm32f4xx_hal_gpio.o(i.HAL_GPIO_Init)
    HAL_GPIO_ReadPin                         0x08000a71   Thumb Code    10  stm32f4xx_hal_gpio.o(i.HAL_GPIO_ReadPin)
    HAL_GPIO_WritePin                        0x08000a7b   Thumb Code    10  stm32f4xx_hal_gpio.o(i.HAL_GPIO_WritePin)
    HAL_GetTick                              0x08000a85   Thumb Code     6  stm32f4xx_hal.o(i.HAL_GetTick)
    HAL_IncTick                              0x08000a91   Thumb Code    10  stm32f4xx_hal.o(i.HAL_IncTick)
    HAL_Init                                 0x08000aa1   Thumb Code    48  stm32f4xx_hal.o(i.HAL_Init)
    HAL_InitTick                             0x08000ad5   Thumb Code    34  stm32f4xx_hal.o(i.HAL_InitTick)
    HAL_MspInit                              0x08000af7   Thumb Code     8  stm32f4xx_hal.o(i.HAL_MspInit)
    HAL_NVIC_DisableIRQ                      0x08000aff   Thumb Code    22  stm32f4xx_hal_cortex.o(i.HAL_NVIC_DisableIRQ)
    HAL_NVIC_EnableIRQ                       0x08000b15   Thumb Code    22  stm32f4xx_hal_cortex.o(i.HAL_NVIC_EnableIRQ)
    HAL_NVIC_SetPriority                     0x08000b2d   Thumb Code    60  stm32f4xx_hal_cortex.o(i.HAL_NVIC_SetPriority)
    HAL_NVIC_SetPriorityGrouping             0x08000b6d   Thumb Code    26  stm32f4xx_hal_cortex.o(i.HAL_NVIC_SetPriorityGrouping)
    HAL_RCC_ClockConfig                      0x08000b91   Thumb Code   512  stm32f4xx_hal_rcc.o(i.HAL_RCC_ClockConfig)
    HAL_RCC_GetHCLKFreq                      0x08000d99   Thumb Code    38  stm32f4xx_hal_rcc.o(i.HAL_RCC_GetHCLKFreq)
    HAL_RCC_GetPCLK1Freq                     0x08000dcd   Thumb Code    36  stm32f4xx_hal_rcc.o(i.HAL_RCC_GetPCLK1Freq)
    HAL_RCC_GetPCLK2Freq                     0x08000df9   Thumb Code    36  stm32f4xx_hal_rcc.o(i.HAL_RCC_GetPCLK2Freq)
    HAL_RCC_GetSysClockFreq                  0x08000e25   Thumb Code   104  stm32f4xx_hal_rcc.o(i.HAL_RCC_GetSysClockFreq)
    HAL_RCC_OscConfig                        0x08000e95   Thumb Code   774  stm32f4xx_hal_rcc.o(i.HAL_RCC_OscConfig)
    HAL_SPI_Init                             0x080011b1   Thumb Code   132  stm32f4xx_hal_spi.o(i.HAL_SPI_Init)
    HAL_SPI_MspInit                          0x08001235   Thumb Code     2  spi.o(i.HAL_SPI_MspInit)
    HAL_SPI_TransmitReceive                  0x08001237   Thumb Code   682  stm32f4xx_hal_spi.o(i.HAL_SPI_TransmitReceive)
    HAL_SYSTICK_CLKSourceConfig              0x080014e1   Thumb Code    24  stm32f4xx_hal_cortex.o(i.HAL_SYSTICK_CLKSourceConfig)
    HAL_SYSTICK_Config                       0x080014f9   Thumb Code    40  stm32f4xx_hal_cortex.o(i.HAL_SYSTICK_Config)
    HAL_TIMEx_BreakCallback                  0x08001521   Thumb Code     2  stm32f4xx_hal_tim_ex.o(i.HAL_TIMEx_BreakCallback)
    HAL_TIMEx_CommutationCallback            0x08001523   Thumb Code     2  stm32f4xx_hal_tim_ex.o(i.HAL_TIMEx_CommutationCallback)
    HAL_TIM_Base_DeInit                      0x08001525   Thumb Code    56  stm32f4xx_hal_tim.o(i.HAL_TIM_Base_DeInit)
    HAL_TIM_Base_Init                        0x0800155d   Thumb Code    54  stm32f4xx_hal_tim.o(i.HAL_TIM_Base_Init)
    HAL_TIM_Base_MspDeInit                   0x08001593   Thumb Code     2  stm32f4xx_hal_tim.o(i.HAL_TIM_Base_MspDeInit)
    HAL_TIM_Base_MspInit                     0x08001595   Thumb Code    86  timer.o(i.HAL_TIM_Base_MspInit)
    HAL_TIM_Base_Start_IT                    0x080015f9   Thumb Code    24  stm32f4xx_hal_tim.o(i.HAL_TIM_Base_Start_IT)
    HAL_TIM_Base_Stop_IT                     0x08001611   Thumb Code    42  stm32f4xx_hal_tim.o(i.HAL_TIM_Base_Stop_IT)
    HAL_TIM_IC_CaptureCallback               0x0800163b   Thumb Code     2  stm32f4xx_hal_tim.o(i.HAL_TIM_IC_CaptureCallback)
    HAL_TIM_IRQHandler                       0x0800163d   Thumb Code   358  stm32f4xx_hal_tim.o(i.HAL_TIM_IRQHandler)
    HAL_TIM_OC_DelayElapsedCallback          0x080017a3   Thumb Code     2  stm32f4xx_hal_tim.o(i.HAL_TIM_OC_DelayElapsedCallback)
    HAL_TIM_PWM_PulseFinishedCallback        0x080017a5   Thumb Code     2  stm32f4xx_hal_tim.o(i.HAL_TIM_PWM_PulseFinishedCallback)
    HAL_TIM_PeriodElapsedCallback            0x080017a9   Thumb Code    70  timer.o(i.HAL_TIM_PeriodElapsedCallback)
    HAL_TIM_TriggerCallback                  0x08001811   Thumb Code     2  stm32f4xx_hal_tim.o(i.HAL_TIM_TriggerCallback)
    HAL_UART_ErrorCallback                   0x08001813   Thumb Code     2  stm32f4xx_hal_uart.o(i.HAL_UART_ErrorCallback)
    HAL_UART_IRQHandler                      0x08001815   Thumb Code   244  stm32f4xx_hal_uart.o(i.HAL_UART_IRQHandler)
    HAL_UART_Init                            0x08001909   Thumb Code    94  stm32f4xx_hal_uart.o(i.HAL_UART_Init)
    HAL_UART_MspInit                         0x08001969   Thumb Code   132  usart.o(i.HAL_UART_MspInit)
    HAL_UART_Receive                         0x080019f9   Thumb Code   202  stm32f4xx_hal_uart.o(i.HAL_UART_Receive)
    HAL_UART_RxCpltCallback                  0x08001ac3   Thumb Code     2  stm32f4xx_hal_uart.o(i.HAL_UART_RxCpltCallback)
    HAL_UART_TxCpltCallback                  0x08001ac5   Thumb Code     2  stm32f4xx_hal_uart.o(i.HAL_UART_TxCpltCallback)
    HardFault_Handler                        0x08001ac7   Thumb Code     2  stm32f4xx_it.o(i.HardFault_Handler)
    KEY_Init                                 0x08001ac9   Thumb Code   110  key.o(i.KEY_Init)
    LED_Init                                 0x08001b49   Thumb Code    92  led.o(i.LED_Init)
    MemManage_Handler                        0x08001bad   Thumb Code     2  stm32f4xx_it.o(i.MemManage_Handler)
    NMI_Handler                              0x08001baf   Thumb Code     2  stm32f4xx_it.o(i.NMI_Handler)
    PendSV_Handler                           0x08001bd1   Thumb Code     2  stm32f4xx_it.o(i.PendSV_Handler)
    RadioDriverInit                          0x08001bd5   Thumb Code    28  radio.o(i.RadioDriverInit)
    Rxdoneprocess                            0x08001c0d   Thumb Code   718  sx1276-lora.o(i.Rxdoneprocess)
    Rxinit                                   0x08001f29   Thumb Code   160  sx1276-lora.o(i.Rxinit)
    SPI2_Init                                0x08001fd9   Thumb Code   134  spi.o(i.SPI2_Init)
    SPI2_ReadWriteByte                       0x08002071   Thumb Code    28  spi.o(i.SPI2_ReadWriteByte)
    SVC_Handler                              0x0800212f   Thumb Code     2  stm32f4xx_it.o(i.SVC_Handler)
    SX1276FskGetPacketPayloadSize            0x08002131   Thumb Code    50  sx1276-fsk.o(i.SX1276FskGetPacketPayloadSize)
    SX1276FskGetRxPacket                     0x08002169   Thumb Code    18  sx1276-fsk.o(i.SX1276FskGetRxPacket)
    SX1276FskProcess                         0x08002185   Thumb Code   878  sx1276-fsk.o(i.SX1276FskProcess)
    SX1276FskReadAfc                         0x08002519   Thumb Code    48  sx1276-fsk.o(i.SX1276FskReadAfc)
    SX1276FskReadRssi                        0x08002555   Thumb Code    40  sx1276-fsk.o(i.SX1276FskReadRssi)
    SX1276FskReadRxGain                      0x08002589   Thumb Code    22  sx1276-fsk.o(i.SX1276FskReadRxGain)
    SX1276FskSetOpMode                       0x080025a5   Thumb Code    64  sx1276-fsk.o(i.SX1276FskSetOpMode)
    SX1276FskSetRFState                      0x080025e9   Thumb Code     6  sx1276-fsk.o(i.SX1276FskSetRFState)
    SX1276FskSetTxPacket                     0x080025f5   Thumb Code    22  sx1276-fsk.o(i.SX1276FskSetTxPacket)
    SX1276GetRxPacket                        0x08002615   Thumb Code    14  sx1276.o(i.SX1276GetRxPacket)
    SX1276Init                               0x08002629   Thumb Code    76  sx1276.o(i.SX1276Init)
    SX1276InitIo                             0x080026a5   Thumb Code     2  sx1276-hal.o(i.SX1276InitIo)
    SX1276LoRaGetRxPacket                    0x080026a9   Thumb Code    16  sx1276-lora.o(i.SX1276LoRaGetRxPacket)
    SX1276LoRaInit                           0x080026c1   Thumb Code   180  sx1276-lora.o(i.SX1276LoRaInit)
    SX1276LoRaReadRssi                       0x08002781   Thumb Code   100  sx1276-lora.o(i.SX1276LoRaReadRssi)
    SX1276LoRaReadRxGain                     0x080027f1   Thumb Code    22  sx1276-lora.o(i.SX1276LoRaReadRxGain)
    SX1276LoRaSetDefaults                    0x0800280d   Thumb Code    12  sx1276-lora.o(i.SX1276LoRaSetDefaults)
    SX1276LoRaSetErrorCoding                 0x0800281d   Thumb Code    44  sx1276-loramisc.o(i.SX1276LoRaSetErrorCoding)
    SX1276LoRaSetImplicitHeaderOn            0x08002851   Thumb Code    40  sx1276-loramisc.o(i.SX1276LoRaSetImplicitHeaderOn)
    SX1276LoRaSetLowDatarateOptimize         0x08002881   Thumb Code    42  sx1276-loramisc.o(i.SX1276LoRaSetLowDatarateOptimize)
    SX1276LoRaSetNbTrigPeaks                 0x080028b1   Thumb Code    40  sx1276-loramisc.o(i.SX1276LoRaSetNbTrigPeaks)
    SX1276LoRaSetOpMode                      0x080028dd   Thumb Code    64  sx1276-lora.o(i.SX1276LoRaSetOpMode)
    SX1276LoRaSetPAOutput                    0x08002921   Thumb Code    38  sx1276-loramisc.o(i.SX1276LoRaSetPAOutput)
    SX1276LoRaSetPa20dBm                     0x0800294d   Thumb Code    60  sx1276-loramisc.o(i.SX1276LoRaSetPa20dBm)
    SX1276LoRaSetPacketCrcOn                 0x0800298d   Thumb Code    42  sx1276-loramisc.o(i.SX1276LoRaSetPacketCrcOn)
    SX1276LoRaSetPayloadLength               0x080029c1   Thumb Code    26  sx1276-loramisc.o(i.SX1276LoRaSetPayloadLength)
    SX1276LoRaSetPreambleLength              0x080029e5   Thumb Code    40  sx1276-loramisc.o(i.SX1276LoRaSetPreambleLength)
    SX1276LoRaSetRFFrequency                 0x08002a11   Thumb Code    54  sx1276-loramisc.o(i.SX1276LoRaSetRFFrequency)
    SX1276LoRaSetRFPower                     0x08002a59   Thumb Code   146  sx1276-loramisc.o(i.SX1276LoRaSetRFPower)
    SX1276LoRaSetRFState                     0x08002af5   Thumb Code     6  sx1276-lora.o(i.SX1276LoRaSetRFState)
    SX1276LoRaSetSignalBandwidth             0x08002b01   Thumb Code    40  sx1276-loramisc.o(i.SX1276LoRaSetSignalBandwidth)
    SX1276LoRaSetSpreadingFactor             0x08002b31   Thumb Code    74  sx1276-loramisc.o(i.SX1276LoRaSetSpreadingFactor)
    SX1276LoRaSetSymbTimeout                 0x08002b85   Thumb Code    52  sx1276-loramisc.o(i.SX1276LoRaSetSymbTimeout)
    SX1276LoRaSetTxPacket                    0x08002bbd   Thumb Code    32  sx1276-lora.o(i.SX1276LoRaSetTxPacket)
    SX1276Process                            0x08002be5   Thumb Code    14  sx1276.o(i.SX1276Process)
    SX1276Read                               0x08002bf9   Thumb Code     6  sx1276-hal.o(i.SX1276Read)
    SX1276ReadBuffer                         0x08002c01   Thumb Code    54  sx1276-hal.o(i.SX1276ReadBuffer)
    SX1276ReadDio0                           0x08002c3d   Thumb Code     4  sx1276-hal.o(i.SX1276ReadDio0)
    SX1276ReadDio1                           0x08002c41   Thumb Code     4  sx1276-hal.o(i.SX1276ReadDio1)
    SX1276ReadDio2                           0x08002c45   Thumb Code     4  sx1276-hal.o(i.SX1276ReadDio2)
    SX1276ReadDio3                           0x08002c49   Thumb Code     8  sx1276-hal.o(i.SX1276ReadDio3)
    SX1276ReadDio4                           0x08002c55   Thumb Code     8  sx1276-hal.o(i.SX1276ReadDio4)
    SX1276ReadFifo                           0x08002c61   Thumb Code    10  sx1276-hal.o(i.SX1276ReadFifo)
    SX1276ReadRssi                           0x08002c6d   Thumb Code    14  sx1276.o(i.SX1276ReadRssi)
    SX1276Reset                              0x08002c81   Thumb Code    36  sx1276.o(i.SX1276Reset)
    SX1276SetLoRaOn                          0x08002ca9   Thumb Code   114  sx1276.o(i.SX1276SetLoRaOn)
    SX1276SetReset                           0x08002d29   Thumb Code    18  sx1276-hal.o(i.SX1276SetReset)
    SX1276SetTxPacket                        0x08002d41   Thumb Code    14  sx1276.o(i.SX1276SetTxPacket)
    SX1276StartRx                            0x08002d55   Thumb Code    20  sx1276.o(i.SX1276StartRx)
    SX1276Write                              0x08002d6d   Thumb Code    12  sx1276-hal.o(i.SX1276Write)
    SX1276WriteBuffer                        0x08002d79   Thumb Code    52  sx1276-hal.o(i.SX1276WriteBuffer)
    SX1276WriteFifo                          0x08002db1   Thumb Code    10  sx1276-hal.o(i.SX1276WriteFifo)
    SX1276WriteRxTx                          0x08002dbb   Thumb Code     2  sx1276-hal.o(i.SX1276WriteRxTx)
    SX1278_Check                             0x08002dbd   Thumb Code    20  sx1278.o(i.SX1278_Check)
    SX1278_Init                              0x08002dd1   Thumb Code   104  sx1278.o(i.SX1278_Init)
    SX1278_Read_Reg                          0x08002e4d   Thumb Code    30  sx1278.o(i.SX1278_Read_Reg)
    SX1278_SPI_Init                          0x08002e71   Thumb Code    38  sx1278.o(i.SX1278_SPI_Init)
    SpiInOut                                 0x08002e9d   Thumb Code     4  sx1276-hal.o(i.SpiInOut)
    Stm32_Clock_Init                         0x08002ea1   Thumb Code    96  sys.o(i.Stm32_Clock_Init)
    SysTick_Handler                          0x08002f05   Thumb Code     4  stm32f4xx_it.o(i.SysTick_Handler)
    SystemInit                               0x08002f09   Thumb Code    66  system_stm32f4xx.o(i.SystemInit)
    TIM3_IRQHandler                          0x08002f5d   Thumb Code     6  timer.o(i.TIM3_IRQHandler)
    TIM3_Init                                0x08002f69   Thumb Code    34  timer.o(i.TIM3_Init)
    TIM4_Deinit                              0x08002f95   Thumb Code    18  timer.o(i.TIM4_Deinit)
    TIM4_IRQHandler                          0x08002fad   Thumb Code     6  timer.o(i.TIM4_IRQHandler)
    TIM4_Init                                0x08002fb9   Thumb Code    42  timer.o(i.TIM4_Init)
    TIM_Base_SetConfig                       0x08002fed   Thumb Code   148  stm32f4xx_hal_tim.o(i.TIM_Base_SetConfig)
    TxInit                                   0x080030ad   Thumb Code   194  sx1276-lora.o(i.TxInit)
    Txdonepro                                0x0800318d   Thumb Code    92  sx1276-lora.o(i.Txdonepro)
    USART2_IRQHandler                        0x08003515   Thumb Code   100  usart.o(i.USART2_IRQHandler)
    UsageFault_Handler                       0x08003581   Thumb Code     2  stm32f4xx_it.o(i.UsageFault_Handler)
    _sys_exit                                0x08003583   Thumb Code     2  usart.o(i._sys_exit)
    delay_init                               0x08003585   Thumb Code    16  delay.o(i.delay_init)
    delay_ms                                 0x08003599   Thumb Code    26  delay.o(i.delay_ms)
    delay_us                                 0x080035b5   Thumb Code    48  delay.o(i.delay_us)
    fputc                                    0x080035e9   Thumb Code    18  usart.o(i.fputc)
    main                                     0x08003601   Thumb Code   300  main.o(i.main)
    round                                    0x080037a1   Thumb Code   192  round.o(i.round)
    uart_init                                0x08003879   Thumb Code    28  usart.o(i.uart_init)
    __aeabi_dadd                             0x0800389d   Thumb Code     0  daddsub_clz.o(x$fpl$dadd)
    _dadd                                    0x0800389d   Thumb Code   332  daddsub_clz.o(x$fpl$dadd)
    __fpl_dcmp_Inf                           0x080039ed   Thumb Code    24  dcmpi.o(x$fpl$dcmpinf)
    __aeabi_ddiv                             0x08003a05   Thumb Code     0  ddiv.o(x$fpl$ddiv)
    _ddiv                                    0x08003a05   Thumb Code   552  ddiv.o(x$fpl$ddiv)
    __aeabi_d2iz                             0x08003cb5   Thumb Code     0  dfix.o(x$fpl$dfix)
    _dfix                                    0x08003cb5   Thumb Code    94  dfix.o(x$fpl$dfix)
    __aeabi_d2uiz                            0x08003d15   Thumb Code     0  dfixu.o(x$fpl$dfixu)
    _dfixu                                   0x08003d15   Thumb Code    90  dfixu.o(x$fpl$dfixu)
    __aeabi_i2d                              0x08003d6f   Thumb Code     0  dflt_clz.o(x$fpl$dflt)
    _dflt                                    0x08003d6f   Thumb Code    46  dflt_clz.o(x$fpl$dflt)
    __aeabi_ui2d                             0x08003d9d   Thumb Code     0  dflt_clz.o(x$fpl$dfltu)
    _dfltu                                   0x08003d9d   Thumb Code    38  dflt_clz.o(x$fpl$dfltu)
    __aeabi_cdcmple                          0x08003dc5   Thumb Code     0  dleqf.o(x$fpl$dleqf)
    _dcmple                                  0x08003dc5   Thumb Code   120  dleqf.o(x$fpl$dleqf)
    __fpl_dcmple_InfNaN                      0x08003e27   Thumb Code     0  dleqf.o(x$fpl$dleqf)
    __aeabi_dmul                             0x08003e3d   Thumb Code     0  dmul.o(x$fpl$dmul)
    _dmul                                    0x08003e3d   Thumb Code   332  dmul.o(x$fpl$dmul)
    __fpl_dnaninf                            0x08003f91   Thumb Code   156  dnaninf.o(x$fpl$dnaninf)
    __fpl_dretinf                            0x0800402d   Thumb Code    12  dretinf.o(x$fpl$dretinf)
    __aeabi_cdrcmple                         0x08004039   Thumb Code     0  drleqf.o(x$fpl$drleqf)
    _drcmple                                 0x08004039   Thumb Code   108  drleqf.o(x$fpl$drleqf)
    _drnd                                    0x080040a5   Thumb Code   180  drnd.o(x$fpl$drnd)
    __aeabi_dsub                             0x08004159   Thumb Code     0  daddsub_clz.o(x$fpl$dsub)
    _dsub                                    0x08004159   Thumb Code   464  daddsub_clz.o(x$fpl$dsub)
    _fp_init                                 0x0800432d   Thumb Code    10  fpinit.o(x$fpl$fpinit)
    __fplib_config_fpu_vfp                   0x08004335   Thumb Code     0  fpinit.o(x$fpl$fpinit)
    __fplib_config_pureend_doubles           0x08004335   Thumb Code     0  fpinit.o(x$fpl$fpinit)
    RFBuffer2                                0x08004336   Data          19  main.o(.constdata)
    __I$use$fp                               0x08004336   Number         0  usenofp.o(x$fpl$usenofp)
    RFBuffer3                                0x08004349   Data          21  main.o(.constdata)
    APBAHBPrescTable                         0x0800435e   Data          16  stm32f4xx_hal_rcc.o(.constdata)
    SignalBwLog                              0x08004370   Data          80  sx1276-lora.o(.constdata)
    RssiOffsetLF                             0x080043c0   Data          80  sx1276-lora.o(.constdata)
    RssiOffsetHF                             0x08004410   Data          80  sx1276-lora.o(.constdata)
    HoppingFrequencies                       0x08004460   Data         204  sx1276-lora.o(.constdata)
    Region$$Table$$Base                      0x0800452c   Number         0  anon$$obj.o(Region$$Table)
    Region$$Table$$Limit                     0x0800454c   Number         0  anon$$obj.o(Region$$Table)
    mode                                     0x20000000   Data           1  main.o(.data)
    Radio                                    0x20000004   Data           4  main.o(.data)
    SystemCoreClock                          0x20000008   Data           4  system_stm32f4xx.o(.data)
    USART_RX_STA                             0x20000014   Data           2  usart.o(.data)
    __stdout                                 0x20000018   Data           4  usart.o(.data)
    TickCounter                              0x2000001c   Data           4  sx12xxeiger.o(.data)
    RFLRState                                0x20000028   Data           1  sx1276-lora.o(.data)
    SX1276LR                                 0x20000038   Data           4  sx1276-lora.o(.data)
    LoRaSettings                             0x20000048   Data          28  sx1276-lora.o(.data)
    SX1276                                   0x20000084   Data           4  sx1276-fsk.o(.data)
    FskSettings                              0x200000a0   Data          28  sx1276-fsk.o(.data)
    USART_RX_BUF                             0x200000bc   Data         200  usart.o(.bss)
    UART1_Handler                            0x20000184   Data          64  usart.o(.bss)
    SPI1_Handler                             0x200001c4   Data          88  spi.o(.bss)
    SPI2_Handler                             0x2000021c   Data          88  spi.o(.bss)
    TIM3_Handler                             0x20000274   Data          60  timer.o(.bss)
    TIM4_Handler                             0x200002b0   Data          60  timer.o(.bss)
    RadioDriver                              0x200002ec   Data          24  radio.o(.bss)
    SX1276Regs                               0x20000304   Data         112  sx1276.o(.bss)
    RFBuffer                                 0x20000374   Data         256  sx1276-lora.o(.bss)
    __libspace_start                         0x200005f4   Data          96  libspace.o(.bss)
    __temporary_stack_top$libspace           0x20000654   Data           0  libspace.o(.bss)



==============================================================================

Memory Map of the image

  Image Entry point : 0x08000189

  Load Region LR_IROM1 (Base: 0x08000000, Size: 0x00004608, Max: 0x00100000, ABSOLUTE)

    Execution Region ER_IROM1 (Base: 0x08000000, Size: 0x0000454c, Max: 0x00100000, ABSOLUTE)

    Base Addr    Size         Type   Attr      Idx    E Section Name        Object

    0x08000000   0x00000188   Data   RO          532    RESET               startup_stm32f407xx.o
    0x08000188   0x00000008   Code   RO         4620  * !!!main             c_w.l(__main.o)
    0x08000190   0x00000034   Code   RO         4906    !!!scatter          c_w.l(__scatter.o)
    0x080001c4   0x0000001a   Code   RO         4908    !!handler_copy      c_w.l(__scatter_copy.o)
    0x080001de   0x00000002   PAD
    0x080001e0   0x0000001c   Code   RO         4910    !!handler_zi        c_w.l(__scatter_zi.o)
    0x080001fc   0x00000000   Code   RO         4611    .ARM.Collect$$_printf_percent$$00000000  c_w.l(_printf_percent.o)
    0x080001fc   0x00000006   Code   RO         4610    .ARM.Collect$$_printf_percent$$00000009  c_w.l(_printf_d.o)
    0x08000202   0x00000006   Code   RO         4609    .ARM.Collect$$_printf_percent$$00000014  c_w.l(_printf_s.o)
    0x08000208   0x00000004   Code   RO         4685    .ARM.Collect$$_printf_percent$$00000017  c_w.l(_printf_percent_end.o)
    0x0800020c   0x00000002   Code   RO         4780    .ARM.Collect$$libinit$$00000000  c_w.l(libinit.o)
    0x0800020e   0x00000004   Code   RO         4785    .ARM.Collect$$libinit$$00000001  c_w.l(libinit2.o)
    0x08000212   0x00000000   Code   RO         4788    .ARM.Collect$$libinit$$00000004  c_w.l(libinit2.o)
    0x08000212   0x00000000   Code   RO         4791    .ARM.Collect$$libinit$$0000000A  c_w.l(libinit2.o)
    0x08000212   0x00000000   Code   RO         4793    .ARM.Collect$$libinit$$0000000C  c_w.l(libinit2.o)
    0x08000212   0x00000000   Code   RO         4795    .ARM.Collect$$libinit$$0000000E  c_w.l(libinit2.o)
    0x08000212   0x00000000   Code   RO         4798    .ARM.Collect$$libinit$$00000011  c_w.l(libinit2.o)
    0x08000212   0x00000000   Code   RO         4800    .ARM.Collect$$libinit$$00000013  c_w.l(libinit2.o)
    0x08000212   0x00000000   Code   RO         4802    .ARM.Collect$$libinit$$00000015  c_w.l(libinit2.o)
    0x08000212   0x00000000   Code   RO         4804    .ARM.Collect$$libinit$$00000017  c_w.l(libinit2.o)
    0x08000212   0x00000000   Code   RO         4806    .ARM.Collect$$libinit$$00000019  c_w.l(libinit2.o)
    0x08000212   0x00000000   Code   RO         4808    .ARM.Collect$$libinit$$0000001B  c_w.l(libinit2.o)
    0x08000212   0x00000000   Code   RO         4810    .ARM.Collect$$libinit$$0000001D  c_w.l(libinit2.o)
    0x08000212   0x00000000   Code   RO         4812    .ARM.Collect$$libinit$$0000001F  c_w.l(libinit2.o)
    0x08000212   0x00000000   Code   RO         4814    .ARM.Collect$$libinit$$00000021  c_w.l(libinit2.o)
    0x08000212   0x00000000   Code   RO         4816    .ARM.Collect$$libinit$$00000023  c_w.l(libinit2.o)
    0x08000212   0x00000000   Code   RO         4818    .ARM.Collect$$libinit$$00000025  c_w.l(libinit2.o)
    0x08000212   0x00000000   Code   RO         4822    .ARM.Collect$$libinit$$0000002C  c_w.l(libinit2.o)
    0x08000212   0x00000000   Code   RO         4824    .ARM.Collect$$libinit$$0000002E  c_w.l(libinit2.o)
    0x08000212   0x00000000   Code   RO         4826    .ARM.Collect$$libinit$$00000030  c_w.l(libinit2.o)
    0x08000212   0x00000000   Code   RO         4828    .ARM.Collect$$libinit$$00000032  c_w.l(libinit2.o)
    0x08000212   0x00000002   Code   RO         4829    .ARM.Collect$$libinit$$00000033  c_w.l(libinit2.o)
    0x08000214   0x00000002   Code   RO         4849    .ARM.Collect$$libshutdown$$00000000  c_w.l(libshutdown.o)
    0x08000216   0x00000000   Code   RO         4860    .ARM.Collect$$libshutdown$$00000003  c_w.l(libshutdown2.o)
    0x08000216   0x00000000   Code   RO         4863    .ARM.Collect$$libshutdown$$00000006  c_w.l(libshutdown2.o)
    0x08000216   0x00000000   Code   RO         4866    .ARM.Collect$$libshutdown$$00000009  c_w.l(libshutdown2.o)
    0x08000216   0x00000000   Code   RO         4868    .ARM.Collect$$libshutdown$$0000000B  c_w.l(libshutdown2.o)
    0x08000216   0x00000000   Code   RO         4871    .ARM.Collect$$libshutdown$$0000000E  c_w.l(libshutdown2.o)
    0x08000216   0x00000002   Code   RO         4872    .ARM.Collect$$libshutdown$$0000000F  c_w.l(libshutdown2.o)
    0x08000218   0x00000000   Code   RO         4676    .ARM.Collect$$rtentry$$00000000  c_w.l(__rtentry.o)
    0x08000218   0x00000000   Code   RO         4737    .ARM.Collect$$rtentry$$00000002  c_w.l(__rtentry2.o)
    0x08000218   0x00000006   Code   RO         4749    .ARM.Collect$$rtentry$$00000004  c_w.l(__rtentry4.o)
    0x0800021e   0x00000000   Code   RO         4739    .ARM.Collect$$rtentry$$00000009  c_w.l(__rtentry2.o)
    0x0800021e   0x00000004   Code   RO         4740    .ARM.Collect$$rtentry$$0000000A  c_w.l(__rtentry2.o)
    0x08000222   0x00000000   Code   RO         4742    .ARM.Collect$$rtentry$$0000000C  c_w.l(__rtentry2.o)
    0x08000222   0x00000008   Code   RO         4743    .ARM.Collect$$rtentry$$0000000D  c_w.l(__rtentry2.o)
    0x0800022a   0x00000002   Code   RO         4783    .ARM.Collect$$rtexit$$00000000  c_w.l(rtexit.o)
    0x0800022c   0x00000000   Code   RO         4833    .ARM.Collect$$rtexit$$00000002  c_w.l(rtexit2.o)
    0x0800022c   0x00000004   Code   RO         4834    .ARM.Collect$$rtexit$$00000003  c_w.l(rtexit2.o)
    0x08000230   0x00000006   Code   RO         4835    .ARM.Collect$$rtexit$$00000004  c_w.l(rtexit2.o)
    0x08000236   0x00000002   PAD
    0x08000238   0x00000040   Code   RO          533    .text               startup_stm32f407xx.o
    0x08000278   0x00000002   Code   RO         4577    .text               c_w.l(use_no_semi_2.o)
    0x0800027a   0x00000002   PAD
    0x0800027c   0x00000018   Code   RO         4581    .text               c_w.l(noretval__2printf.o)
    0x08000294   0x00000068   Code   RO         4583    .text               c_w.l(__printf.o)
    0x080002fc   0x00000052   Code   RO         4585    .text               c_w.l(_printf_str.o)
    0x0800034e   0x00000002   PAD
    0x08000350   0x00000078   Code   RO         4587    .text               c_w.l(_printf_dec.o)
    0x080003c8   0x0000003e   Code   RO         4612    .text               c_w.l(strlen.o)
    0x08000406   0x0000008a   Code   RO         4614    .text               c_w.l(rt_memcpy_v6.o)
    0x08000490   0x00000044   Code   RO         4616    .text               c_w.l(rt_memclr.o)
    0x080004d4   0x00000006   Code   RO         4618    .text               c_w.l(heapauxi.o)
    0x080004da   0x00000002   Code   RO         4674    .text               c_w.l(use_no_semi.o)
    0x080004dc   0x000000b2   Code   RO         4679    .text               c_w.l(_printf_intcommon.o)
    0x0800058e   0x0000002c   Code   RO         4681    .text               c_w.l(_printf_char.o)
    0x080005ba   0x00000002   PAD
    0x080005bc   0x00000024   Code   RO         4683    .text               c_w.l(_printf_char_file.o)
    0x080005e0   0x00000064   Code   RO         4686    .text               c_w.l(rt_memcpy_w.o)
    0x08000644   0x0000004e   Code   RO         4688    .text               c_w.l(rt_memclr_w.o)
    0x08000692   0x00000002   PAD
    0x08000694   0x00000030   Code   RO         4756    .text               c_w.l(_printf_char_common.o)
    0x080006c4   0x00000008   Code   RO         4758    .text               c_w.l(ferror.o)
    0x080006cc   0x00000008   Code   RO         4766    .text               c_w.l(libspace.o)
    0x080006d4   0x0000004a   Code   RO         4769    .text               c_w.l(sys_stackheap_outer.o)
    0x0800071e   0x0000000c   Code   RO         4773    .text               c_w.l(exit.o)
    0x0800072a   0x00000002   PAD
    0x0800072c   0x00000038   Code   RO         3404    i.BoardInit         sx12xxeiger.o
    0x08000764   0x00000002   Code   RO          324    i.BusFault_Handler  stm32f4xx_it.o
    0x08000766   0x00000002   Code   RO          325    i.DebugMon_Handler  stm32f4xx_it.o
    0x08000768   0x00000006   Code   RO            4    i.EXTI0_IRQHandler  main.o
    0x0800076e   0x00000006   Code   RO          326    i.EXTI1_IRQHandler  stm32f4xx_it.o
    0x08000774   0x00000006   Code   RO            5    i.EXTI3_IRQHandler  main.o
    0x0800077a   0x00000002   PAD
    0x0800077c   0x000000b4   Code   RO            6    i.EXTI_Init         main.o
    0x08000830   0x0000005c   Code   RO            7    i.HAL_GPIO_EXTI_Callback  main.o
    0x0800088c   0x00000018   Code   RO          811    i.HAL_GPIO_EXTI_IRQHandler  stm32f4xx_hal_gpio.o
    0x080008a4   0x000001cc   Code   RO          812    i.HAL_GPIO_Init     stm32f4xx_hal_gpio.o
    0x08000a70   0x0000000a   Code   RO          814    i.HAL_GPIO_ReadPin  stm32f4xx_hal_gpio.o
    0x08000a7a   0x0000000a   Code   RO          816    i.HAL_GPIO_WritePin  stm32f4xx_hal_gpio.o
    0x08000a84   0x0000000c   Code   RO          553    i.HAL_GetTick       stm32f4xx_hal.o
    0x08000a90   0x00000010   Code   RO          554    i.HAL_IncTick       stm32f4xx_hal.o
    0x08000aa0   0x00000034   Code   RO          555    i.HAL_Init          stm32f4xx_hal.o
    0x08000ad4   0x00000022   Code   RO          556    i.HAL_InitTick      stm32f4xx_hal.o
    0x08000af6   0x00000008   Code   RO          558    i.HAL_MspInit       stm32f4xx_hal.o
    0x08000afe   0x00000016   Code   RO          688    i.HAL_NVIC_DisableIRQ  stm32f4xx_hal_cortex.o
    0x08000b14   0x00000016   Code   RO          689    i.HAL_NVIC_EnableIRQ  stm32f4xx_hal_cortex.o
    0x08000b2a   0x00000002   PAD
    0x08000b2c   0x00000040   Code   RO          695    i.HAL_NVIC_SetPriority  stm32f4xx_hal_cortex.o
    0x08000b6c   0x00000024   Code   RO          696    i.HAL_NVIC_SetPriorityGrouping  stm32f4xx_hal_cortex.o
    0x08000b90   0x00000208   Code   RO         1050    i.HAL_RCC_ClockConfig  stm32f4xx_hal_rcc.o
    0x08000d98   0x00000034   Code   RO         1055    i.HAL_RCC_GetHCLKFreq  stm32f4xx_hal_rcc.o
    0x08000dcc   0x0000002c   Code   RO         1057    i.HAL_RCC_GetPCLK1Freq  stm32f4xx_hal_rcc.o
    0x08000df8   0x0000002c   Code   RO         1058    i.HAL_RCC_GetPCLK2Freq  stm32f4xx_hal_rcc.o
    0x08000e24   0x00000070   Code   RO         1059    i.HAL_RCC_GetSysClockFreq  stm32f4xx_hal_rcc.o
    0x08000e94   0x0000031c   Code   RO         1062    i.HAL_RCC_OscConfig  stm32f4xx_hal_rcc.o
    0x080011b0   0x00000084   Code   RO         2719    i.HAL_SPI_Init      stm32f4xx_hal_spi.o
    0x08001234   0x00000002   Code   RO         3206    i.HAL_SPI_MspInit   spi.o
    0x08001236   0x000002aa   Code   RO         2728    i.HAL_SPI_TransmitReceive  stm32f4xx_hal_spi.o
    0x080014e0   0x00000018   Code   RO          698    i.HAL_SYSTICK_CLKSourceConfig  stm32f4xx_hal_cortex.o
    0x080014f8   0x00000028   Code   RO          700    i.HAL_SYSTICK_Config  stm32f4xx_hal_cortex.o
    0x08001520   0x00000002   Code   RO         2400    i.HAL_TIMEx_BreakCallback  stm32f4xx_hal_tim_ex.o
    0x08001522   0x00000002   Code   RO         2401    i.HAL_TIMEx_CommutationCallback  stm32f4xx_hal_tim_ex.o
    0x08001524   0x00000038   Code   RO         1769    i.HAL_TIM_Base_DeInit  stm32f4xx_hal_tim.o
    0x0800155c   0x00000036   Code   RO         1771    i.HAL_TIM_Base_Init  stm32f4xx_hal_tim.o
    0x08001592   0x00000002   Code   RO         1772    i.HAL_TIM_Base_MspDeInit  stm32f4xx_hal_tim.o
    0x08001594   0x00000064   Code   RO         3271    i.HAL_TIM_Base_MspInit  timer.o
    0x080015f8   0x00000018   Code   RO         1776    i.HAL_TIM_Base_Start_IT  stm32f4xx_hal_tim.o
    0x08001610   0x0000002a   Code   RO         1779    i.HAL_TIM_Base_Stop_IT  stm32f4xx_hal_tim.o
    0x0800163a   0x00000002   Code   RO         1800    i.HAL_TIM_IC_CaptureCallback  stm32f4xx_hal_tim.o
    0x0800163c   0x00000166   Code   RO         1813    i.HAL_TIM_IRQHandler  stm32f4xx_hal_tim.o
    0x080017a2   0x00000002   Code   RO         1816    i.HAL_TIM_OC_DelayElapsedCallback  stm32f4xx_hal_tim.o
    0x080017a4   0x00000002   Code   RO         1843    i.HAL_TIM_PWM_PulseFinishedCallback  stm32f4xx_hal_tim.o
    0x080017a6   0x00000002   PAD
    0x080017a8   0x00000068   Code   RO         3272    i.HAL_TIM_PeriodElapsedCallback  timer.o
    0x08001810   0x00000002   Code   RO         1854    i.HAL_TIM_TriggerCallback  stm32f4xx_hal_tim.o
    0x08001812   0x00000002   Code   RO         1202    i.HAL_UART_ErrorCallback  stm32f4xx_hal_uart.o
    0x08001814   0x000000f4   Code   RO         1205    i.HAL_UART_IRQHandler  stm32f4xx_hal_uart.o
    0x08001908   0x0000005e   Code   RO         1206    i.HAL_UART_Init     stm32f4xx_hal_uart.o
    0x08001966   0x00000002   PAD
    0x08001968   0x00000090   Code   RO         3021    i.HAL_UART_MspInit  usart.o
    0x080019f8   0x000000ca   Code   RO         1209    i.HAL_UART_Receive  stm32f4xx_hal_uart.o
    0x08001ac2   0x00000002   Code   RO         1212    i.HAL_UART_RxCpltCallback  stm32f4xx_hal_uart.o
    0x08001ac4   0x00000002   Code   RO         1217    i.HAL_UART_TxCpltCallback  stm32f4xx_hal_uart.o
    0x08001ac6   0x00000002   Code   RO          327    i.HardFault_Handler  stm32f4xx_it.o
    0x08001ac8   0x00000080   Code   RO         3106    i.KEY_Init          key.o
    0x08001b48   0x00000064   Code   RO         3082    i.LED_Init          led.o
    0x08001bac   0x00000002   Code   RO          328    i.MemManage_Handler  stm32f4xx_it.o
    0x08001bae   0x00000002   Code   RO          329    i.NMI_Handler       stm32f4xx_it.o
    0x08001bb0   0x00000020   Code   RO          702    i.NVIC_SetPriority  stm32f4xx_hal_cortex.o
    0x08001bd0   0x00000002   Code   RO          330    i.PendSV_Handler    stm32f4xx_it.o
    0x08001bd2   0x00000002   PAD
    0x08001bd4   0x00000038   Code   RO         3571    i.RadioDriverInit   radio.o
    0x08001c0c   0x0000031c   Code   RO         3739    i.Rxdoneprocess     sx1276-lora.o
    0x08001f28   0x000000b0   Code   RO         3740    i.Rxinit            sx1276-lora.o
    0x08001fd8   0x00000098   Code   RO         3210    i.SPI2_Init         spi.o
    0x08002070   0x00000020   Code   RO         3211    i.SPI2_ReadWriteByte  spi.o
    0x08002090   0x0000009e   Code   RO         2750    i.SPI_WaitOnFlagUntilTimeout  stm32f4xx_hal_spi.o
    0x0800212e   0x00000002   Code   RO          331    i.SVC_Handler       stm32f4xx_it.o
    0x08002130   0x00000038   Code   RO         4245    i.SX1276FskGetPacketPayloadSize  sx1276-fsk.o
    0x08002168   0x0000001c   Code   RO         4249    i.SX1276FskGetRxPacket  sx1276-fsk.o
    0x08002184   0x00000394   Code   RO         4251    i.SX1276FskProcess  sx1276-fsk.o
    0x08002518   0x0000003c   Code   RO         4252    i.SX1276FskReadAfc  sx1276-fsk.o
    0x08002554   0x00000034   Code   RO         4254    i.SX1276FskReadRssi  sx1276-fsk.o
    0x08002588   0x0000001c   Code   RO         4255    i.SX1276FskReadRxGain  sx1276-fsk.o
    0x080025a4   0x00000044   Code   RO         4257    i.SX1276FskSetOpMode  sx1276-fsk.o
    0x080025e8   0x0000000c   Code   RO         4258    i.SX1276FskSetRFState  sx1276-fsk.o
    0x080025f4   0x00000020   Code   RO         4259    i.SX1276FskSetTxPacket  sx1276-fsk.o
    0x08002614   0x00000014   Code   RO         3609    i.SX1276GetRxPacket  sx1276.o
    0x08002628   0x0000007c   Code   RO         3610    i.SX1276Init        sx1276.o
    0x080026a4   0x00000002   Code   RO         3454    i.SX1276InitIo      sx1276-hal.o
    0x080026a6   0x00000002   PAD
    0x080026a8   0x00000018   Code   RO         3746    i.SX1276LoRaGetRxPacket  sx1276-lora.o
    0x080026c0   0x000000c0   Code   RO         3747    i.SX1276LoRaInit    sx1276-lora.o
    0x08002780   0x00000070   Code   RO         3748    i.SX1276LoRaReadRssi  sx1276-lora.o
    0x080027f0   0x0000001c   Code   RO         3749    i.SX1276LoRaReadRxGain  sx1276-lora.o
    0x0800280c   0x00000010   Code   RO         3751    i.SX1276LoRaSetDefaults  sx1276-lora.o
    0x0800281c   0x00000034   Code   RO         3910    i.SX1276LoRaSetErrorCoding  sx1276-loramisc.o
    0x08002850   0x00000030   Code   RO         3913    i.SX1276LoRaSetImplicitHeaderOn  sx1276-loramisc.o
    0x08002880   0x00000030   Code   RO         3914    i.SX1276LoRaSetLowDatarateOptimize  sx1276-loramisc.o
    0x080028b0   0x0000002c   Code   RO         3915    i.SX1276LoRaSetNbTrigPeaks  sx1276-loramisc.o
    0x080028dc   0x00000044   Code   RO         3752    i.SX1276LoRaSetOpMode  sx1276-lora.o
    0x08002920   0x0000002c   Code   RO         3916    i.SX1276LoRaSetPAOutput  sx1276-loramisc.o
    0x0800294c   0x00000040   Code   RO         3917    i.SX1276LoRaSetPa20dBm  sx1276-loramisc.o
    0x0800298c   0x00000034   Code   RO         3919    i.SX1276LoRaSetPacketCrcOn  sx1276-loramisc.o
    0x080029c0   0x00000024   Code   RO         3920    i.SX1276LoRaSetPayloadLength  sx1276-loramisc.o
    0x080029e4   0x0000002c   Code   RO         3921    i.SX1276LoRaSetPreambleLength  sx1276-loramisc.o
    0x08002a10   0x00000048   Code   RO         3922    i.SX1276LoRaSetRFFrequency  sx1276-loramisc.o
    0x08002a58   0x0000009c   Code   RO         3923    i.SX1276LoRaSetRFPower  sx1276-loramisc.o
    0x08002af4   0x0000000c   Code   RO         3753    i.SX1276LoRaSetRFState  sx1276-lora.o
    0x08002b00   0x00000030   Code   RO         3926    i.SX1276LoRaSetSignalBandwidth  sx1276-loramisc.o
    0x08002b30   0x00000054   Code   RO         3927    i.SX1276LoRaSetSpreadingFactor  sx1276-loramisc.o
    0x08002b84   0x00000038   Code   RO         3928    i.SX1276LoRaSetSymbTimeout  sx1276-loramisc.o
    0x08002bbc   0x00000028   Code   RO         3754    i.SX1276LoRaSetTxPacket  sx1276-lora.o
    0x08002be4   0x00000014   Code   RO         3611    i.SX1276Process     sx1276.o
    0x08002bf8   0x00000006   Code   RO         3455    i.SX1276Read        sx1276-hal.o
    0x08002bfe   0x00000002   PAD
    0x08002c00   0x0000003c   Code   RO         3456    i.SX1276ReadBuffer  sx1276-hal.o
    0x08002c3c   0x00000004   Code   RO         3457    i.SX1276ReadDio0    sx1276-hal.o
    0x08002c40   0x00000004   Code   RO         3458    i.SX1276ReadDio1    sx1276-hal.o
    0x08002c44   0x00000004   Code   RO         3459    i.SX1276ReadDio2    sx1276-hal.o
    0x08002c48   0x0000000c   Code   RO         3460    i.SX1276ReadDio3    sx1276-hal.o
    0x08002c54   0x0000000c   Code   RO         3461    i.SX1276ReadDio4    sx1276-hal.o
    0x08002c60   0x0000000a   Code   RO         3463    i.SX1276ReadFifo    sx1276-hal.o
    0x08002c6a   0x00000002   PAD
    0x08002c6c   0x00000014   Code   RO         3612    i.SX1276ReadRssi    sx1276.o
    0x08002c80   0x00000028   Code   RO         3614    i.SX1276Reset       sx1276.o
    0x08002ca8   0x00000080   Code   RO         3615    i.SX1276SetLoRaOn   sx1276.o
    0x08002d28   0x00000018   Code   RO         3464    i.SX1276SetReset    sx1276-hal.o
    0x08002d40   0x00000014   Code   RO         3618    i.SX1276SetTxPacket  sx1276.o
    0x08002d54   0x00000018   Code   RO         3619    i.SX1276StartRx     sx1276.o
    0x08002d6c   0x0000000c   Code   RO         3465    i.SX1276Write       sx1276-hal.o
    0x08002d78   0x00000038   Code   RO         3466    i.SX1276WriteBuffer  sx1276-hal.o
    0x08002db0   0x0000000a   Code   RO         3467    i.SX1276WriteFifo   sx1276-hal.o
    0x08002dba   0x00000002   Code   RO         3468    i.SX1276WriteRxTx   sx1276-hal.o
    0x08002dbc   0x00000014   Code   RO         4154    i.SX1278_Check      sx1278.o
    0x08002dd0   0x0000007c   Code   RO         4155    i.SX1278_Init       sx1278.o
    0x08002e4c   0x00000024   Code   RO         4158    i.SX1278_Read_Reg   sx1278.o
    0x08002e70   0x0000002c   Code   RO         4160    i.SX1278_SPI_Init   sx1278.o
    0x08002e9c   0x00000004   Code   RO         3469    i.SpiInOut          sx1276-hal.o
    0x08002ea0   0x00000064   Code   RO         2994    i.Stm32_Clock_Init  sys.o
    0x08002f04   0x00000004   Code   RO          332    i.SysTick_Handler   stm32f4xx_it.o
    0x08002f08   0x00000054   Code   RO          409    i.SystemInit        system_stm32f4xx.o
    0x08002f5c   0x0000000c   Code   RO         3273    i.TIM3_IRQHandler   timer.o
    0x08002f68   0x0000002c   Code   RO         3274    i.TIM3_Init         timer.o
    0x08002f94   0x00000018   Code   RO         3275    i.TIM4_Deinit       timer.o
    0x08002fac   0x0000000c   Code   RO         3276    i.TIM4_IRQHandler   timer.o
    0x08002fb8   0x00000034   Code   RO         3277    i.TIM4_Init         timer.o
    0x08002fec   0x000000c0   Code   RO         1855    i.TIM_Base_SetConfig  stm32f4xx_hal_tim.o
    0x080030ac   0x000000e0   Code   RO         3757    i.TxInit            sx1276-lora.o
    0x0800318c   0x00000074   Code   RO         3758    i.Txdonepro         sx1276-lora.o
    0x08003200   0x000000a6   Code   RO         1224    i.UART_Receive_IT   stm32f4xx_hal_uart.o
    0x080032a6   0x00000002   PAD
    0x080032a8   0x00000174   Code   RO         1225    i.UART_SetConfig    stm32f4xx_hal_uart.o
    0x0800341c   0x00000066   Code   RO         1226    i.UART_Transmit_IT  stm32f4xx_hal_uart.o
    0x08003482   0x00000092   Code   RO         1227    i.UART_WaitOnFlagUntilTimeout  stm32f4xx_hal_uart.o
    0x08003514   0x0000006c   Code   RO         3022    i.USART2_IRQHandler  usart.o
    0x08003580   0x00000002   Code   RO          333    i.UsageFault_Handler  stm32f4xx_it.o
    0x08003582   0x00000002   Code   RO         3023    i._sys_exit         usart.o
    0x08003584   0x00000014   Code   RO         2955    i.delay_init        delay.o
    0x08003598   0x0000001a   Code   RO         2956    i.delay_ms          delay.o
    0x080035b2   0x00000002   PAD
    0x080035b4   0x00000034   Code   RO         2957    i.delay_us          delay.o
    0x080035e8   0x00000018   Code   RO         3024    i.fputc             usart.o
    0x08003600   0x000001a0   Code   RO            8    i.main              main.o
    0x080037a0   0x000000d8   Code   RO         4671    i.round             m_wm.l(round.o)
    0x08003878   0x00000024   Code   RO         3025    i.uart_init         usart.o
    0x0800389c   0x00000150   Code   RO         4622    x$fpl$dadd          fz_wm.l(daddsub_clz.o)
    0x080039ec   0x00000018   Code   RO         4692    x$fpl$dcmpinf       fz_wm.l(dcmpi.o)
    0x08003a04   0x000002b0   Code   RO         4629    x$fpl$ddiv          fz_wm.l(ddiv.o)
    0x08003cb4   0x0000005e   Code   RO         4632    x$fpl$dfix          fz_wm.l(dfix.o)
    0x08003d12   0x00000002   PAD
    0x08003d14   0x0000005a   Code   RO         4636    x$fpl$dfixu         fz_wm.l(dfixu.o)
    0x08003d6e   0x0000002e   Code   RO         4641    x$fpl$dflt          fz_wm.l(dflt_clz.o)
    0x08003d9c   0x00000026   Code   RO         4640    x$fpl$dfltu         fz_wm.l(dflt_clz.o)
    0x08003dc2   0x00000002   PAD
    0x08003dc4   0x00000078   Code   RO         4646    x$fpl$dleqf         fz_wm.l(dleqf.o)
    0x08003e3c   0x00000154   Code   RO         4648    x$fpl$dmul          fz_wm.l(dmul.o)
    0x08003f90   0x0000009c   Code   RO         4694    x$fpl$dnaninf       fz_wm.l(dnaninf.o)
    0x0800402c   0x0000000c   Code   RO         4696    x$fpl$dretinf       fz_wm.l(dretinf.o)
    0x08004038   0x0000006c   Code   RO         4698    x$fpl$drleqf        fz_wm.l(drleqf.o)
    0x080040a4   0x000000b4   Code   RO         4700    x$fpl$drnd          fz_wm.l(drnd.o)
    0x08004158   0x000001d4   Code   RO         4624    x$fpl$dsub          fz_wm.l(daddsub_clz.o)
    0x0800432c   0x0000000a   Code   RO         4841    x$fpl$fpinit        fz_wm.l(fpinit.o)
    0x08004336   0x00000000   Code   RO         4704    x$fpl$usenofp       fz_wm.l(usenofp.o)
    0x08004336   0x00000028   Data   RO           10    .constdata          main.o
    0x0800435e   0x00000010   Data   RO         1063    .constdata          stm32f4xx_hal_rcc.o
    0x0800436e   0x00000002   PAD
    0x08004370   0x000001bc   Data   RO         3760    .constdata          sx1276-lora.o
    0x0800452c   0x00000020   Data   RO         4904    Region$$Table       anon$$obj.o


    Execution Region RW_IRAM1 (Base: 0x20000000, Size: 0x00000d58, Max: 0x00020000, ABSOLUTE)

    Base Addr    Size         Type   Attr      Idx    E Section Name        Object

    0x20000000   0x00000008   Data   RW           12    .data               main.o
    0x20000008   0x00000004   Data   RW          411    .data               system_stm32f4xx.o
    0x2000000c   0x00000004   Data   RW          561    .data               stm32f4xx_hal.o
    0x20000010   0x00000004   Data   RW         2958    .data               delay.o
    0x20000014   0x00000002   Data   RW         3027    .data               usart.o
    0x20000016   0x00000002   PAD
    0x20000018   0x00000004   Data   RW         3028    .data               usart.o
    0x2000001c   0x00000004   Data   RW         3407    .data               sx12xxeiger.o
    0x20000020   0x00000002   Data   RW         3621    .data               sx1276.o
    0x20000022   0x00000006   PAD
    0x20000028   0x0000003c   Data   RW         3761    .data               sx1276-lora.o
    0x20000064   0x00000004   PAD
    0x20000068   0x00000054   Data   RW         4262    .data               sx1276-fsk.o
    0x200000bc   0x00000108   Zero   RW         3026    .bss                usart.o
    0x200001c4   0x000000b0   Zero   RW         3213    .bss                spi.o
    0x20000274   0x00000078   Zero   RW         3278    .bss                timer.o
    0x200002ec   0x00000018   Zero   RW         3572    .bss                radio.o
    0x20000304   0x00000070   Zero   RW         3620    .bss                sx1276.o
    0x20000374   0x00000180   Zero   RW         3759    .bss                sx1276-lora.o
    0x200004f4   0x00000100   Zero   RW         4261    .bss                sx1276-fsk.o
    0x200005f4   0x00000060   Zero   RW         4767    .bss                c_w.l(libspace.o)
    0x20000654   0x00000004   PAD
    0x20000658   0x00000300   Zero   RW          531    HEAP                startup_stm32f407xx.o
    0x20000958   0x00000400   Zero   RW          530    STACK               startup_stm32f407xx.o


==============================================================================

Image component sizes


      Code (inc. data)   RO Data    RW Data    ZI Data      Debug   Object Name

        98          8          0          4          0       1799   delay.o
       128         18          0          0          0        975   key.o
       100          8          0          0          0        879   led.o
       700        166         40          8          0     692844   main.o
        56         28          0          0         24       1116   radio.o
       186         22          0          0        176       2366   spi.o
        64         26        392          0       1792        828   startup_stm32f407xx.o
       122         16          0          4          0       4088   stm32f4xx_hal.o
       240         14          0          0          0      31135   stm32f4xx_hal_cortex.o
       504         54          0          0          0       3526   stm32f4xx_hal_gpio.o
      1568         68         16          0          0       5967   stm32f4xx_hal_rcc.o
       972          0          0          0          0       3205   stm32f4xx_hal_spi.o
       736         44          0          0          0       8113   stm32f4xx_hal_tim.o
         4          0          0          0          0       1606   stm32f4xx_hal_tim_ex.o
      1332          8          0          0          0       7754   stm32f4xx_hal_uart.o
        26          0          0          0          0       4413   stm32f4xx_it.o
      1252        116          0         84        256      34857   sx1276-fsk.o
       222         24          0          0          0       8995   sx1276-hal.o
      1804        208        444         60        384      24059   sx1276-lora.o
       848        110          0          0          0       8509   sx1276-loramisc.o
       396         94          0          2        112       5167   sx1276.o
       224         32          0          0          0       2877   sx1278.o
        56         10          0          4          0      27929   sx12xxeiger.o
       100          4          0          0          0       1003   sys.o
        84         18          0          4          0       1029   system_stm32f4xx.o
       348         86          0          0        120       4388   timer.o
       314         34          0          6        264       4731   usart.o

    ----------------------------------------------------------------------
     12504       1216        926        188       3128     894158   Object Totals
         0          0         32          0          0          0   (incl. Generated)
        20          0          2         12          0          0   (incl. Padding)

    ----------------------------------------------------------------------

      Code (inc. data)   RO Data    RW Data    ZI Data      Debug   Library Member Name

         8          0          0          0          0         68   __main.o
       104          0          0          0          0         84   __printf.o
         0          0          0          0          0          0   __rtentry.o
        12          0          0          0          0          0   __rtentry2.o
         6          0          0          0          0          0   __rtentry4.o
        52          8          0          0          0          0   __scatter.o
        26          0          0          0          0          0   __scatter_copy.o
        28          0          0          0          0          0   __scatter_zi.o
        44          0          0          0          0        108   _printf_char.o
        48          6          0          0          0         96   _printf_char_common.o
        36          4          0          0          0         80   _printf_char_file.o
         6          0          0          0          0          0   _printf_d.o
       120         16          0          0          0         92   _printf_dec.o
       178          0          0          0          0         88   _printf_intcommon.o
         0          0          0          0          0          0   _printf_percent.o
         4          0          0          0          0          0   _printf_percent_end.o
         6          0          0          0          0          0   _printf_s.o
        82          0          0          0          0         80   _printf_str.o
        12          0          0          0          0         72   exit.o
         8          0          0          0          0         68   ferror.o
         6          0          0          0          0        152   heapauxi.o
         2          0          0          0          0          0   libinit.o
         6          0          0          0          0          0   libinit2.o
         2          0          0          0          0          0   libshutdown.o
         2          0          0          0          0          0   libshutdown2.o
         8          4          0          0         96         68   libspace.o
        24          4          0          0          0         84   noretval__2printf.o
        68          0          0          0          0         68   rt_memclr.o
        78          0          0          0          0         80   rt_memclr_w.o
       138          0          0          0          0         68   rt_memcpy_v6.o
       100          0          0          0          0         80   rt_memcpy_w.o
         2          0          0          0          0          0   rtexit.o
        10          0          0          0          0          0   rtexit2.o
        62          0          0          0          0         76   strlen.o
        74          0          0          0          0         80   sys_stackheap_outer.o
         2          0          0          0          0         68   use_no_semi.o
         2          0          0          0          0         68   use_no_semi_2.o
       804         16          0          0          0        368   daddsub_clz.o
        24          0          0          0          0        116   dcmpi.o
       688        140          0          0          0        256   ddiv.o
        94          4          0          0          0        140   dfix.o
        90          4          0          0          0        140   dfixu.o
        84          0          0          0          0        232   dflt_clz.o
       120          4          0          0          0        140   dleqf.o
       340         12          0          0          0        152   dmul.o
       156          4          0          0          0        140   dnaninf.o
        12          0          0          0          0        116   dretinf.o
       108          0          0          0          0        128   drleqf.o
       180          4          0          0          0        128   drnd.o
        10          0          0          0          0        116   fpinit.o
         0          0          0          0          0          0   usenofp.o
       216         24          0          0          0        164   round.o

    ----------------------------------------------------------------------
      4310        254          0          0        100       4064   Library Totals
        18          0          0          0          4          0   (incl. Padding)

    ----------------------------------------------------------------------

      Code (inc. data)   RO Data    RW Data    ZI Data      Debug   Library Name

      1366         42          0          0         96       1728   c_w.l
      2710        188          0          0          0       2172   fz_wm.l
       216         24          0          0          0        164   m_wm.l

    ----------------------------------------------------------------------
      4310        254          0          0        100       4064   Library Totals

    ----------------------------------------------------------------------

==============================================================================


      Code (inc. data)   RO Data    RW Data    ZI Data      Debug   

     16814       1470        926        188       3228     881638   Grand Totals
     16814       1470        926        188       3228     881638   ELF Image Totals
     16814       1470        926        188          0          0   ROM Totals

==============================================================================

    Total RO  Size (Code + RO Data)                17740 (  17.32kB)
    Total RW  Size (RW Data + ZI Data)              3416 (   3.34kB)
    Total ROM Size (Code + RO Data + RW Data)      17928 (  17.51kB)

==============================================================================

