<html>
<body>
<pre>
<h1>礦ision Build Log</h1>
<h2>Tool Versions:</h2>
IDE-Version: μVision V5.14.0.0
Copyright (C) 2015 ARM Ltd and ARM Germany GmbH. All rights reserved.
License Information: 超过 echo, CVBS, LIC=UJWDY-IM9P0-4SAY4-F7972-EBBKC-67EJU
 
Tool Versions:
Toolchain:       MDK-ARM Standard  Version: 5.14.0.0
Toolchain Path:  C:\Keil_v5\ARM\ARMCC\Bin
C Compiler:      Armcc.exe V5.05 update 1 (build 106)
Assembler:       Armasm.exe V5.05 update 1 (build 106)
Linker/Locator:  ArmLink.exe V5.05 update 1 (build 106)
Library Manager: ArmAr.exe V5.05 update 1 (build 106)
Hex Converter:   FromElf.exe V5.05 update 1 (build 106)
CPU DLL:         SARMCM3.DLL V5.14.0.0
Dialog DLL:      DCM.DLL V1.13.1.0
Target DLL:      STLink\ST-LINKIII-KEIL_SWO.dll V2.0.14.0_KEIL
Dialog DLL:      TCM.DLL V1.14.4.0
 
<h2>Project:</h2>
D:\stm32\software\NRF24L01lora\stm32-lora\USER\NRF24L01.uvprojx
Project File Date:  02/26/2020

<h2>Output:</h2>
Build target 'NRF24L01'
compiling sx1276-LoRa.c...
..\HARDWARE\SX1278\radio\sx1276-LoRa.c(964): warning:  #167-D: argument of type "uint8_t *" is incompatible with parameter of type "const char *"
                                                                if( strlen(Buffer1) != 0 )
..\HARDWARE\SX1278\radio\sx1276-LoRa.c(969): warning:  #167-D: argument of type "uint8_t *" is incompatible with parameter of type "const char *"
                                                                        Buffer1[strlen(Buffer1)]=0;//加入字符串结束符
..\HARDWARE\SX1278\radio\sx1276-LoRa.c(996): warning:  #940-D: missing return statement at end of non-void function "Rxdoneprocess"
  }
..\HARDWARE\SX1278\radio\sx1276-LoRa.c(830): warning:  #550-D: variable "myrssi" was set but never used
                double myrssi;
..\HARDWARE\SX1278\radio\sx1276-LoRa.c(831): warning:  #177-D: variable "errorFre" was declared but never referenced
                        long errorFre;
..\HARDWARE\SX1278\radio\sx1276-LoRa.c(832): warning:  #550-D: variable "result" was set but never used
      uint32_t result = RF_BUSY;
..\HARDWARE\SX1278\radio\sx1276-LoRa.c(1000): warning:  #177-D: variable "errorFre" was declared but never referenced
                                long errorFre;
..\HARDWARE\SX1278\radio\sx1276-LoRa.c(1001): warning:  #177-D: variable "result" was declared but never referenced
                                uint32_t result = RF_BUSY;
..\HARDWARE\SX1278\radio\sx1276-LoRa.c(1064): warning:  #177-D: variable "errorFre" was declared but never referenced
                                long errorFre;
..\HARDWARE\SX1278\radio\sx1276-LoRa.c(1065): warning:  #550-D: variable "result" was set but never used
                                uint32_t result = RF_BUSY;
..\HARDWARE\SX1278\radio\sx1276-LoRa.c(1091): warning:  #177-D: variable "errorFre" was declared but never referenced
                                long errorFre;
..\HARDWARE\SX1278\radio\sx1276-LoRa.c(1092): warning:  #177-D: variable "result" was declared but never referenced
                                uint32_t result = RF_BUSY;
..\HARDWARE\SX1278\radio\sx1276-LoRa.c(1093): warning:  #177-D: variable "regValue" was declared but never referenced
                                uint8_t regValue=0;
..\HARDWARE\SX1278\radio\sx1276-LoRa.c: 13 warnings, 0 errors
linking...
Program Size: Code=22014 RO-data=1326 RW-data=188 ZI-data=3164  
FromELF: creating hex file...
"..\OBJ\NRF24L01.axf" - 0 Error(s), 13 Warning(s).

<h2>Collection of Component include folders:</h2>
  D:\stm32\software\NRF24L01lora\stm32-lora\USER\RTE
  C:\Keil_v5\ARM\PACK\Keil\STM32F4xx_DFP\1.0.8\Device\Include

<h2>Collection of Component Files used:</h2>
</pre>
</body>
</html>
